Archive member included to satisfy reference by file (symbol)

C:/ST/STM32CubeIDE_1.12.1/STM32CubeIDE/plugins/com.st.stm32cube.ide.mcu.externaltools.gnu-tools-for-stm32.11.3.rel1.win32_1.1.1.202309131626/tools/bin/../lib/gcc/arm-none-eabi/11.3.1/../../../../arm-none-eabi/lib/thumb/v7e-m+fp/hard\libm.a(libm_a-s_cos.o)
                              ./Core/Src/math_utils.o (cos)
C:/ST/STM32CubeIDE_1.12.1/STM32CubeIDE/plugins/com.st.stm32cube.ide.mcu.externaltools.gnu-tools-for-stm32.11.3.rel1.win32_1.1.1.202309131626/tools/bin/../lib/gcc/arm-none-eabi/11.3.1/../../../../arm-none-eabi/lib/thumb/v7e-m+fp/hard\libm.a(libm_a-s_sin.o)
                              ./Core/Src/math_utils.o (sin)
C:/ST/STM32CubeIDE_1.12.1/STM32CubeIDE/plugins/com.st.stm32cube.ide.mcu.externaltools.gnu-tools-for-stm32.11.3.rel1.win32_1.1.1.202309131626/tools/bin/../lib/gcc/arm-none-eabi/11.3.1/../../../../arm-none-eabi/lib/thumb/v7e-m+fp/hard\libm.a(libm_a-k_cos.o)
                              C:/ST/STM32CubeIDE_1.12.1/STM32CubeIDE/plugins/com.st.stm32cube.ide.mcu.externaltools.gnu-tools-for-stm32.11.3.rel1.win32_1.1.1.202309131626/tools/bin/../lib/gcc/arm-none-eabi/11.3.1/../../../../arm-none-eabi/lib/thumb/v7e-m+fp/hard\libm.a(libm_a-s_cos.o) (__kernel_cos)
C:/ST/STM32CubeIDE_1.12.1/STM32CubeIDE/plugins/com.st.stm32cube.ide.mcu.externaltools.gnu-tools-for-stm32.11.3.rel1.win32_1.1.1.202309131626/tools/bin/../lib/gcc/arm-none-eabi/11.3.1/../../../../arm-none-eabi/lib/thumb/v7e-m+fp/hard\libm.a(libm_a-k_sin.o)
                              C:/ST/STM32CubeIDE_1.12.1/STM32CubeIDE/plugins/com.st.stm32cube.ide.mcu.externaltools.gnu-tools-for-stm32.11.3.rel1.win32_1.1.1.202309131626/tools/bin/../lib/gcc/arm-none-eabi/11.3.1/../../../../arm-none-eabi/lib/thumb/v7e-m+fp/hard\libm.a(libm_a-s_cos.o) (__kernel_sin)
C:/ST/STM32CubeIDE_1.12.1/STM32CubeIDE/plugins/com.st.stm32cube.ide.mcu.externaltools.gnu-tools-for-stm32.11.3.rel1.win32_1.1.1.202309131626/tools/bin/../lib/gcc/arm-none-eabi/11.3.1/../../../../arm-none-eabi/lib/thumb/v7e-m+fp/hard\libm.a(libm_a-e_rem_pio2.o)
                              C:/ST/STM32CubeIDE_1.12.1/STM32CubeIDE/plugins/com.st.stm32cube.ide.mcu.externaltools.gnu-tools-for-stm32.11.3.rel1.win32_1.1.1.202309131626/tools/bin/../lib/gcc/arm-none-eabi/11.3.1/../../../../arm-none-eabi/lib/thumb/v7e-m+fp/hard\libm.a(libm_a-s_cos.o) (__ieee754_rem_pio2)
C:/ST/STM32CubeIDE_1.12.1/STM32CubeIDE/plugins/com.st.stm32cube.ide.mcu.externaltools.gnu-tools-for-stm32.11.3.rel1.win32_1.1.1.202309131626/tools/bin/../lib/gcc/arm-none-eabi/11.3.1/../../../../arm-none-eabi/lib/thumb/v7e-m+fp/hard\libm.a(libm_a-s_fabs.o)
                              C:/ST/STM32CubeIDE_1.12.1/STM32CubeIDE/plugins/com.st.stm32cube.ide.mcu.externaltools.gnu-tools-for-stm32.11.3.rel1.win32_1.1.1.202309131626/tools/bin/../lib/gcc/arm-none-eabi/11.3.1/../../../../arm-none-eabi/lib/thumb/v7e-m+fp/hard\libm.a(libm_a-e_rem_pio2.o) (fabs)
C:/ST/STM32CubeIDE_1.12.1/STM32CubeIDE/plugins/com.st.stm32cube.ide.mcu.externaltools.gnu-tools-for-stm32.11.3.rel1.win32_1.1.1.202309131626/tools/bin/../lib/gcc/arm-none-eabi/11.3.1/../../../../arm-none-eabi/lib/thumb/v7e-m+fp/hard\libm.a(libm_a-k_rem_pio2.o)
                              C:/ST/STM32CubeIDE_1.12.1/STM32CubeIDE/plugins/com.st.stm32cube.ide.mcu.externaltools.gnu-tools-for-stm32.11.3.rel1.win32_1.1.1.202309131626/tools/bin/../lib/gcc/arm-none-eabi/11.3.1/../../../../arm-none-eabi/lib/thumb/v7e-m+fp/hard\libm.a(libm_a-e_rem_pio2.o) (__kernel_rem_pio2)
C:/ST/STM32CubeIDE_1.12.1/STM32CubeIDE/plugins/com.st.stm32cube.ide.mcu.externaltools.gnu-tools-for-stm32.11.3.rel1.win32_1.1.1.202309131626/tools/bin/../lib/gcc/arm-none-eabi/11.3.1/../../../../arm-none-eabi/lib/thumb/v7e-m+fp/hard\libm.a(libm_a-s_scalbn.o)
                              C:/ST/STM32CubeIDE_1.12.1/STM32CubeIDE/plugins/com.st.stm32cube.ide.mcu.externaltools.gnu-tools-for-stm32.11.3.rel1.win32_1.1.1.202309131626/tools/bin/../lib/gcc/arm-none-eabi/11.3.1/../../../../arm-none-eabi/lib/thumb/v7e-m+fp/hard\libm.a(libm_a-k_rem_pio2.o) (scalbn)
C:/ST/STM32CubeIDE_1.12.1/STM32CubeIDE/plugins/com.st.stm32cube.ide.mcu.externaltools.gnu-tools-for-stm32.11.3.rel1.win32_1.1.1.202309131626/tools/bin/../lib/gcc/arm-none-eabi/11.3.1/../../../../arm-none-eabi/lib/thumb/v7e-m+fp/hard\libm.a(libm_a-s_floor.o)
                              C:/ST/STM32CubeIDE_1.12.1/STM32CubeIDE/plugins/com.st.stm32cube.ide.mcu.externaltools.gnu-tools-for-stm32.11.3.rel1.win32_1.1.1.202309131626/tools/bin/../lib/gcc/arm-none-eabi/11.3.1/../../../../arm-none-eabi/lib/thumb/v7e-m+fp/hard\libm.a(libm_a-k_rem_pio2.o) (floor)
C:/ST/STM32CubeIDE_1.12.1/STM32CubeIDE/plugins/com.st.stm32cube.ide.mcu.externaltools.gnu-tools-for-stm32.11.3.rel1.win32_1.1.1.202309131626/tools/bin/../lib/gcc/arm-none-eabi/11.3.1/../../../../arm-none-eabi/lib/thumb/v7e-m+fp/hard\libc_nano.a(libc_a-exit.o)
[...]
Memory Configuration

Name             Origin             Length             Attributes
RAM              0x0000000020000000 0x0000000000020000 xrw
FLASH            0x0000000008000000 0x0000000000080000 xr
*default*        0x0000000000000000 0xffffffffffffffff

Linker script and memory map

LOAD C:/ST/STM32CubeIDE_1.12.1/STM32CubeIDE/plugins/com.st.stm32cube.ide.mcu.externaltools.gnu-tools-for-stm32.11.3.rel1.win32_1.1.1.202309131626/tools/bin/../lib/gcc/arm-none-eabi/11.3.1/thumb/v7e-m+fp/hard/crti.o
LOAD C:/ST/STM32CubeIDE_1.12.1/STM32CubeIDE/plugins/com.st.stm32cube.ide.mcu.externaltools.gnu-tools-for-stm32.11.3.rel1.win32_1.1.1.202309131626/tools/bin/../lib/gcc/arm-none-eabi/11.3.1/thumb/v7e-m+fp/hard/crtbegin.o
LOAD C:/ST/STM32CubeIDE_1.12.1/STM32CubeIDE/plugins/com.st.stm32cube.ide.mcu.externaltools.gnu-tools-for-stm32.11.3.rel1.win32_1.1.1.202309131626/tools/bin/../lib/gcc/arm-none-eabi/11.3.1/../../../../arm-none-eabi/lib/thumb/v7e-m+fp/hard/crt0.o
LOAD ./Core/Src/curr_sens.o
LOAD ./Core/Src/driver.o
LOAD ./Core/Src/filter.o
LOAD ./Core/Src/hall_encoder.o
LOAD ./Core/Src/main.o
LOAD ./Core/Src/main_bridge.o
LOAD ./Core/Src/math_utils.o
LOAD ./Core/Src/stm32g4xx_hal_msp.o
LOAD ./Core/Src/stm32g4xx_it.o
LOAD ./Core/Src/syscalls.o
LOAD ./Core/Src/sysmem.o
LOAD ./Core/Src/system_stm32g4xx.o
LOAD ./Core/Startup/startup_stm32g473vetx.o
LOAD ./Drivers/STM32G4xx_HAL_Driver/Src/stm32g4xx_hal.o
LOAD ./Drivers/STM32G4xx_HAL_Driver/Src/stm32g4xx_hal_adc.o
LOAD ./Drivers/STM32G4xx_HAL_Driver/Src/stm32g4xx_hal_adc_ex.o
LOAD ./Drivers/STM32G4xx_HAL_Driver/Src/stm32g4xx_hal_cortex.o
LOAD ./Drivers/STM32G4xx_HAL_Driver/Src/stm32g4xx_hal_dma.o
LOAD ./Drivers/STM32G4xx_HAL_Driver/Src/stm32g4xx_hal_dma_ex.o
LOAD ./Drivers/STM32G4xx_HAL_Driver/Src/stm32g4xx_hal_exti.o
LOAD ./Drivers/STM32G4xx_HAL_Driver/Src/stm32g4xx_hal_fdcan.o
LOAD ./Drivers/STM32G4xx_HAL_Driver/Src/stm32g4xx_hal_flash.o
LOAD ./Drivers/STM32G4xx_HAL_Driver/Src/stm32g4xx_hal_flash_ex.o
LOAD ./Drivers/STM32G4xx_HAL_Driver/Src/stm32g4xx_hal_flash_ramfunc.o
LOAD ./Drivers/STM32G4xx_HAL_Driver/Src/stm32g4xx_hal_gpio.o
LOAD ./Drivers/STM32G4xx_HAL_Driver/Src/stm32g4xx_hal_pwr.o
LOAD ./Drivers/STM32G4xx_HAL_Driver/Src/stm32g4xx_hal_pwr_ex.o
LOAD ./Drivers/STM32G4xx_HAL_Driver/Src/stm32g4xx_hal_rcc.o
LOAD ./Drivers/STM32G4xx_HAL_Driver/Src/stm32g4xx_hal_rcc_ex.o
LOAD ./Drivers/STM32G4xx_HAL_Driver/Src/stm32g4xx_hal_spi.o
LOAD ./Drivers/STM32G4xx_HAL_Driver/Src/stm32g4xx_hal_spi_ex.o
LOAD ./Drivers/STM32G4xx_HAL_Driver/Src/stm32g4xx_hal_tim.o
LOAD ./Drivers/STM32G4xx_HAL_Driver/Src/stm32g4xx_hal_tim_ex.o
LOAD ./Drivers/STM32G4xx_HAL_Driver/Src/stm32g4xx_ll_adc.o
START GROUP
LOAD C:/ST/STM32CubeIDE_1.12.1/STM32CubeIDE/plugins/com.st.stm32cube.ide.mcu.externaltools.gnu-tools-for-stm32.11.3.rel1.win32_1.1.1.202309131626/tools/bin/../lib/gcc/arm-none-eabi/11.3.1/../../../../arm-none-eabi/lib/thumb/v7e-m+fp/hard\libstdc++_nano.a
LOAD C:/ST/STM32CubeIDE_1.12.1/STM32CubeIDE/plugins/com.st.stm32cube.ide.mcu.externaltools.gnu-tools-for-stm32.11.3.rel1.win32_1.1.1.202309131626/tools/bin/../lib/gcc/arm-none-eabi/11.3.1/../../../../arm-none-eabi/lib/thumb/v7e-m+fp/hard\libsupc++_nano.a
END GROUP
LOAD C:/ST/STM32CubeIDE_1.12.1/STM32CubeIDE/plugins/com.st.stm32cube.ide.mcu.externaltools.gnu-tools-for-stm32.11.3.rel1.win32_1.1.1.202309131626/tools/bin/../lib/gcc/arm-none-eabi/11.3.1/../../../../arm-none-eabi/lib/thumb/v7e-m+fp/hard\libstdc++_nano.a
LOAD C:/ST/STM32CubeIDE_1.12.1/STM32CubeIDE/plugins/com.st.stm32cube.ide.mcu.externaltools.gnu-tools-for-stm32.11.3.rel1.win32_1.1.1.202309131626/tools/bin/../lib/gcc/arm-none-eabi/11.3.1/../../../../arm-none-eabi/lib/thumb/v7e-m+fp/hard\libm.a
LOAD C:/ST/STM32CubeIDE_1.12.1/STM32CubeIDE/plugins/com.st.stm32cube.ide.mcu.externaltools.gnu-tools-for-stm32.11.3.rel1.win32_1.1.1.202309131626/tools/bin/../lib/gcc/arm-none-eabi/11.3.1/../../../../arm-none-eabi/lib/thumb/v7e-m+fp/hard\libc_nano.a
START GROUP
LOAD C:/ST/STM32CubeIDE_1.12.1/STM32CubeIDE/plugins/com.st.stm32cube.ide.mcu.externaltools.gnu-tools-for-stm32.11.3.rel1.win32_1.1.1.202309131626/tools/bin/../lib/gcc/arm-none-eabi/11.3.1/thumb/v7e-m+fp/hard\libgcc.a
LOAD C:/ST/STM32CubeIDE_1.12.1/STM32CubeIDE/plugins/com.st.stm32cube.ide.mcu.externaltools.gnu-tools-for-stm32.11.3.rel1.win32_1.1.1.202309131626/tools/bin/../lib/gcc/arm-none-eabi/11.3.1/../../../../arm-none-eabi/lib/thumb/v7e-m+fp/hard\libc_nano.a
END GROUP
START GROUP
LOAD C:/ST/STM32CubeIDE_1.12.1/STM32CubeIDE/plugins/com.st.stm32cube.ide.mcu.externaltools.gnu-tools-for-stm32.11.3.rel1.win32_1.1.1.202309131626/tools/bin/../lib/gcc/arm-none-eabi/11.3.1/thumb/v7e-m+fp/hard\libgcc.a
LOAD C:/ST/STM32CubeIDE_1.12.1/STM32CubeIDE/plugins/com.st.stm32cube.ide.mcu.externaltools.gnu-tools-for-stm32.11.3.rel1.win32_1.1.1.202309131626/tools/bin/../lib/gcc/arm-none-eabi/11.3.1/../../../../arm-none-eabi/lib/thumb/v7e-m+fp/hard\libc_nano.a
LOAD C:/ST/STM32CubeIDE_1.12.1/STM32CubeIDE/plugins/com.st.stm32cube.ide.mcu.externaltools.gnu-tools-for-stm32.11.3.rel1.win32_1.1.1.202309131626/tools/bin/../lib/gcc/arm-none-eabi/11.3.1/../../../../arm-none-eabi/lib/thumb/v7e-m+fp/hard\libnosys.a
END GROUP
START GROUP
LOAD C:/ST/STM32CubeIDE_1.12.1/STM32CubeIDE/plugins/com.st.stm32cube.ide.mcu.externaltools.gnu-tools-for-stm32.11.3.rel1.win32_1.1.1.202309131626/tools/bin/../lib/gcc/arm-none-eabi/11.3.1/thumb/v7e-m+fp/hard\libgcc.a
LOAD C:/ST/STM32CubeIDE_1.12.1/STM32CubeIDE/plugins/com.st.stm32cube.ide.mcu.externaltools.gnu-tools-for-stm32.11.3.rel1.win32_1.1.1.202309131626/tools/bin/../lib/gcc/arm-none-eabi/11.3.1/../../../../arm-none-eabi/lib/thumb/v7e-m+fp/hard\libc_nano.a
LOAD C:/ST/STM32CubeIDE_1.12.1/STM32CubeIDE/plugins/com.st.stm32cube.ide.mcu.externaltools.gnu-tools-for-stm32.11.3.rel1.win32_1.1.1.202309131626/tools/bin/../lib/gcc/arm-none-eabi/11.3.1/../../../../arm-none-eabi/lib/thumb/v7e-m+fp/hard\libnosys.a
END GROUP
LOAD C:/ST/STM32CubeIDE_1.12.1/STM32CubeIDE/plugins/com.st.stm32cube.ide.mcu.externaltools.gnu-tools-for-stm32.11.3.rel1.win32_1.1.1.202309131626/tools/bin/../lib/gcc/arm-none-eabi/11.3.1/thumb/v7e-m+fp/hard/crtend.o
LOAD C:/ST/STM32CubeIDE_1.12.1/STM32CubeIDE/plugins/com.st.stm32cube.ide.mcu.externaltools.gnu-tools-for-stm32.11.3.rel1.win32_1.1.1.202309131626/tools/bin/../lib/gcc/arm-none-eabi/11.3.1/thumb/v7e-m+fp/hard/crtn.o
                0x0000000020020000                _estack = (ORIGIN (RAM) + LENGTH (RAM))
                0x0000000000000200                _Min_Heap_Size = 0x200
                0x0000000000000400                _Min_Stack_Size = 0x400

.isr_vector     0x0000000008000000      0x1d8
                0x0000000008000000                . = ALIGN (0x4)
 *(.isr_vector)
 .isr_vector    0x0000000008000000      0x1d8 ./Core/Startup/startup_stm32g473vetx.o
                0x0000000008000000                g_pfnVectors
                0x00000000080001d8                . = ALIGN (0x4)

.text           0x00000000080001d8     0x7390
                0x00000000080001d8                . = ALIGN (0x4)
 *(.text)
 .text          0x00000000080001d8       0x40 C:/ST/STM32CubeIDE_1.12.1/STM32CubeIDE/plugins/com.st.stm32cube.ide.mcu.externaltools.gnu-tools-for-stm32.11.3.rel1.win32_1.1.1.202309131626/tools/bin/../lib/gcc/arm-none-eabi/11.3.1/thumb/v7e-m+fp/hard/crtbegin.o
 .text          0x0000000008000218      0x378 C:/ST/STM32CubeIDE_1.12.1/STM32CubeIDE/plugins/com.st.stm32cube.ide.mcu.externaltools.gnu-tools-for-stm32.11.3.rel1.win32_1.1.1.202309131626/tools/bin/../lib/gcc/arm-none-eabi/11.3.1/thumb/v7e-m+fp/hard\libgcc.a(_arm_addsubdf3.o)
                0x0000000008000218                __aeabi_drsub
                0x0000000008000220                __aeabi_dsub
                0x0000000008000220                __subdf3
                0x0000000008000224                __aeabi_dadd
                0x0000000008000224                __adddf3
                0x000000000800049c                __floatunsidf
                0x000000000800049c                __aeabi_ui2d
                0x00000000080004bc                __floatsidf
                0x00000000080004bc                __aeabi_i2d
                0x00000000080004e0                __aeabi_f2d
                0x00000000080004e0                __extendsfdf2
                0x0000000008000524                __floatundidf
                0x0000000008000524                __aeabi_ul2d
                0x0000000008000534                __floatdidf
                0x0000000008000534                __aeabi_l2d
 .text          0x0000000008000590      0x424 C:/ST/STM32CubeIDE_1.12.1/STM32CubeIDE/plugins/com.st.stm32cube.ide.mcu.externaltools.gnu-tools-for-stm32.11.3.rel1.win32_1.1.1.202309131626/tools/bin/../lib/gcc/arm-none-eabi/11.3.1/thumb/v7e-m+fp/hard\libgcc.a(_arm_muldivdf3.o)
                0x0000000008000590                __aeabi_dmul
                0x0000000008000590                __muldf3
                0x00000000080007e4                __divdf3
                0x00000000080007e4                __aeabi_ddiv
 .text          0x00000000080009b4      0x110 C:/ST/STM32CubeIDE_1.12.1/STM32CubeIDE/plugins/com.st.stm32cube.ide.mcu.externaltools.gnu-tools-for-stm32.11.3.rel1.win32_1.1.1.202309131626/tools/bin/../lib/gcc/arm-none-eabi/11.3.1/thumb/v7e-m+fp/hard\libgcc.a(_arm_cmpdf2.o)
                0x00000000080009b4                __gtdf2
                0x00000000080009b4                __gedf2
                0x00000000080009bc                __ltdf2
                0x00000000080009bc                __ledf2
                0x00000000080009c4                __nedf2
                0x00000000080009c4                __eqdf2
                0x00000000080009c4                __cmpdf2
                0x0000000008000a40                __aeabi_cdrcmple
                0x0000000008000a50                __aeabi_cdcmpeq
                0x0000000008000a50                __aeabi_cdcmple
                0x0000000008000a60                __aeabi_dcmpeq
                0x0000000008000a74                __aeabi_dcmplt
                0x0000000008000a88                __aeabi_dcmple
                0x0000000008000a9c                __aeabi_dcmpge
                0x0000000008000ab0                __aeabi_dcmpgt
 .text          0x0000000008000ac4       0x50 C:/ST/STM32CubeIDE_1.12.1/STM32CubeIDE/plugins/com.st.stm32cube.ide.mcu.externaltools.gnu-tools-for-stm32.11.3.rel1.win32_1.1.1.202309131626/tools/bin/../lib/gcc/arm-none-eabi/11.3.1/thumb/v7e-m+fp/hard\libgcc.a(_arm_fixdfsi.o)
                0x0000000008000ac4                __aeabi_d2iz
                0x0000000008000ac4                __fixdfsi
 *(.text*)
 .text._ZN14CurrSensDriver15get_current_AmpERNS_13PhaseCurrentsE
                0x0000000008000b14       0x14 ./Core/Src/curr_sens.o
                0x0000000008000b14                CurrSensDriver::get_current_Amp(CurrSensDriver::PhaseCurrents&)
 .text.HAL_TIM_PeriodElapsedCallback
                0x0000000008000b28       0x9a ./Core/Src/driver.o
                0x0000000008000b28                HAL_TIM_PeriodElapsedCallback
 .text._ZN17HallEncoderDriver10get_thetadEv
                0x0000000008000bc2       0x20 ./Core/Src/hall_encoder.o
                0x0000000008000bc2                HallEncoderDriver::get_thetad()
 *fill*         0x0000000008000be2        0x2 
 .text.main     0x0000000008000be4       0x44 ./Core/Src/main.o
                0x0000000008000be4                main
 .text.SystemClock_Config
                0x0000000008000c28       0x98 ./Core/Src/main.o
                0x0000000008000c28                SystemClock_Config
 .text.MX_ADC1_Init
                0x0000000008000cc0      0x130 ./Core/Src/main.o
 .text.MX_ADC2_Init
                0x0000000008000df0       0xcc ./Core/Src/main.o
 .text.MX_FDCAN1_Init
                0x0000000008000ebc       0x8c ./Core/Src/main.o
 .text.MX_SPI3_Init
                0x0000000008000f48       0x7c ./Core/Src/main.o
 .text.MX_TIM2_Init
                0x0000000008000fc4       0xe8 ./Core/Src/main.o
 .text.MX_TIM3_Init
                0x00000000080010ac      0x110 ./Core/Src/main.o
 .text.MX_DMA_Init
                0x00000000080011bc       0x54 ./Core/Src/main.o
 .text.MX_GPIO_Init
                0x0000000008001210       0xdc ./Core/Src/main.o
 .text.Error_Handler
                0x00000000080012ec        0xa ./Core/Src/main.o
                0x00000000080012ec                Error_Handler
 *fill*         0x00000000080012f6        0x2 
 .text.setup    0x00000000080012f8       0x40 ./Core/Src/main_bridge.o
                0x00000000080012f8                setup
 .text.loop     0x0000000008001338       0x1e ./Core/Src/main_bridge.o
                0x0000000008001338                loop
 .text._Z7tf_parkddd
                0x0000000008001356       0xda ./Core/Src/math_utils.o
                0x0000000008001356                tf_park(double, double, double)
 .text._Z9tf_clarkeddd
                0x0000000008001430       0xa4 ./Core/Src/math_utils.o
                0x0000000008001430                tf_clarke(double, double, double)
 .text.HAL_MspInit
                0x00000000080014d4       0x48 ./Core/Src/stm32g4xx_hal_msp.o
                0x00000000080014d4                HAL_MspInit
 .text.HAL_ADC_MspInit
                0x000000000800151c      0x210 ./Core/Src/stm32g4xx_hal_msp.o
                0x000000000800151c                HAL_ADC_MspInit
 .text.HAL_FDCAN_MspInit
                0x000000000800172c       0xb4 ./Core/Src/stm32g4xx_hal_msp.o
                0x000000000800172c                HAL_FDCAN_MspInit
 .text.HAL_SPI_MspInit
                0x00000000080017e0       0x88 ./Core/Src/stm32g4xx_hal_msp.o
                0x00000000080017e0                HAL_SPI_MspInit
 .text.HAL_TIM_Base_MspInit
                0x0000000008001868       0xbc ./Core/Src/stm32g4xx_hal_msp.o
                0x0000000008001868                HAL_TIM_Base_MspInit
 .text.NMI_Handler
                0x0000000008001924        0x6 ./Core/Src/stm32g4xx_it.o
                0x0000000008001924                NMI_Handler
 .text.HardFault_Handler
                0x000000000800192a        0x6 ./Core/Src/stm32g4xx_it.o
                0x000000000800192a                HardFault_Handler
 .text.MemManage_Handler
                0x0000000008001930        0x6 ./Core/Src/stm32g4xx_it.o
                0x0000000008001930                MemManage_Handler
 .text.BusFault_Handler
                0x0000000008001936        0x6 ./Core/Src/stm32g4xx_it.o
                0x0000000008001936                BusFault_Handler
 .text.UsageFault_Handler
                0x000000000800193c        0x6 ./Core/Src/stm32g4xx_it.o
                0x000000000800193c                UsageFault_Handler
 .text.SVC_Handler
                0x0000000008001942        0xe ./Core/Src/stm32g4xx_it.o
                0x0000000008001942                SVC_Handler
 .text.DebugMon_Handler
                0x0000000008001950        0xe ./Core/Src/stm32g4xx_it.o
                0x0000000008001950                DebugMon_Handler
 .text.PendSV_Handler
                0x000000000800195e        0xe ./Core/Src/stm32g4xx_it.o
                0x000000000800195e                PendSV_Handler
 .text.SysTick_Handler
                0x000000000800196c        0xc ./Core/Src/stm32g4xx_it.o
                0x000000000800196c                SysTick_Handler
 .text.DMA1_Channel1_IRQHandler
                0x0000000008001978       0x14 ./Core/Src/stm32g4xx_it.o
                0x0000000008001978                DMA1_Channel1_IRQHandler
 .text.TIM2_IRQHandler
                0x000000000800198c       0x14 ./Core/Src/stm32g4xx_it.o
                0x000000000800198c                TIM2_IRQHandler
 .text.SystemInit
                0x00000000080019a0       0x24 ./Core/Src/system_stm32g4xx.o
                0x00000000080019a0                SystemInit
 .text.Reset_Handler
                0x00000000080019c4       0x50 ./Core/Startup/startup_stm32g473vetx.o
                0x00000000080019c4                Reset_Handler
 .text.Default_Handler
                0x0000000008001a14        0x2 ./Core/Startup/startup_stm32g473vetx.o
                0x0000000008001a14                RTC_Alarm_IRQHandler
                0x0000000008001a14                EXTI2_IRQHandler
                0x0000000008001a14                TIM8_TRG_COM_IRQHandler
                0x0000000008001a14                TIM8_CC_IRQHandler
                0x0000000008001a14                SPI4_IRQHandler
                0x0000000008001a14                FDCAN3_IT0_IRQHandler
                0x0000000008001a14                TIM1_CC_IRQHandler
                0x0000000008001a14                USB_HP_IRQHandler
                0x0000000008001a14                CORDIC_IRQHandler
                0x0000000008001a14                DMA2_Channel8_IRQHandler
                0x0000000008001a14                EXTI3_IRQHandler
                0x0000000008001a14                I2C3_ER_IRQHandler
                0x0000000008001a14                EXTI0_IRQHandler
                0x0000000008001a14                I2C2_EV_IRQHandler
                0x0000000008001a14                FPU_IRQHandler
                0x0000000008001a14                FDCAN1_IT1_IRQHandler
                0x0000000008001a14                TIM1_UP_TIM16_IRQHandler
                0x0000000008001a14                ADC1_2_IRQHandler
                0x0000000008001a14                SPI1_IRQHandler
                0x0000000008001a14                TIM6_DAC_IRQHandler
                0x0000000008001a14                TIM8_UP_IRQHandler
                0x0000000008001a14                DMA2_Channel2_IRQHandler
                0x0000000008001a14                DMA1_Channel4_IRQHandler
                0x0000000008001a14                TIM20_TRG_COM_IRQHandler
                0x0000000008001a14                USART3_IRQHandler
                0x0000000008001a14                DMA1_Channel7_IRQHandler
                0x0000000008001a14                UART5_IRQHandler
                0x0000000008001a14                ADC3_IRQHandler
                0x0000000008001a14                TIM4_IRQHandler
                0x0000000008001a14                DMA2_Channel1_IRQHandler
                0x0000000008001a14                QUADSPI_IRQHandler
                0x0000000008001a14                I2C1_EV_IRQHandler
                0x0000000008001a14                DMA1_Channel6_IRQHandler
                0x0000000008001a14                UART4_IRQHandler
                0x0000000008001a14                DMA2_Channel4_IRQHandler
                0x0000000008001a14                TIM3_IRQHandler
                0x0000000008001a14                RCC_IRQHandler
                0x0000000008001a14                TIM20_UP_IRQHandler
                0x0000000008001a14                Default_Handler
                0x0000000008001a14                DMA2_Channel7_IRQHandler
                0x0000000008001a14                RTC_TAMP_LSECSS_IRQHandler
                0x0000000008001a14                FMAC_IRQHandler
                0x0000000008001a14                EXTI15_10_IRQHandler
                0x0000000008001a14                DMA1_Channel8_IRQHandler
                0x0000000008001a14                TIM7_DAC_IRQHandler
                0x0000000008001a14                FDCAN3_IT1_IRQHandler
                0x0000000008001a14                TIM5_IRQHandler
                0x0000000008001a14                UCPD1_IRQHandler
                0x0000000008001a14                I2C3_EV_IRQHandler
                0x0000000008001a14                EXTI9_5_IRQHandler
                0x0000000008001a14                RTC_WKUP_IRQHandler
                0x0000000008001a14                PVD_PVM_IRQHandler
                0x0000000008001a14                SPI2_IRQHandler
                0x0000000008001a14                ADC5_IRQHandler
                0x0000000008001a14                DMA2_Channel5_IRQHandler
                0x0000000008001a14                CRS_IRQHandler
                0x0000000008001a14                DMA1_Channel5_IRQHandler
                0x0000000008001a14                USB_LP_IRQHandler
                0x0000000008001a14                EXTI4_IRQHandler
                0x0000000008001a14                RNG_IRQHandler
                0x0000000008001a14                TIM1_TRG_COM_TIM17_IRQHandler
                0x0000000008001a14                FDCAN2_IT1_IRQHandler
                0x0000000008001a14                DMA1_Channel3_IRQHandler
                0x0000000008001a14                ADC4_IRQHandler
                0x0000000008001a14                WWDG_IRQHandler
                0x0000000008001a14                I2C4_EV_IRQHandler
                0x0000000008001a14                FDCAN2_IT0_IRQHandler
                0x0000000008001a14                LPUART1_IRQHandler
                0x0000000008001a14                DMA2_Channel6_IRQHandler
                0x0000000008001a14                FDCAN1_IT0_IRQHandler
                0x0000000008001a14                COMP7_IRQHandler
                0x0000000008001a14                COMP1_2_3_IRQHandler
                0x0000000008001a14                EXTI1_IRQHandler
                0x0000000008001a14                USART2_IRQHandler
                0x0000000008001a14                COMP4_5_6_IRQHandler
                0x0000000008001a14                TIM20_BRK_IRQHandler
                0x0000000008001a14                I2C2_ER_IRQHandler
                0x0000000008001a14                DMA1_Channel2_IRQHandler
                0x0000000008001a14                TIM8_BRK_IRQHandler
                0x0000000008001a14                FLASH_IRQHandler
                0x0000000008001a14                TIM20_CC_IRQHandler
                0x0000000008001a14                USART1_IRQHandler
                0x0000000008001a14                SPI3_IRQHandler
                0x0000000008001a14                I2C1_ER_IRQHandler
                0x0000000008001a14                FMC_IRQHandler
                0x0000000008001a14                LPTIM1_IRQHandler
                0x0000000008001a14                DMAMUX_OVR_IRQHandler
                0x0000000008001a14                I2C4_ER_IRQHandler
                0x0000000008001a14                USBWakeUp_IRQHandler
                0x0000000008001a14                SAI1_IRQHandler
                0x0000000008001a14                DMA2_Channel3_IRQHandler
                0x0000000008001a14                TIM1_BRK_TIM15_IRQHandler
 .text.HAL_Init
                0x0000000008001a16       0x30 ./Drivers/STM32G4xx_HAL_Driver/Src/stm32g4xx_hal.o
                0x0000000008001a16                HAL_Init
 *fill*         0x0000000008001a46        0x2 
 .text.HAL_InitTick
                0x0000000008001a48       0x74 ./Drivers/STM32G4xx_HAL_Driver/Src/stm32g4xx_hal.o
                0x0000000008001a48                HAL_InitTick
 .text.HAL_IncTick
                0x0000000008001abc       0x24 ./Drivers/STM32G4xx_HAL_Driver/Src/stm32g4xx_hal.o
                0x0000000008001abc                HAL_IncTick
 .text.HAL_GetTick
                0x0000000008001ae0       0x18 ./Drivers/STM32G4xx_HAL_Driver/Src/stm32g4xx_hal.o
                0x0000000008001ae0                HAL_GetTick
 .text.HAL_Delay
                0x0000000008001af8       0x44 ./Drivers/STM32G4xx_HAL_Driver/Src/stm32g4xx_hal.o
                0x0000000008001af8                HAL_Delay
 .text.LL_ADC_SetCommonClock
                0x0000000008001b3c       0x26 ./Drivers/STM32G4xx_HAL_Driver/Src/stm32g4xx_hal_adc.o
 .text.LL_ADC_SetCommonPathInternalCh
                0x0000000008001b62       0x26 ./Drivers/STM32G4xx_HAL_Driver/Src/stm32g4xx_hal_adc.o
 .text.LL_ADC_GetCommonPathInternalCh
                0x0000000008001b88       0x1c ./Drivers/STM32G4xx_HAL_Driver/Src/stm32g4xx_hal_adc.o
 .text.LL_ADC_SetOffset
                0x0000000008001ba4       0x48 ./Drivers/STM32G4xx_HAL_Driver/Src/stm32g4xx_hal_adc.o
 .text.LL_ADC_GetOffsetChannel
                0x0000000008001bec       0x2c ./Drivers/STM32G4xx_HAL_Driver/Src/stm32g4xx_hal_adc.o
 .text.LL_ADC_SetOffsetState
                0x0000000008001c18       0x36 ./Drivers/STM32G4xx_HAL_Driver/Src/stm32g4xx_hal_adc.o
 .text.LL_ADC_SetOffsetSign
                0x0000000008001c4e       0x36 ./Drivers/STM32G4xx_HAL_Driver/Src/stm32g4xx_hal_adc.o
 .text.LL_ADC_SetOffsetSaturation
                0x0000000008001c84       0x36 ./Drivers/STM32G4xx_HAL_Driver/Src/stm32g4xx_hal_adc.o
 .text.LL_ADC_SetSamplingTimeCommonConfig
                0x0000000008001cba       0x26 ./Drivers/STM32G4xx_HAL_Driver/Src/stm32g4xx_hal_adc.o
 .text.LL_ADC_REG_SetSequencerRanks
                0x0000000008001ce0       0x58 ./Drivers/STM32G4xx_HAL_Driver/Src/stm32g4xx_hal_adc.o
 .text.LL_ADC_SetChannelSamplingTime
                0x0000000008001d38       0x56 ./Drivers/STM32G4xx_HAL_Driver/Src/stm32g4xx_hal_adc.o
 *fill*         0x0000000008001d8e        0x2 
 .text.LL_ADC_SetChannelSingleDiff
                0x0000000008001d90       0x50 ./Drivers/STM32G4xx_HAL_Driver/Src/stm32g4xx_hal_adc.o
 .text.LL_ADC_DisableDeepPowerDown
                0x0000000008001de0       0x24 ./Drivers/STM32G4xx_HAL_Driver/Src/stm32g4xx_hal_adc.o
 .text.LL_ADC_IsDeepPowerDownEnabled
                0x0000000008001e04       0x28 ./Drivers/STM32G4xx_HAL_Driver/Src/stm32g4xx_hal_adc.o
 .text.LL_ADC_EnableInternalRegulator
                0x0000000008001e2c       0x28 ./Drivers/STM32G4xx_HAL_Driver/Src/stm32g4xx_hal_adc.o
 .text.LL_ADC_IsInternalRegulatorEnabled
                0x0000000008001e54       0x28 ./Drivers/STM32G4xx_HAL_Driver/Src/stm32g4xx_hal_adc.o
 .text.LL_ADC_Disable
                0x0000000008001e7c       0x28 ./Drivers/STM32G4xx_HAL_Driver/Src/stm32g4xx_hal_adc.o
 .text.LL_ADC_IsEnabled
                0x0000000008001ea4       0x26 ./Drivers/STM32G4xx_HAL_Driver/Src/stm32g4xx_hal_adc.o
 .text.LL_ADC_IsDisableOngoing
                0x0000000008001eca       0x26 ./Drivers/STM32G4xx_HAL_Driver/Src/stm32g4xx_hal_adc.o
 .text.LL_ADC_REG_IsConversionOngoing
                0x0000000008001ef0       0x26 ./Drivers/STM32G4xx_HAL_Driver/Src/stm32g4xx_hal_adc.o
 .text.LL_ADC_INJ_IsConversionOngoing
                0x0000000008001f16       0x26 ./Drivers/STM32G4xx_HAL_Driver/Src/stm32g4xx_hal_adc.o
 .text.HAL_ADC_Init
                0x0000000008001f3c      0x384 ./Drivers/STM32G4xx_HAL_Driver/Src/stm32g4xx_hal_adc.o
                0x0000000008001f3c                HAL_ADC_Init
 .text.HAL_ADC_ConfigChannel
                0x00000000080022c0      0x880 ./Drivers/STM32G4xx_HAL_Driver/Src/stm32g4xx_hal_adc.o
                0x00000000080022c0                HAL_ADC_ConfigChannel
 .text.ADC_Disable
                0x0000000008002b40       0xbe ./Drivers/STM32G4xx_HAL_Driver/Src/stm32g4xx_hal_adc.o
                0x0000000008002b40                ADC_Disable
 .text.LL_ADC_IsEnabled
                0x0000000008002bfe       0x26 ./Drivers/STM32G4xx_HAL_Driver/Src/stm32g4xx_hal_adc_ex.o
 .text.LL_ADC_StartCalibration
                0x0000000008002c24       0x32 ./Drivers/STM32G4xx_HAL_Driver/Src/stm32g4xx_hal_adc_ex.o
 .text.LL_ADC_IsCalibrationOnGoing
                0x0000000008002c56       0x28 ./Drivers/STM32G4xx_HAL_Driver/Src/stm32g4xx_hal_adc_ex.o
 .text.LL_ADC_REG_IsConversionOngoing
                0x0000000008002c7e       0x26 ./Drivers/STM32G4xx_HAL_Driver/Src/stm32g4xx_hal_adc_ex.o
 .text.HAL_ADCEx_Calibration_Start
                0x0000000008002ca4       0xc4 ./Drivers/STM32G4xx_HAL_Driver/Src/stm32g4xx_hal_adc_ex.o
                0x0000000008002ca4                HAL_ADCEx_Calibration_Start
 .text.HAL_ADCEx_MultiModeConfigChannel
                0x0000000008002d68      0x210 ./Drivers/STM32G4xx_HAL_Driver/Src/stm32g4xx_hal_adc_ex.o
                0x0000000008002d68                HAL_ADCEx_MultiModeConfigChannel
 .text.__NVIC_SetPriorityGrouping
                0x0000000008002f78       0x48 ./Drivers/STM32G4xx_HAL_Driver/Src/stm32g4xx_hal_cortex.o
 .text.__NVIC_GetPriorityGrouping
                0x0000000008002fc0       0x1c ./Drivers/STM32G4xx_HAL_Driver/Src/stm32g4xx_hal_cortex.o
 .text.__NVIC_EnableIRQ
                0x0000000008002fdc       0x3c ./Drivers/STM32G4xx_HAL_Driver/Src/stm32g4xx_hal_cortex.o
 .text.__NVIC_SetPriority
                0x0000000008003018       0x54 ./Drivers/STM32G4xx_HAL_Driver/Src/stm32g4xx_hal_cortex.o
 .text.NVIC_EncodePriority
                0x000000000800306c       0x66 ./Drivers/STM32G4xx_HAL_Driver/Src/stm32g4xx_hal_cortex.o
 *fill*         0x00000000080030d2        0x2 
 .text.SysTick_Config
                0x00000000080030d4       0x44 ./Drivers/STM32G4xx_HAL_Driver/Src/stm32g4xx_hal_cortex.o
 .text.HAL_NVIC_SetPriorityGrouping
                0x0000000008003118       0x16 ./Drivers/STM32G4xx_HAL_Driver/Src/stm32g4xx_hal_cortex.o
                0x0000000008003118                HAL_NVIC_SetPriorityGrouping
 .text.HAL_NVIC_SetPriority
                0x000000000800312e       0x34 ./Drivers/STM32G4xx_HAL_Driver/Src/stm32g4xx_hal_cortex.o
                0x000000000800312e                HAL_NVIC_SetPriority
 .text.HAL_NVIC_EnableIRQ
                0x0000000008003162       0x1c ./Drivers/STM32G4xx_HAL_Driver/Src/stm32g4xx_hal_cortex.o
                0x0000000008003162                HAL_NVIC_EnableIRQ
 .text.HAL_SYSTICK_Config
                0x000000000800317e       0x18 ./Drivers/STM32G4xx_HAL_Driver/Src/stm32g4xx_hal_cortex.o
                0x000000000800317e                HAL_SYSTICK_Config
 *fill*         0x0000000008003196        0x2 
 .text.HAL_DMA_Init
                0x0000000008003198      0x150 ./Drivers/STM32G4xx_HAL_Driver/Src/stm32g4xx_hal_dma.o
                0x0000000008003198                HAL_DMA_Init
 .text.HAL_DMA_IRQHandler
                0x00000000080032e8      0x15e ./Drivers/STM32G4xx_HAL_Driver/Src/stm32g4xx_hal_dma.o
                0x00000000080032e8                HAL_DMA_IRQHandler
 *fill*         0x0000000008003446        0x2 
 .text.DMA_CalcDMAMUXChannelBaseAndMask
                0x0000000008003448       0x7c ./Drivers/STM32G4xx_HAL_Driver/Src/stm32g4xx_hal_dma.o
 .text.DMA_CalcDMAMUXRequestGenBaseAndMask
                0x00000000080034c4       0x48 ./Drivers/STM32G4xx_HAL_Driver/Src/stm32g4xx_hal_dma.o
 .text.HAL_FDCAN_Init
                0x000000000800350c      0x2b4 ./Drivers/STM32G4xx_HAL_Driver/Src/stm32g4xx_hal_fdcan.o
                0x000000000800350c                HAL_FDCAN_Init
 .text.FDCAN_CalcultateRamBlockAddresses
                0x00000000080037c0       0xd8 ./Drivers/STM32G4xx_HAL_Driver/Src/stm32g4xx_hal_fdcan.o
 .text.HAL_GPIO_Init
                0x0000000008003898      0x304 ./Drivers/STM32G4xx_HAL_Driver/Src/stm32g4xx_hal_gpio.o
                0x0000000008003898                HAL_GPIO_Init
 .text.HAL_GPIO_WritePin
                0x0000000008003b9c       0x30 ./Drivers/STM32G4xx_HAL_Driver/Src/stm32g4xx_hal_gpio.o
                0x0000000008003b9c                HAL_GPIO_WritePin
 .text.HAL_PWREx_ControlVoltageScaling
                0x0000000008003bcc      0x148 ./Drivers/STM32G4xx_HAL_Driver/Src/stm32g4xx_hal_pwr_ex.o
                0x0000000008003bcc                HAL_PWREx_ControlVoltageScaling
 .text.HAL_PWREx_DisableUCPDDeadBattery
                0x0000000008003d14       0x20 ./Drivers/STM32G4xx_HAL_Driver/Src/stm32g4xx_hal_pwr_ex.o
                0x0000000008003d14                HAL_PWREx_DisableUCPDDeadBattery
 .text.HAL_RCC_OscConfig
                0x0000000008003d34      0x630 ./Drivers/STM32G4xx_HAL_Driver/Src/stm32g4xx_hal_rcc.o
                0x0000000008003d34                HAL_RCC_OscConfig
 .text.HAL_RCC_ClockConfig
                0x0000000008004364      0x278 ./Drivers/STM32G4xx_HAL_Driver/Src/stm32g4xx_hal_rcc.o
                0x0000000008004364                HAL_RCC_ClockConfig
 .text.HAL_RCC_GetSysClockFreq
                0x00000000080045dc       0xc4 ./Drivers/STM32G4xx_HAL_Driver/Src/stm32g4xx_hal_rcc.o
                0x00000000080045dc                HAL_RCC_GetSysClockFreq
 .text.RCC_GetSysClockFreqFromPLLSource
                0x00000000080046a0       0x8c ./Drivers/STM32G4xx_HAL_Driver/Src/stm32g4xx_hal_rcc.o
 .text.HAL_RCCEx_PeriphCLKConfig
                0x000000000800472c      0x49c ./Drivers/STM32G4xx_HAL_Driver/Src/stm32g4xx_hal_rcc_ex.o
                0x000000000800472c                HAL_RCCEx_PeriphCLKConfig
 .text.HAL_SPI_Init
                0x0000000008004bc8      0x156 ./Drivers/STM32G4xx_HAL_Driver/Src/stm32g4xx_hal_spi.o
                0x0000000008004bc8                HAL_SPI_Init
 .text.HAL_TIM_Base_Init
                0x0000000008004d1e       0xae ./Drivers/STM32G4xx_HAL_Driver/Src/stm32g4xx_hal_tim.o
                0x0000000008004d1e                HAL_TIM_Base_Init
 .text.HAL_TIM_OC_Init
                0x0000000008004dcc       0xae ./Drivers/STM32G4xx_HAL_Driver/Src/stm32g4xx_hal_tim.o
                0x0000000008004dcc                HAL_TIM_OC_Init
 .text.HAL_TIM_OC_MspInit
                0x0000000008004e7a       0x14 ./Drivers/STM32G4xx_HAL_Driver/Src/stm32g4xx_hal_tim.o
                0x0000000008004e7a                HAL_TIM_OC_MspInit
 .text.HAL_TIM_IC_Init
                0x0000000008004e8e       0xae ./Drivers/STM32G4xx_HAL_Driver/Src/stm32g4xx_hal_tim.o
                0x0000000008004e8e                HAL_TIM_IC_Init
 .text.HAL_TIM_IC_MspInit
                0x0000000008004f3c       0x14 ./Drivers/STM32G4xx_HAL_Driver/Src/stm32g4xx_hal_tim.o
                0x0000000008004f3c                HAL_TIM_IC_MspInit
 .text.HAL_TIM_IRQHandler
                0x0000000008004f50      0x2fe ./Drivers/STM32G4xx_HAL_Driver/Src/stm32g4xx_hal_tim.o
                0x0000000008004f50                HAL_TIM_IRQHandler
 *fill*         0x000000000800524e        0x2 
 .text.HAL_TIM_OC_ConfigChannel
                0x0000000008005250       0xf4 ./Drivers/STM32G4xx_HAL_Driver/Src/stm32g4xx_hal_tim.o
                0x0000000008005250                HAL_TIM_OC_ConfigChannel
 .text.HAL_TIM_IC_ConfigChannel
                0x0000000008005344      0x138 ./Drivers/STM32G4xx_HAL_Driver/Src/stm32g4xx_hal_tim.o
                0x0000000008005344                HAL_TIM_IC_ConfigChannel
 .text.HAL_TIM_ConfigClockSource
                0x000000000800547c      0x218 ./Drivers/STM32G4xx_HAL_Driver/Src/stm32g4xx_hal_tim.o
                0x000000000800547c                HAL_TIM_ConfigClockSource
 .text.HAL_TIM_OC_DelayElapsedCallback
                0x0000000008005694       0x14 ./Drivers/STM32G4xx_HAL_Driver/Src/stm32g4xx_hal_tim.o
                0x0000000008005694                HAL_TIM_OC_DelayElapsedCallback
 .text.HAL_TIM_IC_CaptureCallback
                0x00000000080056a8       0x14 ./Drivers/STM32G4xx_HAL_Driver/Src/stm32g4xx_hal_tim.o
                0x00000000080056a8                HAL_TIM_IC_CaptureCallback
 .text.HAL_TIM_PWM_PulseFinishedCallback
                0x00000000080056bc       0x14 ./Drivers/STM32G4xx_HAL_Driver/Src/stm32g4xx_hal_tim.o
                0x00000000080056bc                HAL_TIM_PWM_PulseFinishedCallback
 .text.HAL_TIM_TriggerCallback
                0x00000000080056d0       0x14 ./Drivers/STM32G4xx_HAL_Driver/Src/stm32g4xx_hal_tim.o
                0x00000000080056d0                HAL_TIM_TriggerCallback
 .text.TIM_Base_SetConfig
                0x00000000080056e4      0x150 ./Drivers/STM32G4xx_HAL_Driver/Src/stm32g4xx_hal_tim.o
                0x00000000080056e4                TIM_Base_SetConfig
 .text.TIM_OC1_SetConfig
                0x0000000008005834      0x134 ./Drivers/STM32G4xx_HAL_Driver/Src/stm32g4xx_hal_tim.o
 .text.TIM_OC2_SetConfig
                0x0000000008005968      0x128 ./Drivers/STM32G4xx_HAL_Driver/Src/stm32g4xx_hal_tim.o
                0x0000000008005968                TIM_OC2_SetConfig
 .text.TIM_OC3_SetConfig
                0x0000000008005a90      0x124 ./Drivers/STM32G4xx_HAL_Driver/Src/stm32g4xx_hal_tim.o
 .text.TIM_OC4_SetConfig
                0x0000000008005bb4      0x128 ./Drivers/STM32G4xx_HAL_Driver/Src/stm32g4xx_hal_tim.o
 .text.TIM_OC5_SetConfig
                0x0000000008005cdc       0xd4 ./Drivers/STM32G4xx_HAL_Driver/Src/stm32g4xx_hal_tim.o
 .text.TIM_OC6_SetConfig
                0x0000000008005db0       0xd8 ./Drivers/STM32G4xx_HAL_Driver/Src/stm32g4xx_hal_tim.o
 .text.TIM_TI1_SetConfig
                0x0000000008005e88       0xe8 ./Drivers/STM32G4xx_HAL_Driver/Src/stm32g4xx_hal_tim.o
                0x0000000008005e88                TIM_TI1_SetConfig
 .text.TIM_TI1_ConfigInputStage
                0x0000000008005f70       0x5e ./Drivers/STM32G4xx_HAL_Driver/Src/stm32g4xx_hal_tim.o
 .text.TIM_TI2_SetConfig
                0x0000000008005fce       0x7a ./Drivers/STM32G4xx_HAL_Driver/Src/stm32g4xx_hal_tim.o
 .text.TIM_TI2_ConfigInputStage
                0x0000000008006048       0x60 ./Drivers/STM32G4xx_HAL_Driver/Src/stm32g4xx_hal_tim.o
 .text.TIM_TI3_SetConfig
                0x00000000080060a8       0x78 ./Drivers/STM32G4xx_HAL_Driver/Src/stm32g4xx_hal_tim.o
 .text.TIM_TI4_SetConfig
                0x0000000008006120       0x7a ./Drivers/STM32G4xx_HAL_Driver/Src/stm32g4xx_hal_tim.o
 .text.TIM_ITRx_SetConfig
                0x000000000800619a       0x3a ./Drivers/STM32G4xx_HAL_Driver/Src/stm32g4xx_hal_tim.o
 .text.TIM_ETR_SetConfig
                0x00000000080061d4       0x40 ./Drivers/STM32G4xx_HAL_Driver/Src/stm32g4xx_hal_tim.o
                0x00000000080061d4                TIM_ETR_SetConfig
 .text.HAL_TIMEx_MasterConfigSynchronization
                0x0000000008006214      0x12c ./Drivers/STM32G4xx_HAL_Driver/Src/stm32g4xx_hal_tim_ex.o
                0x0000000008006214                HAL_TIMEx_MasterConfigSynchronization
 .text.HAL_TIMEx_CommutCallback
                0x0000000008006340       0x14 ./Drivers/STM32G4xx_HAL_Driver/Src/stm32g4xx_hal_tim_ex.o
                0x0000000008006340                HAL_TIMEx_CommutCallback
 .text.HAL_TIMEx_BreakCallback
                0x0000000008006354       0x14 ./Drivers/STM32G4xx_HAL_Driver/Src/stm32g4xx_hal_tim_ex.o
                0x0000000008006354                HAL_TIMEx_BreakCallback
 .text.HAL_TIMEx_Break2Callback
                0x0000000008006368       0x14 ./Drivers/STM32G4xx_HAL_Driver/Src/stm32g4xx_hal_tim_ex.o
                0x0000000008006368                HAL_TIMEx_Break2Callback
 .text.HAL_TIMEx_EncoderIndexCallback
                0x000000000800637c       0x14 ./Drivers/STM32G4xx_HAL_Driver/Src/stm32g4xx_hal_tim_ex.o
                0x000000000800637c                HAL_TIMEx_EncoderIndexCallback
 .text.HAL_TIMEx_DirectionChangeCallback
                0x0000000008006390       0x14 ./Drivers/STM32G4xx_HAL_Driver/Src/stm32g4xx_hal_tim_ex.o
                0x0000000008006390                HAL_TIMEx_DirectionChangeCallback
 .text.HAL_TIMEx_IndexErrorCallback
                0x00000000080063a4       0x14 ./Drivers/STM32G4xx_HAL_Driver/Src/stm32g4xx_hal_tim_ex.o
                0x00000000080063a4                HAL_TIMEx_IndexErrorCallback
 .text.HAL_TIMEx_TransitionErrorCallback
                0x00000000080063b8       0x14 ./Drivers/STM32G4xx_HAL_Driver/Src/stm32g4xx_hal_tim_ex.o
                0x00000000080063b8                HAL_TIMEx_TransitionErrorCallback
 *fill*         0x00000000080063cc        0x4 
 .text.cos      0x00000000080063d0       0xa8 C:/ST/STM32CubeIDE_1.12.1/STM32CubeIDE/plugins/com.st.stm32cube.ide.mcu.externaltools.gnu-tools-for-stm32.11.3.rel1.win32_1.1.1.202309131626/tools/bin/../lib/gcc/arm-none-eabi/11.3.1/../../../../arm-none-eabi/lib/thumb/v7e-m+fp/hard\libm.a(libm_a-s_cos.o)
                0x00000000080063d0                cos
 .text.sin      0x0000000008006478       0xb0 C:/ST/STM32CubeIDE_1.12.1/STM32CubeIDE/plugins/com.st.stm32cube.ide.mcu.externaltools.gnu-tools-for-stm32.11.3.rel1.win32_1.1.1.202309131626/tools/bin/../lib/gcc/arm-none-eabi/11.3.1/../../../../arm-none-eabi/lib/thumb/v7e-m+fp/hard\libm.a(libm_a-s_sin.o)
                0x0000000008006478                sin
 .text.__kernel_cos
                0x0000000008006528      0x18c C:/ST/STM32CubeIDE_1.12.1/STM32CubeIDE/plugins/com.st.stm32cube.ide.mcu.externaltools.gnu-tools-for-stm32.11.3.rel1.win32_1.1.1.202309131626/tools/bin/../lib/gcc/arm-none-eabi/11.3.1/../../../../arm-none-eabi/lib/thumb/v7e-m+fp/hard\libm.a(libm_a-k_cos.o)
                0x0000000008006528                __kernel_cos
 *fill*         0x00000000080066b4        0x4 
 .text.__kernel_sin
                0x00000000080066b8      0x17c C:/ST/STM32CubeIDE_1.12.1/STM32CubeIDE/plugins/com.st.stm32cube.ide.mcu.externaltools.gnu-tools-for-stm32.11.3.rel1.win32_1.1.1.202309131626/tools/bin/../lib/gcc/arm-none-eabi/11.3.1/../../../../arm-none-eabi/lib/thumb/v7e-m+fp/hard\libm.a(libm_a-k_sin.o)
                0x00000000080066b8                __kernel_sin
 *fill*         0x0000000008006834        0x4 
 .text.__ieee754_rem_pio2
                0x0000000008006838      0x40c C:/ST/STM32CubeIDE_1.12.1/STM32CubeIDE/plugins/com.st.stm32cube.ide.mcu.externaltools.gnu-tools-for-stm32.11.3.rel1.win32_1.1.1.202309131626/tools/bin/../lib/gcc/arm-none-eabi/11.3.1/../../../../arm-none-eabi/lib/thumb/v7e-m+fp/hard\libm.a(libm_a-e_rem_pio2.o)
                0x0000000008006838                __ieee754_rem_pio2
 .text.fabs     0x0000000008006c44       0x12 C:/ST/STM32CubeIDE_1.12.1/STM32CubeIDE/plugins/com.st.stm32cube.ide.mcu.externaltools.gnu-tools-for-stm32.11.3.rel1.win32_1.1.1.202309131626/tools/bin/../lib/gcc/arm-none-eabi/11.3.1/../../../../arm-none-eabi/lib/thumb/v7e-m+fp/hard\libm.a(libm_a-s_fabs.o)
                0x0000000008006c44                fabs
 *fill*         0x0000000008006c56        0x2 
 .text.__kernel_rem_pio2
                0x0000000008006c58      0x69c C:/ST/STM32CubeIDE_1.12.1/STM32CubeIDE/plugins/com.st.stm32cube.ide.mcu.externaltools.gnu-tools-for-stm32.11.3.rel1.win32_1.1.1.202309131626/tools/bin/../lib/gcc/arm-none-eabi/11.3.1/../../../../arm-none-eabi/lib/thumb/v7e-m+fp/hard\libm.a(libm_a-k_rem_pio2.o)
                0x0000000008006c58                __kernel_rem_pio2
 *fill*         0x00000000080072f4        0x4 
 .text.scalbn   0x00000000080072f8       0xfc C:/ST/STM32CubeIDE_1.12.1/STM32CubeIDE/plugins/com.st.stm32cube.ide.mcu.externaltools.gnu-tools-for-stm32.11.3.rel1.win32_1.1.1.202309131626/tools/bin/../lib/gcc/arm-none-eabi/11.3.1/../../../../arm-none-eabi/lib/thumb/v7e-m+fp/hard\libm.a(libm_a-s_scalbn.o)
                0x00000000080072f8                scalbn
 *fill*         0x00000000080073f4        0x4 
 .text.floor    0x00000000080073f8      0x100 C:/ST/STM32CubeIDE_1.12.1/STM32CubeIDE/plugins/com.st.stm32cube.ide.mcu.externaltools.gnu-tools-for-stm32.11.3.rel1.win32_1.1.1.202309131626/tools/bin/../lib/gcc/arm-none-eabi/11.3.1/../../../../arm-none-eabi/lib/thumb/v7e-m+fp/hard\libm.a(libm_a-s_floor.o)
                0x00000000080073f8                floor
 .text.memset   0x00000000080074f8       0x10 C:/ST/STM32CubeIDE_1.12.1/STM32CubeIDE/plugins/com.st.stm32cube.ide.mcu.externaltools.gnu-tools-for-stm32.11.3.rel1.win32_1.1.1.202309131626/tools/bin/../lib/gcc/arm-none-eabi/11.3.1/../../../../arm-none-eabi/lib/thumb/v7e-m+fp/hard\libc_nano.a(libc_a-memset.o)
                0x00000000080074f8                memset
 .text.__libc_init_array
                0x0000000008007508       0x48 C:/ST/STM32CubeIDE_1.12.1/STM32CubeIDE/plugins/com.st.stm32cube.ide.mcu.externaltools.gnu-tools-for-stm32.11.3.rel1.win32_1.1.1.202309131626/tools/bin/../lib/gcc/arm-none-eabi/11.3.1/../../../../arm-none-eabi/lib/thumb/v7e-m+fp/hard\libc_nano.a(libc_a-init.o)
                0x0000000008007508                __libc_init_array
 *(.glue_7)
 .glue_7        0x0000000008007550        0x0 linker stubs
 *(.glue_7t)
 .glue_7t       0x0000000008007550        0x0 linker stubs
 *(.eh_frame)
 .eh_frame      0x0000000008007550        0x0 C:/ST/STM32CubeIDE_1.12.1/STM32CubeIDE/plugins/com.st.stm32cube.ide.mcu.externaltools.gnu-tools-for-stm32.11.3.rel1.win32_1.1.1.202309131626/tools/bin/../lib/gcc/arm-none-eabi/11.3.1/thumb/v7e-m+fp/hard/crtbegin.o
 *(.init)
 .init          0x0000000008007550        0x4 C:/ST/STM32CubeIDE_1.12.1/STM32CubeIDE/plugins/com.st.stm32cube.ide.mcu.externaltools.gnu-tools-for-stm32.11.3.rel1.win32_1.1.1.202309131626/tools/bin/../lib/gcc/arm-none-eabi/11.3.1/thumb/v7e-m+fp/hard/crti.o
                0x0000000008007550                _init
 .init          0x0000000008007554        0x8 C:/ST/STM32CubeIDE_1.12.1/STM32CubeIDE/plugins/com.st.stm32cube.ide.mcu.externaltools.gnu-tools-for-stm32.11.3.rel1.win32_1.1.1.202309131626/tools/bin/../lib/gcc/arm-none-eabi/11.3.1/thumb/v7e-m+fp/hard/crtn.o
 *(.fini)
 .fini          0x000000000800755c        0x4 C:/ST/STM32CubeIDE_1.12.1/STM32CubeIDE/plugins/com.st.stm32cube.ide.mcu.externaltools.gnu-tools-for-stm32.11.3.rel1.win32_1.1.1.202309131626/tools/bin/../lib/gcc/arm-none-eabi/11.3.1/thumb/v7e-m+fp/hard/crti.o
                0x000000000800755c                _fini
 .fini          0x0000000008007560        0x8 C:/ST/STM32CubeIDE_1.12.1/STM32CubeIDE/plugins/com.st.stm32cube.ide.mcu.externaltools.gnu-tools-for-stm32.11.3.rel1.win32_1.1.1.202309131626/tools/bin/../lib/gcc/arm-none-eabi/11.3.1/thumb/v7e-m+fp/hard/crtn.o
                0x0000000008007568                . = ALIGN (0x4)
                0x0000000008007568                _etext = .

.vfp11_veneer   0x0000000008007568        0x0
 .vfp11_veneer  0x0000000008007568        0x0 linker stubs

.v4_bx          0x0000000008007568        0x0
 .v4_bx         0x0000000008007568        0x0 linker stubs

.iplt           0x0000000008007568        0x0
 .iplt          0x0000000008007568        0x0 C:/ST/STM32CubeIDE_1.12.1/STM32CubeIDE/plugins/com.st.stm32cube.ide.mcu.externaltools.gnu-tools-for-stm32.11.3.rel1.win32_1.1.1.202309131626/tools/bin/../lib/gcc/arm-none-eabi/11.3.1/thumb/v7e-m+fp/hard/crtbegin.o

.rodata         0x0000000008007568      0x1e8
                0x0000000008007568                . = ALIGN (0x4)
 *(.rodata)
 *(.rodata*)
 .rodata.AHBPrescTable
                0x0000000008007568       0x10 ./Core/Src/system_stm32g4xx.o
                0x0000000008007568                AHBPrescTable
 .rodata.npio2_hw
                0x0000000008007578       0x80 C:/ST/STM32CubeIDE_1.12.1/STM32CubeIDE/plugins/com.st.stm32cube.ide.mcu.externaltools.gnu-tools-for-stm32.11.3.rel1.win32_1.1.1.202309131626/tools/bin/../lib/gcc/arm-none-eabi/11.3.1/../../../../arm-none-eabi/lib/thumb/v7e-m+fp/hard\libm.a(libm_a-e_rem_pio2.o)
 .rodata.two_over_pi
                0x00000000080075f8      0x108 C:/ST/STM32CubeIDE_1.12.1/STM32CubeIDE/plugins/com.st.stm32cube.ide.mcu.externaltools.gnu-tools-for-stm32.11.3.rel1.win32_1.1.1.202309131626/tools/bin/../lib/gcc/arm-none-eabi/11.3.1/../../../../arm-none-eabi/lib/thumb/v7e-m+fp/hard\libm.a(libm_a-e_rem_pio2.o)
 .rodata.PIo2   0x0000000008007700       0x40 C:/ST/STM32CubeIDE_1.12.1/STM32CubeIDE/plugins/com.st.stm32cube.ide.mcu.externaltools.gnu-tools-for-stm32.11.3.rel1.win32_1.1.1.202309131626/tools/bin/../lib/gcc/arm-none-eabi/11.3.1/../../../../arm-none-eabi/lib/thumb/v7e-m+fp/hard\libm.a(libm_a-k_rem_pio2.o)
 .rodata.init_jk
                0x0000000008007740       0x10 C:/ST/STM32CubeIDE_1.12.1/STM32CubeIDE/plugins/com.st.stm32cube.ide.mcu.externaltools.gnu-tools-for-stm32.11.3.rel1.win32_1.1.1.202309131626/tools/bin/../lib/gcc/arm-none-eabi/11.3.1/../../../../arm-none-eabi/lib/thumb/v7e-m+fp/hard\libm.a(libm_a-k_rem_pio2.o)
                0x0000000008007750                . = ALIGN (0x4)

.rel.dyn        0x0000000008007750        0x0
 .rel.iplt      0x0000000008007750        0x0 C:/ST/STM32CubeIDE_1.12.1/STM32CubeIDE/plugins/com.st.stm32cube.ide.mcu.externaltools.gnu-tools-for-stm32.11.3.rel1.win32_1.1.1.202309131626/tools/bin/../lib/gcc/arm-none-eabi/11.3.1/thumb/v7e-m+fp/hard/crtbegin.o

.ARM.extab      0x0000000008007750        0x0
                0x0000000008007750                . = ALIGN (0x4)
 *(.ARM.extab* .gnu.linkonce.armextab.*)
                0x0000000008007750                . = ALIGN (0x4)

.ARM            0x0000000008007750        0x0
                0x0000000008007750                . = ALIGN (0x4)
                0x0000000008007750                __exidx_start = .
 *(.ARM.exidx*)
                0x0000000008007750                __exidx_end = .
                0x0000000008007750                . = ALIGN (0x4)

.preinit_array  0x0000000008007750        0x0
                0x0000000008007750                . = ALIGN (0x4)
                0x0000000008007750                PROVIDE (__preinit_array_start = .)
 *(.preinit_array*)
                0x0000000008007750                PROVIDE (__preinit_array_end = .)
                0x0000000008007750                . = ALIGN (0x4)

.init_array     0x0000000008007750        0x4
                0x0000000008007750                . = ALIGN (0x4)
                0x0000000008007750                PROVIDE (__init_array_start = .)
 *(SORT_BY_NAME(.init_array.*))
 *(.init_array*)
 .init_array    0x0000000008007750        0x4 C:/ST/STM32CubeIDE_1.12.1/STM32CubeIDE/plugins/com.st.stm32cube.ide.mcu.externaltools.gnu-tools-for-stm32.11.3.rel1.win32_1.1.1.202309131626/tools/bin/../lib/gcc/arm-none-eabi/11.3.1/thumb/v7e-m+fp/hard/crtbegin.o
                0x0000000008007754                PROVIDE (__init_array_end = .)
                0x0000000008007754                . = ALIGN (0x4)

.fini_array     0x0000000008007754        0x4
                0x0000000008007754                . = ALIGN (0x4)
                [!provide]                        PROVIDE (__fini_array_start = .)
 *(SORT_BY_NAME(.fini_array.*))
 *(.fini_array*)
 .fini_array    0x0000000008007754        0x4 C:/ST/STM32CubeIDE_1.12.1/STM32CubeIDE/plugins/com.st.stm32cube.ide.mcu.externaltools.gnu-tools-for-stm32.11.3.rel1.win32_1.1.1.202309131626/tools/bin/../lib/gcc/arm-none-eabi/11.3.1/thumb/v7e-m+fp/hard/crtbegin.o
                [!provide]                        PROVIDE (__fini_array_end = .)
                0x0000000008007758                . = ALIGN (0x4)
                0x0000000008007758                _sidata = LOADADDR (.data)

.data           0x0000000020000000        0xc load address 0x0000000008007758
                0x0000000020000000                . = ALIGN (0x4)
                0x0000000020000000                _sdata = .
 *(.data)
 *(.data*)
 .data.SystemCoreClock
                0x0000000020000000        0x4 ./Core/Src/system_stm32g4xx.o
                0x0000000020000000                SystemCoreClock
 .data.uwTickPrio
                0x0000000020000004        0x4 ./Drivers/STM32G4xx_HAL_Driver/Src/stm32g4xx_hal.o
                0x0000000020000004                uwTickPrio
 .data.uwTickFreq
                0x0000000020000008        0x4 ./Drivers/STM32G4xx_HAL_Driver/Src/stm32g4xx_hal.o
                0x0000000020000008                uwTickFreq
 *(.RamFunc)
 *(.RamFunc*)
                0x000000002000000c                . = ALIGN (0x4)
                0x000000002000000c                _edata = .

.igot.plt       0x000000002000000c        0x0 load address 0x0000000008007764
 .igot.plt      0x000000002000000c        0x0 C:/ST/STM32CubeIDE_1.12.1/STM32CubeIDE/plugins/com.st.stm32cube.ide.mcu.externaltools.gnu-tools-for-stm32.11.3.rel1.win32_1.1.1.202309131626/tools/bin/../lib/gcc/arm-none-eabi/11.3.1/thumb/v7e-m+fp/hard/crtbegin.o
                0x000000002000000c                . = ALIGN (0x4)

.bss            0x000000002000000c      0x2c0 load address 0x0000000008007764
                0x000000002000000c                _sbss = .
                0x000000002000000c                __bss_start__ = _sbss
 *(.bss)
 .bss           0x000000002000000c       0x1c C:/ST/STM32CubeIDE_1.12.1/STM32CubeIDE/plugins/com.st.stm32cube.ide.mcu.externaltools.gnu-tools-for-stm32.11.3.rel1.win32_1.1.1.202309131626/tools/bin/../lib/gcc/arm-none-eabi/11.3.1/thumb/v7e-m+fp/hard/crtbegin.o
 *(.bss*)
 .bss._ZN14CurrSensDriver10ADC_handleE
                0x0000000020000028        0x4 ./Core/Src/curr_sens.o
                0x0000000020000028                CurrSensDriver::ADC_handle
 .bss.hadc1     0x000000002000002c       0x6c ./Core/Src/main.o
                0x000000002000002c                hadc1
 .bss.hadc2     0x0000000020000098       0x6c ./Core/Src/main.o
                0x0000000020000098                hadc2
 .bss.hdma_adc1
                0x0000000020000104       0x60 ./Core/Src/main.o
                0x0000000020000104                hdma_adc1
 .bss.hfdcan1   0x0000000020000164       0x64 ./Core/Src/main.o
                0x0000000020000164                hfdcan1
 .bss.hspi3     0x00000000200001c8       0x64 ./Core/Src/main.o
                0x00000000200001c8                hspi3
 .bss.htim2     0x000000002000022c       0x4c ./Core/Src/main.o
                0x000000002000022c                htim2
 .bss.htim3     0x0000000020000278       0x4c ./Core/Src/main.o
                0x0000000020000278                htim3
 .bss.HAL_RCC_ADC12_CLK_ENABLED
                0x00000000200002c4        0x4 ./Core/Src/stm32g4xx_hal_msp.o
 .bss.uwTick    0x00000000200002c8        0x4 ./Drivers/STM32G4xx_HAL_Driver/Src/stm32g4xx_hal.o
                0x00000000200002c8                uwTick
 *(COMMON)
                0x00000000200002cc                . = ALIGN (0x4)
                0x00000000200002cc                _ebss = .
                0x00000000200002cc                __bss_end__ = _ebss

._user_heap_stack
                0x00000000200002cc      0x604 load address 0x0000000008007764
                0x00000000200002d0                . = ALIGN (0x8)
 *fill*         0x00000000200002cc        0x4 
                [!provide]                        PROVIDE (end = .)
                0x00000000200002d0                PROVIDE (_end = .)
                0x00000000200004d0                . = (. + _Min_Heap_Size)
 *fill*         0x00000000200002d0      0x200 
                0x00000000200008d0                . = (. + _Min_Stack_Size)
 *fill*         0x00000000200004d0      0x400 
                0x00000000200008d0                . = ALIGN (0x8)

/DISCARD/
 libc.a(*)
 libm.a(*)
 libgcc.a(*)

.ARM.attributes
                0x0000000000000000       0x30
 *(.ARM.attributes)
 .ARM.attributes
                0x0000000000000000       0x1e C:/ST/STM32CubeIDE_1.12.1/STM32CubeIDE/plugins/com.st.stm32cube.ide.mcu.externaltools.gnu-tools-for-stm32.11.3.rel1.win32_1.1.1.202309131626/tools/bin/../lib/gcc/arm-none-eabi/11.3.1/thumb/v7e-m+fp/hard/crti.o
 .ARM.attributes
                0x000000000000001e       0x34 C:/ST/STM32CubeIDE_1.12.1/STM32CubeIDE/plugins/com.st.stm32cube.ide.mcu.externaltools.gnu-tools-for-stm32.11.3.rel1.win32_1.1.1.202309131626/tools/bin/../lib/gcc/arm-none-eabi/11.3.1/thumb/v7e-m+fp/hard/crtbegin.o
 .ARM.attributes
                0x0000000000000052       0x34 ./Core/Src/curr_sens.o
 .ARM.attributes
                0x0000000000000086       0x34 ./Core/Src/driver.o
 .ARM.attributes
                0x00000000000000ba       0x34 ./Core/Src/hall_encoder.o
 .ARM.attributes
                0x00000000000000ee       0x34 ./Core/Src/main.o
 .ARM.attributes
                0x0000000000000122       0x34 ./Core/Src/main_bridge.o
 .ARM.attributes
                0x0000000000000156       0x34 ./Core/Src/math_utils.o
 .ARM.attributes
                0x000000000000018a       0x34 ./Core/Src/stm32g4xx_hal_msp.o
 .ARM.attributes
                0x00000000000001be       0x34 ./Core/Src/stm32g4xx_it.o
 .ARM.attributes
                0x00000000000001f2       0x34 ./Core/Src/system_stm32g4xx.o
 .ARM.attributes
                0x0000000000000226       0x21 ./Core/Startup/startup_stm32g473vetx.o
 .ARM.attributes
                0x0000000000000247       0x34 ./Drivers/STM32G4xx_HAL_Driver/Src/stm32g4xx_hal.o
 .ARM.attributes
                0x000000000000027b       0x34 ./Drivers/STM32G4xx_HAL_Driver/Src/stm32g4xx_hal_adc.o
 .ARM.attributes
                0x00000000000002af       0x34 ./Drivers/STM32G4xx_HAL_Driver/Src/stm32g4xx_hal_adc_ex.o
 .ARM.attributes
                0x00000000000002e3       0x34 ./Drivers/STM32G4xx_HAL_Driver/Src/stm32g4xx_hal_cortex.o
 .ARM.attributes
                0x0000000000000317       0x34 ./Drivers/STM32G4xx_HAL_Driver/Src/stm32g4xx_hal_dma.o
 .ARM.attributes
                0x000000000000034b       0x34 ./Drivers/STM32G4xx_HAL_Driver/Src/stm32g4xx_hal_fdcan.o
 .ARM.attributes
                0x000000000000037f       0x34 ./Drivers/STM32G4xx_HAL_Driver/Src/stm32g4xx_hal_gpio.o
 .ARM.attributes
                0x00000000000003b3       0x34 ./Drivers/STM32G4xx_HAL_Driver/Src/stm32g4xx_hal_pwr_ex.o
 .ARM.attributes
                0x00000000000003e7       0x34 ./Drivers/STM32G4xx_HAL_Driver/Src/stm32g4xx_hal_rcc.o
 .ARM.attributes
                0x000000000000041b       0x34 ./Drivers/STM32G4xx_HAL_Driver/Src/stm32g4xx_hal_rcc_ex.o
 .ARM.attributes
                0x000000000000044f       0x34 ./Drivers/STM32G4xx_HAL_Driver/Src/stm32g4xx_hal_spi.o
 .ARM.attributes
                0x0000000000000483       0x34 ./Drivers/STM32G4xx_HAL_Driver/Src/stm32g4xx_hal_tim.o
 .ARM.attributes
                0x00000000000004b7       0x34 ./Drivers/STM32G4xx_HAL_Driver/Src/stm32g4xx_hal_tim_ex.o
 .ARM.attributes
                0x00000000000004eb       0x34 C:/ST/STM32CubeIDE_1.12.1/STM32CubeIDE/plugins/com.st.stm32cube.ide.mcu.externaltools.gnu-tools-for-stm32.11.3.rel1.win32_1.1.1.202309131626/tools/bin/../lib/gcc/arm-none-eabi/11.3.1/../../../../arm-none-eabi/lib/thumb/v7e-m+fp/hard\libm.a(libm_a-s_cos.o)
 .ARM.attributes
                0x000000000000051f       0x34 C:/ST/STM32CubeIDE_1.12.1/STM32CubeIDE/plugins/com.st.stm32cube.ide.mcu.externaltools.gnu-tools-for-stm32.11.3.rel1.win32_1.1.1.202309131626/tools/bin/../lib/gcc/arm-none-eabi/11.3.1/../../../../arm-none-eabi/lib/thumb/v7e-m+fp/hard\libm.a(libm_a-s_sin.o)
 .ARM.attributes
                0x0000000000000553       0x34 C:/ST/STM32CubeIDE_1.12.1/STM32CubeIDE/plugins/com.st.stm32cube.ide.mcu.externaltools.gnu-tools-for-stm32.11.3.rel1.win32_1.1.1.202309131626/tools/bin/../lib/gcc/arm-none-eabi/11.3.1/../../../../arm-none-eabi/lib/thumb/v7e-m+fp/hard\libm.a(libm_a-k_cos.o)
 .ARM.attributes
                0x0000000000000587       0x34 C:/ST/STM32CubeIDE_1.12.1/STM32CubeIDE/plugins/com.st.stm32cube.ide.mcu.externaltools.gnu-tools-for-stm32.11.3.rel1.win32_1.1.1.202309131626/tools/bin/../lib/gcc/arm-none-eabi/11.3.1/../../../../arm-none-eabi/lib/thumb/v7e-m+fp/hard\libm.a(libm_a-k_sin.o)
 .ARM.attributes
                0x00000000000005bb       0x34 C:/ST/STM32CubeIDE_1.12.1/STM32CubeIDE/plugins/com.st.stm32cube.ide.mcu.externaltools.gnu-tools-for-stm32.11.3.rel1.win32_1.1.1.202309131626/tools/bin/../lib/gcc/arm-none-eabi/11.3.1/../../../../arm-none-eabi/lib/thumb/v7e-m+fp/hard\libm.a(libm_a-e_rem_pio2.o)
 .ARM.attributes
                0x00000000000005ef       0x34 C:/ST/STM32CubeIDE_1.12.1/STM32CubeIDE/plugins/com.st.stm32cube.ide.mcu.externaltools.gnu-tools-for-stm32.11.3.rel1.win32_1.1.1.202309131626/tools/bin/../lib/gcc/arm-none-eabi/11.3.1/../../../../arm-none-eabi/lib/thumb/v7e-m+fp/hard\libm.a(libm_a-s_fabs.o)
 .ARM.attributes
                0x0000000000000623       0x34 C:/ST/STM32CubeIDE_1.12.1/STM32CubeIDE/plugins/com.st.stm32cube.ide.mcu.externaltools.gnu-tools-for-stm32.11.3.rel1.win32_1.1.1.202309131626/tools/bin/../lib/gcc/arm-none-eabi/11.3.1/../../../../arm-none-eabi/lib/thumb/v7e-m+fp/hard\libm.a(libm_a-k_rem_pio2.o)
 .ARM.attributes
                0x0000000000000657       0x34 C:/ST/STM32CubeIDE_1.12.1/STM32CubeIDE/plugins/com.st.stm32cube.ide.mcu.externaltools.gnu-tools-for-stm32.11.3.rel1.win32_1.1.1.202309131626/tools/bin/../lib/gcc/arm-none-eabi/11.3.1/../../../../arm-none-eabi/lib/thumb/v7e-m+fp/hard\libm.a(libm_a-s_scalbn.o)
 .ARM.attributes
                0x000000000000068b       0x34 C:/ST/STM32CubeIDE_1.12.1/STM32CubeIDE/plugins/com.st.stm32cube.ide.mcu.externaltools.gnu-tools-for-stm32.11.3.rel1.win32_1.1.1.202309131626/tools/bin/../lib/gcc/arm-none-eabi/11.3.1/../../../../arm-none-eabi/lib/thumb/v7e-m+fp/hard\libm.a(libm_a-s_floor.o)
 .ARM.attributes
                0x00000000000006bf       0x34 C:/ST/STM32CubeIDE_1.12.1/STM32CubeIDE/plugins/com.st.stm32cube.ide.mcu.externaltools.gnu-tools-for-stm32.11.3.rel1.win32_1.1.1.202309131626/tools/bin/../lib/gcc/arm-none-eabi/11.3.1/../../../../arm-none-eabi/lib/thumb/v7e-m+fp/hard\libc_nano.a(libc_a-memset.o)
 .ARM.attributes
                0x00000000000006f3       0x34 C:/ST/STM32CubeIDE_1.12.1/STM32CubeIDE/plugins/com.st.stm32cube.ide.mcu.externaltools.gnu-tools-for-stm32.11.3.rel1.win32_1.1.1.202309131626/tools/bin/../lib/gcc/arm-none-eabi/11.3.1/../../../../arm-none-eabi/lib/thumb/v7e-m+fp/hard\libc_nano.a(libc_a-init.o)
 .ARM.attributes
                0x0000000000000727       0x1e C:/ST/STM32CubeIDE_1.12.1/STM32CubeIDE/plugins/com.st.stm32cube.ide.mcu.externaltools.gnu-tools-for-stm32.11.3.rel1.win32_1.1.1.202309131626/tools/bin/../lib/gcc/arm-none-eabi/11.3.1/thumb/v7e-m+fp/hard\libgcc.a(_arm_addsubdf3.o)
 .ARM.attributes
                0x0000000000000745       0x1e C:/ST/STM32CubeIDE_1.12.1/STM32CubeIDE/plugins/com.st.stm32cube.ide.mcu.externaltools.gnu-tools-for-stm32.11.3.rel1.win32_1.1.1.202309131626/tools/bin/../lib/gcc/arm-none-eabi/11.3.1/thumb/v7e-m+fp/hard\libgcc.a(_arm_muldivdf3.o)
 .ARM.attributes
                0x0000000000000763       0x1e C:/ST/STM32CubeIDE_1.12.1/STM32CubeIDE/plugins/com.st.stm32cube.ide.mcu.externaltools.gnu-tools-for-stm32.11.3.rel1.win32_1.1.1.202309131626/tools/bin/../lib/gcc/arm-none-eabi/11.3.1/thumb/v7e-m+fp/hard\libgcc.a(_arm_cmpdf2.o)
 .ARM.attributes
                0x0000000000000781       0x1e C:/ST/STM32CubeIDE_1.12.1/STM32CubeIDE/plugins/com.st.stm32cube.ide.mcu.externaltools.gnu-tools-for-stm32.11.3.rel1.win32_1.1.1.202309131626/tools/bin/../lib/gcc/arm-none-eabi/11.3.1/thumb/v7e-m+fp/hard\libgcc.a(_arm_fixdfsi.o)
 .ARM.attributes
                0x000000000000079f       0x1e C:/ST/STM32CubeIDE_1.12.1/STM32CubeIDE/plugins/com.st.stm32cube.ide.mcu.externaltools.gnu-tools-for-stm32.11.3.rel1.win32_1.1.1.202309131626/tools/bin/../lib/gcc/arm-none-eabi/11.3.1/thumb/v7e-m+fp/hard/crtn.o
OUTPUT(Brushless_motor_driver.elf elf32-littlearm)
LOAD linker stubs
LOAD C:/ST/STM32CubeIDE_1.12.1/STM32CubeIDE/plugins/com.st.stm32cube.ide.mcu.externaltools.gnu-tools-for-stm32.11.3.rel1.win32_1.1.1.202309131626/tools/bin/../lib/gcc/arm-none-eabi/11.3.1/../../../../arm-none-eabi/lib/thumb/v7e-m+fp/hard\libc.a
LOAD C:/ST/STM32CubeIDE_1.12.1/STM32CubeIDE/plugins/com.st.stm32cube.ide.mcu.externaltools.gnu-tools-for-stm32.11.3.rel1.win32_1.1.1.202309131626/tools/bin/../lib/gcc/arm-none-eabi/11.3.1/../../../../arm-none-eabi/lib/thumb/v7e-m+fp/hard\libm.a
LOAD C:/ST/STM32CubeIDE_1.12.1/STM32CubeIDE/plugins/com.st.stm32cube.ide.mcu.externaltools.gnu-tools-for-stm32.11.3.rel1.win32_1.1.1.202309131626/tools/bin/../lib/gcc/arm-none-eabi/11.3.1/thumb/v7e-m+fp/hard\libgcc.a

.comment        0x0000000000000000       0x43
 .comment       0x0000000000000000       0x43 C:/ST/STM32CubeIDE_1.12.1/STM32CubeIDE/plugins/com.st.stm32cube.ide.mcu.externaltools.gnu-tools-for-stm32.11.3.rel1.win32_1.1.1.202309131626/tools/bin/../lib/gcc/arm-none-eabi/11.3.1/thumb/v7e-m+fp/hard/crtbegin.o
                                         0x44 (size before relaxing)
 .comment       0x0000000000000043       0x44 ./Core/Src/curr_sens.o
 .comment       0x0000000000000043       0x44 ./Core/Src/driver.o
 .comment       0x0000000000000043       0x44 ./Core/Src/hall_encoder.o
 .comment       0x0000000000000043       0x44 ./Core/Src/main.o
 .comment       0x0000000000000043       0x44 ./Core/Src/main_bridge.o
 .comment       0x0000000000000043       0x44 ./Core/Src/math_utils.o
 .comment       0x0000000000000043       0x44 ./Core/Src/stm32g4xx_hal_msp.o
 .comment       0x0000000000000043       0x44 ./Core/Src/stm32g4xx_it.o
 .comment       0x0000000000000043       0x44 ./Core/Src/system_stm32g4xx.o
 .comment       0x0000000000000043       0x44 ./Drivers/STM32G4xx_HAL_Driver/Src/stm32g4xx_hal.o
 .comment       0x0000000000000043       0x44 ./Drivers/STM32G4xx_HAL_Driver/Src/stm32g4xx_hal_adc.o
 .comment       0x0000000000000043       0x44 ./Drivers/STM32G4xx_HAL_Driver/Src/stm32g4xx_hal_adc_ex.o
 .comment       0x0000000000000043       0x44 ./Drivers/STM32G4xx_HAL_Driver/Src/stm32g4xx_hal_cortex.o
 .comment       0x0000000000000043       0x44 ./Drivers/STM32G4xx_HAL_Driver/Src/stm32g4xx_hal_dma.o
 .comment       0x0000000000000043       0x44 ./Drivers/STM32G4xx_HAL_Driver/Src/stm32g4xx_hal_fdcan.o
 .comment       0x0000000000000043       0x44 ./Drivers/STM32G4xx_HAL_Driver/Src/stm32g4xx_hal_gpio.o
 .comment       0x0000000000000043       0x44 ./Drivers/STM32G4xx_HAL_Driver/Src/stm32g4xx_hal_pwr_ex.o
 .comment       0x0000000000000043       0x44 ./Drivers/STM32G4xx_HAL_Driver/Src/stm32g4xx_hal_rcc.o
 .comment       0x0000000000000043       0x44 ./Drivers/STM32G4xx_HAL_Driver/Src/stm32g4xx_hal_rcc_ex.o
 .comment       0x0000000000000043       0x44 ./Drivers/STM32G4xx_HAL_Driver/Src/stm32g4xx_hal_spi.o
 .comment       0x0000000000000043       0x44 ./Drivers/STM32G4xx_HAL_Driver/Src/stm32g4xx_hal_tim.o
 .comment       0x0000000000000043       0x44 ./Drivers/STM32G4xx_HAL_Driver/Src/stm32g4xx_hal_tim_ex.o

.debug_info     0x0000000000000000    0x1c22b
 .debug_info    0x0000000000000000     0x254a ./Core/Src/curr_sens.o
 .debug_info    0x000000000000254a     0x24b7 ./Core/Src/driver.o
 .debug_info    0x0000000000004a01       0x63 ./Core/Src/hall_encoder.o
 .debug_info    0x0000000000004a64     0x21cb ./Core/Src/main.o
 .debug_info    0x0000000000006c2f     0x25ae ./Core/Src/main_bridge.o
 .debug_info    0x00000000000091dd      0x2e8 ./Core/Src/math_utils.o
 .debug_info    0x00000000000094c5     0x1e9d ./Core/Src/stm32g4xx_hal_msp.o
 .debug_info    0x000000000000b362      0x8a1 ./Core/Src/stm32g4xx_it.o
 .debug_info    0x000000000000bc03      0x58e ./Core/Src/system_stm32g4xx.o
 .debug_info    0x000000000000c191       0x23 ./Core/Startup/startup_stm32g473vetx.o
 .debug_info    0x000000000000c1b4      0xb23 ./Drivers/STM32G4xx_HAL_Driver/Src/stm32g4xx_hal.o
 .debug_info    0x000000000000ccd7     0x203d ./Drivers/STM32G4xx_HAL_Driver/Src/stm32g4xx_hal_adc.o
 .debug_info    0x000000000000ed14     0x1d67 ./Drivers/STM32G4xx_HAL_Driver/Src/stm32g4xx_hal_adc_ex.o
 .debug_info    0x0000000000010a7b      0xd7d ./Drivers/STM32G4xx_HAL_Driver/Src/stm32g4xx_hal_cortex.o
 .debug_info    0x00000000000117f8      0x85f ./Drivers/STM32G4xx_HAL_Driver/Src/stm32g4xx_hal_dma.o
 .debug_info    0x0000000000012057     0x1865 ./Drivers/STM32G4xx_HAL_Driver/Src/stm32g4xx_hal_fdcan.o
 .debug_info    0x00000000000138bc      0x763 ./Drivers/STM32G4xx_HAL_Driver/Src/stm32g4xx_hal_gpio.o
 .debug_info    0x000000000001401f      0x93f ./Drivers/STM32G4xx_HAL_Driver/Src/stm32g4xx_hal_pwr_ex.o
 .debug_info    0x000000000001495e      0xbe0 ./Drivers/STM32G4xx_HAL_Driver/Src/stm32g4xx_hal_rcc.o
 .debug_info    0x000000000001553e      0xc45 ./Drivers/STM32G4xx_HAL_Driver/Src/stm32g4xx_hal_rcc_ex.o
 .debug_info    0x0000000000016183     0x1748 ./Drivers/STM32G4xx_HAL_Driver/Src/stm32g4xx_hal_spi.o
 .debug_info    0x00000000000178cb     0x2bfd ./Drivers/STM32G4xx_HAL_Driver/Src/stm32g4xx_hal_tim.o
 .debug_info    0x000000000001a4c8     0x1d63 ./Drivers/STM32G4xx_HAL_Driver/Src/stm32g4xx_hal_tim_ex.o

.debug_abbrev   0x0000000000000000     0x3bc7
 .debug_abbrev  0x0000000000000000      0x603 ./Core/Src/curr_sens.o
 .debug_abbrev  0x0000000000000603      0x60a ./Core/Src/driver.o
 .debug_abbrev  0x0000000000000c0d       0x5e ./Core/Src/hall_encoder.o
 .debug_abbrev  0x0000000000000c6b      0x2d1 ./Core/Src/main.o
 .debug_abbrev  0x0000000000000f3c      0x605 ./Core/Src/main_bridge.o
 .debug_abbrev  0x0000000000001541      0x11a ./Core/Src/math_utils.o
 .debug_abbrev  0x000000000000165b      0x27f ./Core/Src/stm32g4xx_hal_msp.o
 .debug_abbrev  0x00000000000018da      0x1c5 ./Core/Src/stm32g4xx_it.o
 .debug_abbrev  0x0000000000001a9f      0x11a ./Core/Src/system_stm32g4xx.o
 .debug_abbrev  0x0000000000001bb9       0x12 ./Core/Startup/startup_stm32g473vetx.o
 .debug_abbrev  0x0000000000001bcb      0x271 ./Drivers/STM32G4xx_HAL_Driver/Src/stm32g4xx_hal.o
 .debug_abbrev  0x0000000000001e3c      0x2d3 ./Drivers/STM32G4xx_HAL_Driver/Src/stm32g4xx_hal_adc.o
 .debug_abbrev  0x000000000000210f      0x2ee ./Drivers/STM32G4xx_HAL_Driver/Src/stm32g4xx_hal_adc_ex.o
 .debug_abbrev  0x00000000000023fd      0x31c ./Drivers/STM32G4xx_HAL_Driver/Src/stm32g4xx_hal_cortex.o
 .debug_abbrev  0x0000000000002719      0x1e2 ./Drivers/STM32G4xx_HAL_Driver/Src/stm32g4xx_hal_dma.o
 .debug_abbrev  0x00000000000028fb      0x1ef ./Drivers/STM32G4xx_HAL_Driver/Src/stm32g4xx_hal_fdcan.o
 .debug_abbrev  0x0000000000002aea      0x1cb ./Drivers/STM32G4xx_HAL_Driver/Src/stm32g4xx_hal_gpio.o
 .debug_abbrev  0x0000000000002cb5      0x22c ./Drivers/STM32G4xx_HAL_Driver/Src/stm32g4xx_hal_pwr_ex.o
 .debug_abbrev  0x0000000000002ee1      0x2c9 ./Drivers/STM32G4xx_HAL_Driver/Src/stm32g4xx_hal_rcc.o
 .debug_abbrev  0x00000000000031aa      0x258 ./Drivers/STM32G4xx_HAL_Driver/Src/stm32g4xx_hal_rcc_ex.o
 .debug_abbrev  0x0000000000003402      0x267 ./Drivers/STM32G4xx_HAL_Driver/Src/stm32g4xx_hal_spi.o
 .debug_abbrev  0x0000000000003669      0x2a0 ./Drivers/STM32G4xx_HAL_Driver/Src/stm32g4xx_hal_tim.o
 .debug_abbrev  0x0000000000003909      0x2be ./Drivers/STM32G4xx_HAL_Driver/Src/stm32g4xx_hal_tim_ex.o

.debug_aranges  0x0000000000000000     0x1628
 .debug_aranges
                0x0000000000000000       0x38 ./Core/Src/curr_sens.o
 .debug_aranges
                0x0000000000000038       0x20 ./Core/Src/driver.o
 .debug_aranges
                0x0000000000000058       0x20 ./Core/Src/hall_encoder.o
 .debug_aranges
                0x0000000000000078       0x70 ./Core/Src/main.o
 .debug_aranges
                0x00000000000000e8       0x28 ./Core/Src/main_bridge.o
 .debug_aranges
                0x0000000000000110       0x38 ./Core/Src/math_utils.o
 .debug_aranges
                0x0000000000000148       0x60 ./Core/Src/stm32g4xx_hal_msp.o
 .debug_aranges
                0x00000000000001a8       0x70 ./Core/Src/stm32g4xx_it.o
 .debug_aranges
                0x0000000000000218       0x28 ./Core/Src/system_stm32g4xx.o
 .debug_aranges
                0x0000000000000240       0x28 ./Core/Startup/startup_stm32g473vetx.o
 .debug_aranges
                0x0000000000000268      0x130 ./Drivers/STM32G4xx_HAL_Driver/Src/stm32g4xx_hal.o
 .debug_aranges
                0x0000000000000398      0x248 ./Drivers/STM32G4xx_HAL_Driver/Src/stm32g4xx_hal_adc.o
 .debug_aranges
                0x00000000000005e0      0x1c0 ./Drivers/STM32G4xx_HAL_Driver/Src/stm32g4xx_hal_adc_ex.o
 .debug_aranges
                0x00000000000007a0      0x118 ./Drivers/STM32G4xx_HAL_Driver/Src/stm32g4xx_hal_cortex.o
 .debug_aranges
                0x00000000000008b8       0x90 ./Drivers/STM32G4xx_HAL_Driver/Src/stm32g4xx_hal_dma.o
 .debug_aranges
                0x0000000000000948      0x208 ./Drivers/STM32G4xx_HAL_Driver/Src/stm32g4xx_hal_fdcan.o
 .debug_aranges
                0x0000000000000b50       0x58 ./Drivers/STM32G4xx_HAL_Driver/Src/stm32g4xx_hal_gpio.o
 .debug_aranges
                0x0000000000000ba8      0x140 ./Drivers/STM32G4xx_HAL_Driver/Src/stm32g4xx_hal_pwr_ex.o
 .debug_aranges
                0x0000000000000ce8       0x98 ./Drivers/STM32G4xx_HAL_Driver/Src/stm32g4xx_hal_rcc.o
 .debug_aranges
                0x0000000000000d80       0xb0 ./Drivers/STM32G4xx_HAL_Driver/Src/stm32g4xx_hal_rcc_ex.o
 .debug_aranges
                0x0000000000000e30      0x1d8 ./Drivers/STM32G4xx_HAL_Driver/Src/stm32g4xx_hal_spi.o
 .debug_aranges
                0x0000000000001008      0x3e0 ./Drivers/STM32G4xx_HAL_Driver/Src/stm32g4xx_hal_tim.o
 .debug_aranges
                0x00000000000013e8      0x240 ./Drivers/STM32G4xx_HAL_Driver/Src/stm32g4xx_hal_tim_ex.o

.debug_rnglists
                0x0000000000000000     0x110a
 .debug_rnglists
                0x0000000000000000       0x26 ./Core/Src/curr_sens.o
 .debug_rnglists
                0x0000000000000026       0x14 ./Core/Src/driver.o
 .debug_rnglists
                0x000000000000003a       0x13 ./Core/Src/hall_encoder.o
 .debug_rnglists
                0x000000000000004d       0x56 ./Core/Src/main.o
 .debug_rnglists
                0x00000000000000a3       0x19 ./Core/Src/main_bridge.o
 .debug_rnglists
                0x00000000000000bc       0x29 ./Core/Src/math_utils.o
 .debug_rnglists
                0x00000000000000e5       0x48 ./Core/Src/stm32g4xx_hal_msp.o
 .debug_rnglists
                0x000000000000012d       0x4f ./Core/Src/stm32g4xx_it.o
 .debug_rnglists
                0x000000000000017c       0x1a ./Core/Src/system_stm32g4xx.o
 .debug_rnglists
                0x0000000000000196       0x19 ./Core/Startup/startup_stm32g473vetx.o
 .debug_rnglists
                0x00000000000001af       0xdf ./Drivers/STM32G4xx_HAL_Driver/Src/stm32g4xx_hal.o
 .debug_rnglists
                0x000000000000028e      0x1c0 ./Drivers/STM32G4xx_HAL_Driver/Src/stm32g4xx_hal_adc.o
 .debug_rnglists
                0x000000000000044e      0x15a ./Drivers/STM32G4xx_HAL_Driver/Src/stm32g4xx_hal_adc_ex.o
 .debug_rnglists
                0x00000000000005a8       0xce ./Drivers/STM32G4xx_HAL_Driver/Src/stm32g4xx_hal_cortex.o
 .debug_rnglists
                0x0000000000000676       0x71 ./Drivers/STM32G4xx_HAL_Driver/Src/stm32g4xx_hal_dma.o
 .debug_rnglists
                0x00000000000006e7      0x18d ./Drivers/STM32G4xx_HAL_Driver/Src/stm32g4xx_hal_fdcan.o
 .debug_rnglists
                0x0000000000000874       0x3f ./Drivers/STM32G4xx_HAL_Driver/Src/stm32g4xx_hal_gpio.o
 .debug_rnglists
                0x00000000000008b3       0xf1 ./Drivers/STM32G4xx_HAL_Driver/Src/stm32g4xx_hal_pwr_ex.o
 .debug_rnglists
                0x00000000000009a4       0x74 ./Drivers/STM32G4xx_HAL_Driver/Src/stm32g4xx_hal_rcc.o
 .debug_rnglists
                0x0000000000000a18       0x87 ./Drivers/STM32G4xx_HAL_Driver/Src/stm32g4xx_hal_rcc_ex.o
 .debug_rnglists
                0x0000000000000a9f      0x178 ./Drivers/STM32G4xx_HAL_Driver/Src/stm32g4xx_hal_spi.o
 .debug_rnglists
                0x0000000000000c17      0x328 ./Drivers/STM32G4xx_HAL_Driver/Src/stm32g4xx_hal_tim.o
 .debug_rnglists
                0x0000000000000f3f      0x1cb ./Drivers/STM32G4xx_HAL_Driver/Src/stm32g4xx_hal_tim_ex.o

.debug_macro    0x0000000000000000    0x26428
 .debug_macro   0x0000000000000000      0x3be ./Core/Src/curr_sens.o
 .debug_macro   0x00000000000003be      0xb80 ./Core/Src/curr_sens.o
 .debug_macro   0x0000000000000f3e      0x1b2 ./Core/Src/curr_sens.o
 .debug_macro   0x00000000000010f0       0x10 ./Core/Src/curr_sens.o
 .debug_macro   0x0000000000001100      0x3ed ./Core/Src/curr_sens.o
 .debug_macro   0x00000000000014ed       0x1c ./Core/Src/curr_sens.o
 .debug_macro   0x0000000000001509       0x18 ./Core/Src/curr_sens.o
 .debug_macro   0x0000000000001521       0x4f ./Core/Src/curr_sens.o
 .debug_macro   0x0000000000001570       0x41 ./Core/Src/curr_sens.o
 .debug_macro   0x00000000000015b1       0x19 ./Core/Src/curr_sens.o
 .debug_macro   0x00000000000015ca       0x28 ./Core/Src/curr_sens.o
 .debug_macro   0x00000000000015f2       0x2e ./Core/Src/curr_sens.o
 .debug_macro   0x0000000000001620       0x19 ./Core/Src/curr_sens.o
 .debug_macro   0x0000000000001639       0x88 ./Core/Src/curr_sens.o
 .debug_macro   0x00000000000016c1       0x19 ./Core/Src/curr_sens.o
 .debug_macro   0x00000000000016da       0x11 ./Core/Src/curr_sens.o
 .debug_macro   0x00000000000016eb       0x10 ./Core/Src/curr_sens.o
 .debug_macro   0x00000000000016fb       0x27 ./Core/Src/curr_sens.o
 .debug_macro   0x0000000000001722       0x11 ./Core/Src/curr_sens.o
 .debug_macro   0x0000000000001733       0x26 ./Core/Src/curr_sens.o
 .debug_macro   0x0000000000001759       0x1c ./Core/Src/curr_sens.o
 .debug_macro   0x0000000000001775       0x22 ./Core/Src/curr_sens.o
 .debug_macro   0x0000000000001797       0x8e ./Core/Src/curr_sens.o
 .debug_macro   0x0000000000001825       0x51 ./Core/Src/curr_sens.o
 .debug_macro   0x0000000000001876      0x103 ./Core/Src/curr_sens.o
 .debug_macro   0x0000000000001979       0x6a ./Core/Src/curr_sens.o
 .debug_macro   0x00000000000019e3      0x1df ./Core/Src/curr_sens.o
 .debug_macro   0x0000000000001bc2      0x167 ./Core/Src/curr_sens.o
 .debug_macro   0x0000000000001d29       0x2e ./Core/Src/curr_sens.o
 .debug_macro   0x0000000000001d57       0x28 ./Core/Src/curr_sens.o
 .debug_macro   0x0000000000001d7f       0x1c ./Core/Src/curr_sens.o
 .debug_macro   0x0000000000001d9b       0x22 ./Core/Src/curr_sens.o
 .debug_macro   0x0000000000001dbd       0xfb ./Core/Src/curr_sens.o
 .debug_macro   0x0000000000001eb8     0x1011 ./Core/Src/curr_sens.o
 .debug_macro   0x0000000000002ec9      0x11f ./Core/Src/curr_sens.o
 .debug_macro   0x0000000000002fe8    0x130e6 ./Core/Src/curr_sens.o
 .debug_macro   0x00000000000160ce       0x6d ./Core/Src/curr_sens.o
 .debug_macro   0x000000000001613b     0x3554 ./Core/Src/curr_sens.o
 .debug_macro   0x000000000001968f      0x17b ./Core/Src/curr_sens.o
 .debug_macro   0x000000000001980a       0x5c ./Core/Src/curr_sens.o
 .debug_macro   0x0000000000019866     0x16d9 ./Core/Src/curr_sens.o
 .debug_macro   0x000000000001af3f      0x600 ./Core/Src/curr_sens.o
 .debug_macro   0x000000000001b53f      0x1b6 ./Core/Src/curr_sens.o
 .debug_macro   0x000000000001b6f5      0x336 ./Core/Src/curr_sens.o
 .debug_macro   0x000000000001ba2b      0x50b ./Core/Src/curr_sens.o
 .debug_macro   0x000000000001bf36      0x18b ./Core/Src/curr_sens.o
 .debug_macro   0x000000000001c0c1       0x43 ./Core/Src/curr_sens.o
 .debug_macro   0x000000000001c104      0x23d ./Core/Src/curr_sens.o
 .debug_macro   0x000000000001c341     0x10fd ./Core/Src/curr_sens.o
 .debug_macro   0x000000000001d43e      0x72e ./Core/Src/curr_sens.o
 .debug_macro   0x000000000001db6c      0x391 ./Core/Src/curr_sens.o
 .debug_macro   0x000000000001defd      0x211 ./Core/Src/curr_sens.o
 .debug_macro   0x000000000001e10e      0x6af ./Core/Src/curr_sens.o
 .debug_macro   0x000000000001e7bd      0x45c ./Core/Src/curr_sens.o
 .debug_macro   0x000000000001ec19      0x11c ./Core/Src/curr_sens.o
 .debug_macro   0x000000000001ed35      0x122 ./Core/Src/curr_sens.o
 .debug_macro   0x000000000001ee57      0x3d1 ./Core/Src/curr_sens.o
 .debug_macro   0x000000000001f228      0x2fe ./Core/Src/curr_sens.o
 .debug_macro   0x000000000001f526      0xbef ./Core/Src/curr_sens.o
 .debug_macro   0x0000000000020115      0x718 ./Core/Src/curr_sens.o
 .debug_macro   0x000000000002082d      0x34a ./Core/Src/curr_sens.o
 .debug_macro   0x0000000000020b77       0x22 ./Core/Src/curr_sens.o
 .debug_macro   0x0000000000020b99      0x3e1 ./Core/Src/driver.o
 .debug_macro   0x0000000000020f7a       0x64 ./Core/Src/driver.o
 .debug_macro   0x0000000000020fde       0x1b ./Core/Src/hall_encoder.o
 .debug_macro   0x0000000000020ff9      0x215 ./Core/Src/main.o
 .debug_macro   0x000000000002120e      0xaa8 ./Core/Src/main.o
 .debug_macro   0x0000000000021cb6     0x1011 ./Core/Src/main.o
 .debug_macro   0x0000000000022cc7      0x174 ./Core/Src/main.o
 .debug_macro   0x0000000000022e3b      0x3c8 ./Core/Src/main_bridge.o
 .debug_macro   0x0000000000023203      0x179 ./Core/Src/math_utils.o
 .debug_macro   0x000000000002337c       0x5b ./Core/Src/math_utils.o
 .debug_macro   0x00000000000233d7       0x2a ./Core/Src/math_utils.o
 .debug_macro   0x0000000000023401       0x94 ./Core/Src/math_utils.o
 .debug_macro   0x0000000000023495       0x43 ./Core/Src/math_utils.o
 .debug_macro   0x00000000000234d8       0x34 ./Core/Src/math_utils.o
 .debug_macro   0x000000000002350c       0x16 ./Core/Src/math_utils.o
 .debug_macro   0x0000000000023522       0x43 ./Core/Src/math_utils.o
 .debug_macro   0x0000000000023565       0x57 ./Core/Src/math_utils.o
 .debug_macro   0x00000000000235bc       0x34 ./Core/Src/math_utils.o
 .debug_macro   0x00000000000235f0       0x10 ./Core/Src/math_utils.o
 .debug_macro   0x0000000000023600       0x58 ./Core/Src/math_utils.o
 .debug_macro   0x0000000000023658       0x8e ./Core/Src/math_utils.o
 .debug_macro   0x00000000000236e6       0x16 ./Core/Src/math_utils.o
 .debug_macro   0x00000000000236fc      0x177 ./Core/Src/math_utils.o
 .debug_macro   0x0000000000023873      0x38c ./Core/Src/math_utils.o
 .debug_macro   0x0000000000023bff      0x194 ./Core/Src/math_utils.o
 .debug_macro   0x0000000000023d93       0x10 ./Core/Src/math_utils.o
 .debug_macro   0x0000000000023da3       0x16 ./Core/Src/math_utils.o
 .debug_macro   0x0000000000023db9       0x35 ./Core/Src/math_utils.o
 .debug_macro   0x0000000000023dee       0x16 ./Core/Src/math_utils.o
 .debug_macro   0x0000000000023e04       0x29 ./Core/Src/math_utils.o
 .debug_macro   0x0000000000023e2d       0x10 ./Core/Src/math_utils.o
 .debug_macro   0x0000000000023e3d      0x3c7 ./Core/Src/math_utils.o
 .debug_macro   0x0000000000024204      0x20b ./Core/Src/stm32g4xx_hal_msp.o
 .debug_macro   0x000000000002440f      0x215 ./Core/Src/stm32g4xx_it.o
 .debug_macro   0x0000000000024624      0x1fc ./Core/Src/system_stm32g4xx.o
 .debug_macro   0x0000000000024820      0x24a ./Drivers/STM32G4xx_HAL_Driver/Src/stm32g4xx_hal.o
 .debug_macro   0x0000000000024a6a      0x219 ./Drivers/STM32G4xx_HAL_Driver/Src/stm32g4xx_hal_adc.o
 .debug_macro   0x0000000000024c83      0x208 ./Drivers/STM32G4xx_HAL_Driver/Src/stm32g4xx_hal_adc_ex.o
 .debug_macro   0x0000000000024e8b      0x1fc ./Drivers/STM32G4xx_HAL_Driver/Src/stm32g4xx_hal_cortex.o
 .debug_macro   0x0000000000025087      0x1fc ./Drivers/STM32G4xx_HAL_Driver/Src/stm32g4xx_hal_dma.o
 .debug_macro   0x0000000000025283      0x30e ./Drivers/STM32G4xx_HAL_Driver/Src/stm32g4xx_hal_fdcan.o
 .debug_macro   0x0000000000025591      0x203 ./Drivers/STM32G4xx_HAL_Driver/Src/stm32g4xx_hal_gpio.o
 .debug_macro   0x0000000000025794      0x226 ./Drivers/STM32G4xx_HAL_Driver/Src/stm32g4xx_hal_pwr_ex.o
 .debug_macro   0x00000000000259ba      0x23e ./Drivers/STM32G4xx_HAL_Driver/Src/stm32g4xx_hal_rcc.o
 .debug_macro   0x0000000000025bf8      0x226 ./Drivers/STM32G4xx_HAL_Driver/Src/stm32g4xx_hal_rcc_ex.o
 .debug_macro   0x0000000000025e1e      0x204 ./Drivers/STM32G4xx_HAL_Driver/Src/stm32g4xx_hal_spi.o
 .debug_macro   0x0000000000026022      0x204 ./Drivers/STM32G4xx_HAL_Driver/Src/stm32g4xx_hal_tim.o
 .debug_macro   0x0000000000026226      0x202 ./Drivers/STM32G4xx_HAL_Driver/Src/stm32g4xx_hal_tim_ex.o

.debug_line     0x0000000000000000    0x19fb3
 .debug_line    0x0000000000000000     0x109e ./Core/Src/curr_sens.o
 .debug_line    0x000000000000109e     0x108d ./Core/Src/driver.o
 .debug_line    0x000000000000212b       0x72 ./Core/Src/hall_encoder.o
 .debug_line    0x000000000000219d      0xb33 ./Core/Src/main.o
 .debug_line    0x0000000000002cd0     0x1088 ./Core/Src/main_bridge.o
 .debug_line    0x0000000000003d58      0xada ./Core/Src/math_utils.o
 .debug_line    0x0000000000004832      0x9dc ./Core/Src/stm32g4xx_hal_msp.o
 .debug_line    0x000000000000520e      0x8b2 ./Core/Src/stm32g4xx_it.o
 .debug_line    0x0000000000005ac0      0x829 ./Core/Src/system_stm32g4xx.o
 .debug_line    0x00000000000062e9       0x7b ./Core/Startup/startup_stm32g473vetx.o
 .debug_line    0x0000000000006364      0xba0 ./Drivers/STM32G4xx_HAL_Driver/Src/stm32g4xx_hal.o
 .debug_line    0x0000000000006f04     0x21f9 ./Drivers/STM32G4xx_HAL_Driver/Src/stm32g4xx_hal_adc.o
 .debug_line    0x00000000000090fd     0x1be3 ./Drivers/STM32G4xx_HAL_Driver/Src/stm32g4xx_hal_adc_ex.o
 .debug_line    0x000000000000ace0      0xd53 ./Drivers/STM32G4xx_HAL_Driver/Src/stm32g4xx_hal_cortex.o
 .debug_line    0x000000000000ba33      0xf0c ./Drivers/STM32G4xx_HAL_Driver/Src/stm32g4xx_hal_dma.o
 .debug_line    0x000000000000c93f     0x1919 ./Drivers/STM32G4xx_HAL_Driver/Src/stm32g4xx_hal_fdcan.o
 .debug_line    0x000000000000e258      0xbe3 ./Drivers/STM32G4xx_HAL_Driver/Src/stm32g4xx_hal_gpio.o
 .debug_line    0x000000000000ee3b      0xd57 ./Drivers/STM32G4xx_HAL_Driver/Src/stm32g4xx_hal_pwr_ex.o
 .debug_line    0x000000000000fb92      0xfb3 ./Drivers/STM32G4xx_HAL_Driver/Src/stm32g4xx_hal_rcc.o
 .debug_line    0x0000000000010b45     0x12c5 ./Drivers/STM32G4xx_HAL_Driver/Src/stm32g4xx_hal_rcc_ex.o
 .debug_line    0x0000000000011e0a     0x1fe2 ./Drivers/STM32G4xx_HAL_Driver/Src/stm32g4xx_hal_spi.o
 .debug_line    0x0000000000013dec     0x3fd3 ./Drivers/STM32G4xx_HAL_Driver/Src/stm32g4xx_hal_tim.o
 .debug_line    0x0000000000017dbf     0x21f4 ./Drivers/STM32G4xx_HAL_Driver/Src/stm32g4xx_hal_tim_ex.o

.debug_str      0x0000000000000000    0xf5bc0
 .debug_str     0x0000000000000000    0xea42d ./Core/Src/curr_sens.o
                                      0xeadc6 (size before relaxing)
 .debug_str     0x00000000000ea42d      0x575 ./Core/Src/driver.o
                                      0xeaff4 (size before relaxing)
 .debug_str     0x00000000000ea9a2       0x1d ./Core/Src/hall_encoder.o
                                       0x325c (size before relaxing)
 .debug_str     0x00000000000ea9bf     0x12fc ./Core/Src/main.o
                                      0xe6cf9 (size before relaxing)
 .debug_str     0x00000000000ebcbb       0x7f ./Core/Src/main_bridge.o
                                      0xeae27 (size before relaxing)
 .debug_str     0x00000000000ebd3a     0x3e45 ./Core/Src/math_utils.o
                                       0x926b (size before relaxing)
 .debug_str     0x00000000000efb7f      0x337 ./Core/Src/stm32g4xx_hal_msp.o
                                      0xe6a95 (size before relaxing)
 .debug_str     0x00000000000efeb6      0x118 ./Core/Src/stm32g4xx_it.o
                                      0xe5931 (size before relaxing)
 .debug_str     0x00000000000effce       0xdb ./Core/Src/system_stm32g4xx.o
                                      0xe5288 (size before relaxing)
 .debug_str     0x00000000000f00a9       0x34 ./Core/Startup/startup_stm32g473vetx.o
                                         0x82 (size before relaxing)
 .debug_str     0x00000000000f00dd      0x5ac ./Drivers/STM32G4xx_HAL_Driver/Src/stm32g4xx_hal.o
                                      0xe5eea (size before relaxing)
 .debug_str     0x00000000000f0689      0xb22 ./Drivers/STM32G4xx_HAL_Driver/Src/stm32g4xx_hal_adc.o
                                      0xe62d9 (size before relaxing)
 .debug_str     0x00000000000f11ab      0x641 ./Drivers/STM32G4xx_HAL_Driver/Src/stm32g4xx_hal_adc_ex.o
                                      0xe624f (size before relaxing)
 .debug_str     0x00000000000f17ec      0x313 ./Drivers/STM32G4xx_HAL_Driver/Src/stm32g4xx_hal_cortex.o
                                      0xe5b95 (size before relaxing)
 .debug_str     0x00000000000f1aff      0x285 ./Drivers/STM32G4xx_HAL_Driver/Src/stm32g4xx_hal_dma.o
                                      0xe5662 (size before relaxing)
 .debug_str     0x00000000000f1d84     0x130d ./Drivers/STM32G4xx_HAL_Driver/Src/stm32g4xx_hal_fdcan.o
                                      0xe6821 (size before relaxing)
 .debug_str     0x00000000000f3091      0x123 ./Drivers/STM32G4xx_HAL_Driver/Src/stm32g4xx_hal_gpio.o
                                      0xe5413 (size before relaxing)
 .debug_str     0x00000000000f31b4      0x495 ./Drivers/STM32G4xx_HAL_Driver/Src/stm32g4xx_hal_pwr_ex.o
                                      0xe5776 (size before relaxing)
 .debug_str     0x00000000000f3649      0x4fb ./Drivers/STM32G4xx_HAL_Driver/Src/stm32g4xx_hal_rcc.o
                                      0xe59a7 (size before relaxing)
 .debug_str     0x00000000000f3b44      0x40b ./Drivers/STM32G4xx_HAL_Driver/Src/stm32g4xx_hal_rcc_ex.o
                                      0xe59d1 (size before relaxing)
 .debug_str     0x00000000000f3f4f      0x56c ./Drivers/STM32G4xx_HAL_Driver/Src/stm32g4xx_hal_spi.o
                                      0xe5bc0 (size before relaxing)
 .debug_str     0x00000000000f44bb      0xe0e ./Drivers/STM32G4xx_HAL_Driver/Src/stm32g4xx_hal_tim.o
                                      0xe6776 (size before relaxing)
 .debug_str     0x00000000000f52c9      0x8f7 ./Drivers/STM32G4xx_HAL_Driver/Src/stm32g4xx_hal_tim_ex.o
                                      0xe63fa (size before relaxing)

.debug_frame    0x0000000000000000     0x630c
 .debug_frame   0x0000000000000000       0xac ./Core/Src/curr_sens.o
 .debug_frame   0x00000000000000ac       0x34 ./Core/Src/driver.o
 .debug_frame   0x00000000000000e0       0x30 ./Core/Src/hall_encoder.o
 .debug_frame   0x0000000000000110      0x178 ./Core/Src/main.o
 .debug_frame   0x0000000000000288       0x50 ./Core/Src/main_bridge.o
 .debug_frame   0x00000000000002d8       0xb4 ./Core/Src/math_utils.o
 .debug_frame   0x000000000000038c      0x15c ./Core/Src/stm32g4xx_hal_msp.o
 .debug_frame   0x00000000000004e8      0x13c ./Core/Src/stm32g4xx_it.o
 .debug_frame   0x0000000000000624       0x58 ./Core/Src/system_stm32g4xx.o
 .debug_frame   0x000000000000067c      0x4a0 ./Drivers/STM32G4xx_HAL_Driver/Src/stm32g4xx_hal.o
 .debug_frame   0x0000000000000b1c      0xacc ./Drivers/STM32G4xx_HAL_Driver/Src/stm32g4xx_hal_adc.o
 .debug_frame   0x00000000000015e8      0x81c ./Drivers/STM32G4xx_HAL_Driver/Src/stm32g4xx_hal_adc_ex.o
 .debug_frame   0x0000000000001e04      0x498 ./Drivers/STM32G4xx_HAL_Driver/Src/stm32g4xx_hal_cortex.o
 .debug_frame   0x000000000000229c      0x24c ./Drivers/STM32G4xx_HAL_Driver/Src/stm32g4xx_hal_dma.o
 .debug_frame   0x00000000000024e8      0x9b0 ./Drivers/STM32G4xx_HAL_Driver/Src/stm32g4xx_hal_fdcan.o
 .debug_frame   0x0000000000002e98      0x14c ./Drivers/STM32G4xx_HAL_Driver/Src/stm32g4xx_hal_gpio.o
 .debug_frame   0x0000000000002fe4      0x4fc ./Drivers/STM32G4xx_HAL_Driver/Src/stm32g4xx_hal_pwr_ex.o
 .debug_frame   0x00000000000034e0      0x23c ./Drivers/STM32G4xx_HAL_Driver/Src/stm32g4xx_hal_rcc.o
 .debug_frame   0x000000000000371c      0x2ac ./Drivers/STM32G4xx_HAL_Driver/Src/stm32g4xx_hal_rcc_ex.o
 .debug_frame   0x00000000000039c8      0x860 ./Drivers/STM32G4xx_HAL_Driver/Src/stm32g4xx_hal_spi.o
 .debug_frame   0x0000000000004228     0x121c ./Drivers/STM32G4xx_HAL_Driver/Src/stm32g4xx_hal_tim.o
 .debug_frame   0x0000000000005444      0xa70 ./Drivers/STM32G4xx_HAL_Driver/Src/stm32g4xx_hal_tim_ex.o
 .debug_frame   0x0000000000005eb4       0x38 C:/ST/STM32CubeIDE_1.12.1/STM32CubeIDE/plugins/com.st.stm32cube.ide.mcu.externaltools.gnu-tools-for-stm32.11.3.rel1.win32_1.1.1.202309131626/tools/bin/../lib/gcc/arm-none-eabi/11.3.1/../../../../arm-none-eabi/lib/thumb/v7e-m+fp/hard\libm.a(libm_a-s_cos.o)
 .debug_frame   0x0000000000005eec       0x38 C:/ST/STM32CubeIDE_1.12.1/STM32CubeIDE/plugins/com.st.stm32cube.ide.mcu.externaltools.gnu-tools-for-stm32.11.3.rel1.win32_1.1.1.202309131626/tools/bin/../lib/gcc/arm-none-eabi/11.3.1/../../../../arm-none-eabi/lib/thumb/v7e-m+fp/hard\libm.a(libm_a-s_sin.o)
 .debug_frame   0x0000000000005f24       0x3c C:/ST/STM32CubeIDE_1.12.1/STM32CubeIDE/plugins/com.st.stm32cube.ide.mcu.externaltools.gnu-tools-for-stm32.11.3.rel1.win32_1.1.1.202309131626/tools/bin/../lib/gcc/arm-none-eabi/11.3.1/../../../../arm-none-eabi/lib/thumb/v7e-m+fp/hard\libm.a(libm_a-k_cos.o)
 .debug_frame   0x0000000000005f60       0x5c C:/ST/STM32CubeIDE_1.12.1/STM32CubeIDE/plugins/com.st.stm32cube.ide.mcu.externaltools.gnu-tools-for-stm32.11.3.rel1.win32_1.1.1.202309131626/tools/bin/../lib/gcc/arm-none-eabi/11.3.1/../../../../arm-none-eabi/lib/thumb/v7e-m+fp/hard\libm.a(libm_a-k_sin.o)
 .debug_frame   0x0000000000005fbc       0x50 C:/ST/STM32CubeIDE_1.12.1/STM32CubeIDE/plugins/com.st.stm32cube.ide.mcu.externaltools.gnu-tools-for-stm32.11.3.rel1.win32_1.1.1.202309131626/tools/bin/../lib/gcc/arm-none-eabi/11.3.1/../../../../arm-none-eabi/lib/thumb/v7e-m+fp/hard\libm.a(libm_a-e_rem_pio2.o)
 .debug_frame   0x000000000000600c       0x20 C:/ST/STM32CubeIDE_1.12.1/STM32CubeIDE/plugins/com.st.stm32cube.ide.mcu.externaltools.gnu-tools-for-stm32.11.3.rel1.win32_1.1.1.202309131626/tools/bin/../lib/gcc/arm-none-eabi/11.3.1/../../../../arm-none-eabi/lib/thumb/v7e-m+fp/hard\libm.a(libm_a-s_fabs.o)
 .debug_frame   0x000000000000602c       0x54 C:/ST/STM32CubeIDE_1.12.1/STM32CubeIDE/plugins/com.st.stm32cube.ide.mcu.externaltools.gnu-tools-for-stm32.11.3.rel1.win32_1.1.1.202309131626/tools/bin/../lib/gcc/arm-none-eabi/11.3.1/../../../../arm-none-eabi/lib/thumb/v7e-m+fp/hard\libm.a(libm_a-k_rem_pio2.o)
 .debug_frame   0x0000000000006080       0x2c C:/ST/STM32CubeIDE_1.12.1/STM32CubeIDE/plugins/com.st.stm32cube.ide.mcu.externaltools.gnu-tools-for-stm32.11.3.rel1.win32_1.1.1.202309131626/tools/bin/../lib/gcc/arm-none-eabi/11.3.1/../../../../arm-none-eabi/lib/thumb/v7e-m+fp/hard\libm.a(libm_a-s_scalbn.o)
 .debug_frame   0x00000000000060ac       0x30 C:/ST/STM32CubeIDE_1.12.1/STM32CubeIDE/plugins/com.st.stm32cube.ide.mcu.externaltools.gnu-tools-for-stm32.11.3.rel1.win32_1.1.1.202309131626/tools/bin/../lib/gcc/arm-none-eabi/11.3.1/../../../../arm-none-eabi/lib/thumb/v7e-m+fp/hard\libm.a(libm_a-s_floor.o)
 .debug_frame   0x00000000000060dc       0x20 C:/ST/STM32CubeIDE_1.12.1/STM32CubeIDE/plugins/com.st.stm32cube.ide.mcu.externaltools.gnu-tools-for-stm32.11.3.rel1.win32_1.1.1.202309131626/tools/bin/../lib/gcc/arm-none-eabi/11.3.1/../../../../arm-none-eabi/lib/thumb/v7e-m+fp/hard\libc_nano.a(libc_a-memset.o)
 .debug_frame   0x00000000000060fc       0x2c C:/ST/STM32CubeIDE_1.12.1/STM32CubeIDE/plugins/com.st.stm32cube.ide.mcu.externaltools.gnu-tools-for-stm32.11.3.rel1.win32_1.1.1.202309131626/tools/bin/../lib/gcc/arm-none-eabi/11.3.1/../../../../arm-none-eabi/lib/thumb/v7e-m+fp/hard\libc_nano.a(libc_a-init.o)