Archive member included to satisfy reference by file (symbol)

C:/ST/STM32CubeIDE_1.12.1/STM32CubeIDE/plugins/com.st.stm32cube.ide.mcu.externaltools.gnu-tools-for-stm32.11.3.rel1.win32_1.1.100.202309141235/tools/bin/../lib/gcc/arm-none-eabi/11.3.1/../../../../arm-none-eabi/lib/thumb/v7e-m+fp/hard\libstdc++_nano.a(del_ops.o)
                              ./Core/Src/curr_sens.o (operator delete(void*, unsigned int))
C:/ST/STM32CubeIDE_1.12.1/STM32CubeIDE/plugins/com.st.stm32cube.ide.mcu.externaltools.gnu-tools-for-stm32.11.3.rel1.win32_1.1.100.202309141235/tools/bin/../lib/gcc/arm-none-eabi/11.3.1/../../../../arm-none-eabi/lib/thumb/v7e-m+fp/hard\libstdc++_nano.a(new_op.o)
                              ./Core/Src/filter.o (operator new(unsigned int))
C:/ST/STM32CubeIDE_1.12.1/STM32CubeIDE/plugins/com.st.stm32cube.ide.mcu.externaltools.gnu-tools-for-stm32.11.3.rel1.win32_1.1.100.202309141235/tools/bin/../lib/gcc/arm-none-eabi/11.3.1/../../../../arm-none-eabi/lib/thumb/v7e-m+fp/hard\libstdc++_nano.a(functexcept.o)
                              ./Core/Src/filter.o (std::__throw_bad_alloc())
C:/ST/STM32CubeIDE_1.12.1/STM32CubeIDE/plugins/com.st.stm32cube.ide.mcu.externaltools.gnu-tools-for-stm32.11.3.rel1.win32_1.1.100.202309141235/tools/bin/../lib/gcc/arm-none-eabi/11.3.1/../../../../arm-none-eabi/lib/thumb/v7e-m+fp/hard\libstdc++_nano.a(snprintf_lite.o)
                              C:/ST/STM32CubeIDE_1.12.1/STM32CubeIDE/plugins/com.st.stm32cube.ide.mcu.externaltools.gnu-tools-for-stm32.11.3.rel1.win32_1.1.100.202309141235/tools/bin/../lib/gcc/arm-none-eabi/11.3.1/../../../../arm-none-eabi/lib/thumb/v7e-m+fp/hard\libstdc++_nano.a(functexcept.o) (__gnu_cxx::__snprintf_lite(char*, unsigned int, char const*, std::__va_list))
C:/ST/STM32CubeIDE_1.12.1/STM32CubeIDE/plugins/com.st.stm32cube.ide.mcu.externaltools.gnu-tools-for-stm32.11.3.rel1.win32_1.1.100.202309141235/tools/bin/../lib/gcc/arm-none-eabi/11.3.1/../../../../arm-none-eabi/lib/thumb/v7e-m+fp/hard\libstdc++_nano.a(del_op.o)
                              C:/ST/STM32CubeIDE_1.12.1/STM32CubeIDE/plugins/com.st.stm32cube.ide.mcu.externaltools.gnu-tools-for-stm32.11.3.rel1.win32_1.1.100.202309141235/tools/bin/../lib/gcc/arm-none-eabi/11.3.1/../../../../arm-none-eabi/lib/thumb/v7e-m+fp/hard\libstdc++_nano.a(del_ops.o) (operator delete(void*))
C:/ST/STM32CubeIDE_1.12.1/STM32CubeIDE/plugins/com.st.stm32cube.ide.mcu.externaltools.gnu-tools-for-stm32.11.3.rel1.win32_1.1.100.202309141235/tools/bin/../lib/gcc/arm-none-eabi/11.3.1/../../../../arm-none-eabi/lib/thumb/v7e-m+fp/hard\libstdc++_nano.a(new_handler.o)
                              C:/ST/STM32CubeIDE_1.12.1/STM32CubeIDE/plugins/com.st.stm32cube.ide.mcu.externaltools.gnu-tools-for-stm32.11.3.rel1.win32_1.1.100.202309141235/tools/bin/../lib/gcc/arm-none-eabi/11.3.1/../../../../arm-none-eabi/lib/thumb/v7e-m+fp/hard\libstdc++_nano.a(new_op.o) (std::get_new_handler())
C:/ST/STM32CubeIDE_1.12.1/STM32CubeIDE/plugins/com.st.stm32cube.ide.mcu.externaltools.gnu-tools-for-stm32.11.3.rel1.win32_1.1.100.202309141235/tools/bin/../lib/gcc/arm-none-eabi/11.3.1/../../../../arm-none-eabi/lib/thumb/v7e-m+fp/hard\libm.a(libm_a-s_cos.o)
                              ./Core/Src/math_utils.o (cos)
C:/ST/STM32CubeIDE_1.12.1/STM32CubeIDE/plugins/com.st.stm32cube.ide.mcu.externaltools.gnu-tools-for-stm32.11.3.rel1.win32_1.1.100.202309141235/tools/bin/../lib/gcc/arm-none-eabi/11.3.1/../../../../arm-none-eabi/lib/thumb/v7e-m+fp/hard\libm.a(libm_a-s_sin.o)
                              ./Core/Src/math_utils.o (sin)
C:/ST/STM32CubeIDE_1.12.1/STM32CubeIDE/plugins/com.st.stm32cube.ide.mcu.externaltools.gnu-tools-for-stm32.11.3.rel1.win32_1.1.100.202309141235/tools/bin/../lib/gcc/arm-none-eabi/11.3.1/../../../../arm-none-eabi/lib/thumb/v7e-m+fp/hard\libm.a(libm_a-k_cos.o)
                              C:/ST/STM32CubeIDE_1.12.1/STM32CubeIDE/plugins/com.st.stm32cube.ide.mcu.externaltools.gnu-tools-for-stm32.11.3.rel1.win32_1.1.100.202309141235/tools/bin/../lib/gcc/arm-none-eabi/11.3.1/../../../../arm-none-eabi/lib/thumb/v7e-m+fp/hard\libm.a(libm_a-s_cos.o) (__kernel_cos)
C:/ST/STM32CubeIDE_1.12.1/STM32CubeIDE/plugins/com.st.stm32cube.ide.mcu.externaltools.gnu-tools-for-stm32.11.3.rel1.win32_1.1.100.202309141235/tools/bin/../lib/gcc/arm-none-eabi/11.3.1/../../../../arm-none-eabi/lib/thumb/v7e-m+fp/hard\libm.a(libm_a-k_sin.o)
                              C:/ST/STM32CubeIDE_1.12.1/STM32CubeIDE/plugins/com.st.stm32cube.ide.mcu.externaltools.gnu-tools-for-stm32.11.3.rel1.win32_1.1.100.202309141235/tools/bin/../lib/gcc/arm-none-eabi/11.3.1/../../../../arm-none-eabi/lib/thumb/v7e-m+fp/hard\libm.a(libm_a-s_cos.o) (__kernel_sin)
C:/ST/STM32CubeIDE_1.12.1/STM32CubeIDE/plugins/com.st.stm32cube.ide.mcu.externaltools.gnu-tools-for-stm32.11.3.rel1.win32_1.1.100.202309141235/tools/bin/../lib/gcc/arm-none-eabi/11.3.1/../../../../arm-none-eabi/lib/thumb/v7e-m+fp/hard\libm.a(libm_a-e_rem_pio2.o)
[...]
Memory Configuration

Name             Origin             Length             Attributes
RAM              0x0000000020000000 0x0000000000020000 xrw
FLASH            0x0000000008000000 0x0000000000080000 xr
*default*        0x0000000000000000 0xffffffffffffffff

Linker script and memory map

LOAD C:/ST/STM32CubeIDE_1.12.1/STM32CubeIDE/plugins/com.st.stm32cube.ide.mcu.externaltools.gnu-tools-for-stm32.11.3.rel1.win32_1.1.100.202309141235/tools/bin/../lib/gcc/arm-none-eabi/11.3.1/thumb/v7e-m+fp/hard/crti.o
LOAD C:/ST/STM32CubeIDE_1.12.1/STM32CubeIDE/plugins/com.st.stm32cube.ide.mcu.externaltools.gnu-tools-for-stm32.11.3.rel1.win32_1.1.100.202309141235/tools/bin/../lib/gcc/arm-none-eabi/11.3.1/thumb/v7e-m+fp/hard/crtbegin.o
LOAD C:/ST/STM32CubeIDE_1.12.1/STM32CubeIDE/plugins/com.st.stm32cube.ide.mcu.externaltools.gnu-tools-for-stm32.11.3.rel1.win32_1.1.100.202309141235/tools/bin/../lib/gcc/arm-none-eabi/11.3.1/../../../../arm-none-eabi/lib/thumb/v7e-m+fp/hard/crt0.o
LOAD ./Core/Src/curr_sens.o
LOAD ./Core/Src/driver.o
LOAD ./Core/Src/filter.o
LOAD ./Core/Src/hall_encoder.o
LOAD ./Core/Src/main.o
LOAD ./Core/Src/main_bridge.o
LOAD ./Core/Src/math_utils.o
LOAD ./Core/Src/stm32g4xx_hal_msp.o
LOAD ./Core/Src/stm32g4xx_it.o
LOAD ./Core/Src/syscalls.o
LOAD ./Core/Src/sysmem.o
LOAD ./Core/Src/system_stm32g4xx.o
LOAD ./Core/Startup/startup_stm32g473vetx.o
LOAD ./Drivers/STM32G4xx_HAL_Driver/Src/stm32g4xx_hal.o
LOAD ./Drivers/STM32G4xx_HAL_Driver/Src/stm32g4xx_hal_adc.o
LOAD ./Drivers/STM32G4xx_HAL_Driver/Src/stm32g4xx_hal_adc_ex.o
LOAD ./Drivers/STM32G4xx_HAL_Driver/Src/stm32g4xx_hal_cortex.o
LOAD ./Drivers/STM32G4xx_HAL_Driver/Src/stm32g4xx_hal_dma.o
LOAD ./Drivers/STM32G4xx_HAL_Driver/Src/stm32g4xx_hal_dma_ex.o
LOAD ./Drivers/STM32G4xx_HAL_Driver/Src/stm32g4xx_hal_exti.o
LOAD ./Drivers/STM32G4xx_HAL_Driver/Src/stm32g4xx_hal_fdcan.o
LOAD ./Drivers/STM32G4xx_HAL_Driver/Src/stm32g4xx_hal_flash.o
LOAD ./Drivers/STM32G4xx_HAL_Driver/Src/stm32g4xx_hal_flash_ex.o
LOAD ./Drivers/STM32G4xx_HAL_Driver/Src/stm32g4xx_hal_flash_ramfunc.o
LOAD ./Drivers/STM32G4xx_HAL_Driver/Src/stm32g4xx_hal_gpio.o
LOAD ./Drivers/STM32G4xx_HAL_Driver/Src/stm32g4xx_hal_pwr.o
LOAD ./Drivers/STM32G4xx_HAL_Driver/Src/stm32g4xx_hal_pwr_ex.o
LOAD ./Drivers/STM32G4xx_HAL_Driver/Src/stm32g4xx_hal_rcc.o
LOAD ./Drivers/STM32G4xx_HAL_Driver/Src/stm32g4xx_hal_rcc_ex.o
LOAD ./Drivers/STM32G4xx_HAL_Driver/Src/stm32g4xx_hal_spi.o
LOAD ./Drivers/STM32G4xx_HAL_Driver/Src/stm32g4xx_hal_spi_ex.o
LOAD ./Drivers/STM32G4xx_HAL_Driver/Src/stm32g4xx_hal_tim.o
LOAD ./Drivers/STM32G4xx_HAL_Driver/Src/stm32g4xx_hal_tim_ex.o
LOAD ./Drivers/STM32G4xx_HAL_Driver/Src/stm32g4xx_ll_adc.o
START GROUP
LOAD C:/ST/STM32CubeIDE_1.12.1/STM32CubeIDE/plugins/com.st.stm32cube.ide.mcu.externaltools.gnu-tools-for-stm32.11.3.rel1.win32_1.1.100.202309141235/tools/bin/../lib/gcc/arm-none-eabi/11.3.1/../../../../arm-none-eabi/lib/thumb/v7e-m+fp/hard\libstdc++_nano.a
LOAD C:/ST/STM32CubeIDE_1.12.1/STM32CubeIDE/plugins/com.st.stm32cube.ide.mcu.externaltools.gnu-tools-for-stm32.11.3.rel1.win32_1.1.100.202309141235/tools/bin/../lib/gcc/arm-none-eabi/11.3.1/../../../../arm-none-eabi/lib/thumb/v7e-m+fp/hard\libsupc++_nano.a
END GROUP
LOAD C:/ST/STM32CubeIDE_1.12.1/STM32CubeIDE/plugins/com.st.stm32cube.ide.mcu.externaltools.gnu-tools-for-stm32.11.3.rel1.win32_1.1.100.202309141235/tools/bin/../lib/gcc/arm-none-eabi/11.3.1/../../../../arm-none-eabi/lib/thumb/v7e-m+fp/hard\libstdc++_nano.a
LOAD C:/ST/STM32CubeIDE_1.12.1/STM32CubeIDE/plugins/com.st.stm32cube.ide.mcu.externaltools.gnu-tools-for-stm32.11.3.rel1.win32_1.1.100.202309141235/tools/bin/../lib/gcc/arm-none-eabi/11.3.1/../../../../arm-none-eabi/lib/thumb/v7e-m+fp/hard\libm.a
LOAD C:/ST/STM32CubeIDE_1.12.1/STM32CubeIDE/plugins/com.st.stm32cube.ide.mcu.externaltools.gnu-tools-for-stm32.11.3.rel1.win32_1.1.100.202309141235/tools/bin/../lib/gcc/arm-none-eabi/11.3.1/../../../../arm-none-eabi/lib/thumb/v7e-m+fp/hard\libc_nano.a
START GROUP
LOAD C:/ST/STM32CubeIDE_1.12.1/STM32CubeIDE/plugins/com.st.stm32cube.ide.mcu.externaltools.gnu-tools-for-stm32.11.3.rel1.win32_1.1.100.202309141235/tools/bin/../lib/gcc/arm-none-eabi/11.3.1/thumb/v7e-m+fp/hard\libgcc.a
LOAD C:/ST/STM32CubeIDE_1.12.1/STM32CubeIDE/plugins/com.st.stm32cube.ide.mcu.externaltools.gnu-tools-for-stm32.11.3.rel1.win32_1.1.100.202309141235/tools/bin/../lib/gcc/arm-none-eabi/11.3.1/../../../../arm-none-eabi/lib/thumb/v7e-m+fp/hard\libc_nano.a
END GROUP
START GROUP
LOAD C:/ST/STM32CubeIDE_1.12.1/STM32CubeIDE/plugins/com.st.stm32cube.ide.mcu.externaltools.gnu-tools-for-stm32.11.3.rel1.win32_1.1.100.202309141235/tools/bin/../lib/gcc/arm-none-eabi/11.3.1/thumb/v7e-m+fp/hard\libgcc.a
LOAD C:/ST/STM32CubeIDE_1.12.1/STM32CubeIDE/plugins/com.st.stm32cube.ide.mcu.externaltools.gnu-tools-for-stm32.11.3.rel1.win32_1.1.100.202309141235/tools/bin/../lib/gcc/arm-none-eabi/11.3.1/../../../../arm-none-eabi/lib/thumb/v7e-m+fp/hard\libc_nano.a
LOAD C:/ST/STM32CubeIDE_1.12.1/STM32CubeIDE/plugins/com.st.stm32cube.ide.mcu.externaltools.gnu-tools-for-stm32.11.3.rel1.win32_1.1.100.202309141235/tools/bin/../lib/gcc/arm-none-eabi/11.3.1/../../../../arm-none-eabi/lib/thumb/v7e-m+fp/hard\libnosys.a
END GROUP
START GROUP
LOAD C:/ST/STM32CubeIDE_1.12.1/STM32CubeIDE/plugins/com.st.stm32cube.ide.mcu.externaltools.gnu-tools-for-stm32.11.3.rel1.win32_1.1.100.202309141235/tools/bin/../lib/gcc/arm-none-eabi/11.3.1/thumb/v7e-m+fp/hard\libgcc.a
LOAD C:/ST/STM32CubeIDE_1.12.1/STM32CubeIDE/plugins/com.st.stm32cube.ide.mcu.externaltools.gnu-tools-for-stm32.11.3.rel1.win32_1.1.100.202309141235/tools/bin/../lib/gcc/arm-none-eabi/11.3.1/../../../../arm-none-eabi/lib/thumb/v7e-m+fp/hard\libc_nano.a
LOAD C:/ST/STM32CubeIDE_1.12.1/STM32CubeIDE/plugins/com.st.stm32cube.ide.mcu.externaltools.gnu-tools-for-stm32.11.3.rel1.win32_1.1.100.202309141235/tools/bin/../lib/gcc/arm-none-eabi/11.3.1/../../../../arm-none-eabi/lib/thumb/v7e-m+fp/hard\libnosys.a
END GROUP
LOAD C:/ST/STM32CubeIDE_1.12.1/STM32CubeIDE/plugins/com.st.stm32cube.ide.mcu.externaltools.gnu-tools-for-stm32.11.3.rel1.win32_1.1.100.202309141235/tools/bin/../lib/gcc/arm-none-eabi/11.3.1/thumb/v7e-m+fp/hard/crtend.o
LOAD C:/ST/STM32CubeIDE_1.12.1/STM32CubeIDE/plugins/com.st.stm32cube.ide.mcu.externaltools.gnu-tools-for-stm32.11.3.rel1.win32_1.1.100.202309141235/tools/bin/../lib/gcc/arm-none-eabi/11.3.1/thumb/v7e-m+fp/hard/crtn.o
                0x0000000020020000                _estack = (ORIGIN (RAM) + LENGTH (RAM))
                0x0000000000000200                _Min_Heap_Size = 0x200
                0x0000000000000400                _Min_Stack_Size = 0x400

.isr_vector     0x0000000008000000      0x1d8
                0x0000000008000000                . = ALIGN (0x4)
 *(.isr_vector)
 .isr_vector    0x0000000008000000      0x1d8 ./Core/Startup/startup_stm32g473vetx.o
                0x0000000008000000                g_pfnVectors
                0x00000000080001d8                . = ALIGN (0x4)

.text           0x00000000080001d8     0x973c
                0x00000000080001d8                . = ALIGN (0x4)
 *(.text)
 .text          0x00000000080001d8       0x40 C:/ST/STM32CubeIDE_1.12.1/STM32CubeIDE/plugins/com.st.stm32cube.ide.mcu.externaltools.gnu-tools-for-stm32.11.3.rel1.win32_1.1.100.202309141235/tools/bin/../lib/gcc/arm-none-eabi/11.3.1/thumb/v7e-m+fp/hard/crtbegin.o
 .text          0x0000000008000218      0x378 C:/ST/STM32CubeIDE_1.12.1/STM32CubeIDE/plugins/com.st.stm32cube.ide.mcu.externaltools.gnu-tools-for-stm32.11.3.rel1.win32_1.1.100.202309141235/tools/bin/../lib/gcc/arm-none-eabi/11.3.1/thumb/v7e-m+fp/hard\libgcc.a(_arm_addsubdf3.o)
                0x0000000008000218                __aeabi_drsub
                0x0000000008000220                __aeabi_dsub
                0x0000000008000220                __subdf3
                0x0000000008000224                __aeabi_dadd
                0x0000000008000224                __adddf3
                0x000000000800049c                __floatunsidf
                0x000000000800049c                __aeabi_ui2d
                0x00000000080004bc                __floatsidf
                0x00000000080004bc                __aeabi_i2d
                0x00000000080004e0                __aeabi_f2d
                0x00000000080004e0                __extendsfdf2
                0x0000000008000524                __floatundidf
                0x0000000008000524                __aeabi_ul2d
                0x0000000008000534                __floatdidf
                0x0000000008000534                __aeabi_l2d
 .text          0x0000000008000590      0x424 C:/ST/STM32CubeIDE_1.12.1/STM32CubeIDE/plugins/com.st.stm32cube.ide.mcu.externaltools.gnu-tools-for-stm32.11.3.rel1.win32_1.1.100.202309141235/tools/bin/../lib/gcc/arm-none-eabi/11.3.1/thumb/v7e-m+fp/hard\libgcc.a(_arm_muldivdf3.o)
                0x0000000008000590                __aeabi_dmul
                0x0000000008000590                __muldf3
                0x00000000080007e4                __divdf3
                0x00000000080007e4                __aeabi_ddiv
 .text          0x00000000080009b4      0x110 C:/ST/STM32CubeIDE_1.12.1/STM32CubeIDE/plugins/com.st.stm32cube.ide.mcu.externaltools.gnu-tools-for-stm32.11.3.rel1.win32_1.1.100.202309141235/tools/bin/../lib/gcc/arm-none-eabi/11.3.1/thumb/v7e-m+fp/hard\libgcc.a(_arm_cmpdf2.o)
                0x00000000080009b4                __gtdf2
                0x00000000080009b4                __gedf2
                0x00000000080009bc                __ltdf2
                0x00000000080009bc                __ledf2
                0x00000000080009c4                __nedf2
                0x00000000080009c4                __eqdf2
                0x00000000080009c4                __cmpdf2
                0x0000000008000a40                __aeabi_cdrcmple
                0x0000000008000a50                __aeabi_cdcmpeq
                0x0000000008000a50                __aeabi_cdcmple
                0x0000000008000a60                __aeabi_dcmpeq
                0x0000000008000a74                __aeabi_dcmplt
                0x0000000008000a88                __aeabi_dcmple
                0x0000000008000a9c                __aeabi_dcmpge
                0x0000000008000ab0                __aeabi_dcmpgt
 .text          0x0000000008000ac4       0x50 C:/ST/STM32CubeIDE_1.12.1/STM32CubeIDE/plugins/com.st.stm32cube.ide.mcu.externaltools.gnu-tools-for-stm32.11.3.rel1.win32_1.1.100.202309141235/tools/bin/../lib/gcc/arm-none-eabi/11.3.1/thumb/v7e-m+fp/hard\libgcc.a(_arm_fixdfsi.o)
                0x0000000008000ac4                __aeabi_d2iz
                0x0000000008000ac4                __fixdfsi
 *(.text*)
 *fill*         0x0000000008000b14        0x4 
 .text._ZN14CurrSensDriver14counts_to_ampsEm
                0x0000000008000b18       0xb0 ./Core/Src/curr_sens.o
                0x0000000008000b18                CurrSensDriver::counts_to_amps(unsigned long)
 .text._ZN14CurrSensDriver15get_current_AmpERNS_13PhaseCurrentsE
                0x0000000008000bc8       0xd0 ./Core/Src/curr_sens.o
                0x0000000008000bc8                CurrSensDriver::get_current_Amp(CurrSensDriver::PhaseCurrents&)
 .text._ZN15MovingAvgFilterD2Ev
                0x0000000008000c98       0x1c ./Core/Src/curr_sens.o
                0x0000000008000c98                MovingAvgFilter::~MovingAvgFilter()
                0x0000000008000c98                MovingAvgFilter::~MovingAvgFilter()
 .text._Z41__static_initialization_and_destruction_0ii
                0x0000000008000cb4       0x68 ./Core/Src/curr_sens.o
 .text._ZNSt6vectorIdSaIdEED2Ev
                0x0000000008000d1c       0x36 ./Core/Src/curr_sens.o
                0x0000000008000d1c                std::vector<double, std::allocator<double> >::~vector()
                0x0000000008000d1c                std::vector<double, std::allocator<double> >::~vector()
 .text._ZNSt12_Vector_baseIdSaIdEE12_Vector_implD2Ev
                0x0000000008000d52       0x18 ./Core/Src/curr_sens.o
                0x0000000008000d52                std::_Vector_base<double, std::allocator<double> >::_Vector_impl::~_Vector_impl()
                0x0000000008000d52                std::_Vector_base<double, std::allocator<double> >::_Vector_impl::~_Vector_impl()
 .text._ZNSt12_Vector_baseIdSaIdEED2Ev
                0x0000000008000d6a       0x32 ./Core/Src/curr_sens.o
                0x0000000008000d6a                std::_Vector_base<double, std::allocator<double> >::~_Vector_base()
                0x0000000008000d6a                std::_Vector_base<double, std::allocator<double> >::~_Vector_base()
 .text._ZNSt12_Vector_baseIdSaIdEE19_M_get_Tp_allocatorEv
                0x0000000008000d9c       0x16 ./Core/Src/curr_sens.o
                0x0000000008000d9c                std::_Vector_base<double, std::allocator<double> >::_M_get_Tp_allocator()
 .text._ZSt8_DestroyIPddEvT_S1_RSaIT0_E
                0x0000000008000db2       0x1c ./Core/Src/curr_sens.o
                0x0000000008000db2                void std::_Destroy<double*, double>(double*, double*, std::allocator<double>&)
 .text._ZNSaIdED2Ev
                0x0000000008000dce       0x18 ./Core/Src/curr_sens.o
                0x0000000008000dce                std::allocator<double>::~allocator()
                0x0000000008000dce                std::allocator<double>::~allocator()
 .text._ZNSt12_Vector_baseIdSaIdEE13_M_deallocateEPdj
                0x0000000008000de6       0x26 ./Core/Src/curr_sens.o
                0x0000000008000de6                std::_Vector_base<double, std::allocator<double> >::_M_deallocate(double*, unsigned int)
 .text._ZSt8_DestroyIPdEvT_S1_
                0x0000000008000e0c       0x1a ./Core/Src/curr_sens.o
                0x0000000008000e0c                void std::_Destroy<double*>(double*, double*)
 .text._ZN9__gnu_cxx13new_allocatorIdED2Ev
                0x0000000008000e26       0x16 ./Core/Src/curr_sens.o
                0x0000000008000e26                __gnu_cxx::new_allocator<double>::~new_allocator()
                0x0000000008000e26                __gnu_cxx::new_allocator<double>::~new_allocator()
 .text._ZNSt16allocator_traitsISaIdEE10deallocateERS0_Pdj
                0x0000000008000e3c       0x1e ./Core/Src/curr_sens.o
                0x0000000008000e3c                std::allocator_traits<std::allocator<double> >::deallocate(std::allocator<double>&, double*, unsigned int)
 .text._ZNSt12_Destroy_auxILb1EE9__destroyIPdEEvT_S3_
                0x0000000008000e5a       0x16 ./Core/Src/curr_sens.o
                0x0000000008000e5a                void std::_Destroy_aux<true>::__destroy<double*>(double*, double*)
 .text._ZN9__gnu_cxx13new_allocatorIdE10deallocateEPdj
                0x0000000008000e70       0x20 ./Core/Src/curr_sens.o
                0x0000000008000e70                __gnu_cxx::new_allocator<double>::deallocate(double*, unsigned int)
 .text._GLOBAL__sub_I__ZN14CurrSensDriver10ADC_handleE
                0x0000000008000e90       0x10 ./Core/Src/curr_sens.o
 .text._GLOBAL__sub_D__ZN14CurrSensDriver10ADC_handleE
                0x0000000008000ea0       0x10 ./Core/Src/curr_sens.o
 .text.HAL_TIM_PeriodElapsedCallback
                0x0000000008000eb0       0x9a ./Core/Src/driver.o
                0x0000000008000eb0                HAL_TIM_PeriodElapsedCallback
 .text._ZSt17__size_to_integerj
                0x0000000008000f4a       0x16 ./Core/Src/filter.o
                0x0000000008000f4a                std::__size_to_integer(unsigned int)
 .text._ZnwjPv  0x0000000008000f60       0x18 ./Core/Src/filter.o
                0x0000000008000f60                operator new(unsigned int, void*)
 .text._ZNSt12_Vector_baseIdSaIdEEC2Ev
                0x0000000008000f78       0x1a ./Core/Src/filter.o
                0x0000000008000f78                std::_Vector_base<double, std::allocator<double> >::_Vector_base()
                0x0000000008000f78                std::_Vector_base<double, std::allocator<double> >::_Vector_base()
 .text._ZNSt6vectorIdSaIdEEC2Ev
                0x0000000008000f92       0x1a ./Core/Src/filter.o
                0x0000000008000f92                std::vector<double, std::allocator<double> >::vector()
                0x0000000008000f92                std::vector<double, std::allocator<double> >::vector()
 .text._ZN15MovingAvgFilterC2Eh
                0x0000000008000fac       0x5e ./Core/Src/filter.o
                0x0000000008000fac                MovingAvgFilter::MovingAvgFilter(unsigned char)
                0x0000000008000fac                MovingAvgFilter::MovingAvgFilter(unsigned char)
 .text._ZN15MovingAvgFilter15add_new_elementEd
                0x000000000800100a       0x90 ./Core/Src/filter.o
                0x000000000800100a                MovingAvgFilter::add_new_element(double)
 .text._ZN15MovingAvgFilter15filtered_outputEv
                0x000000000800109a       0x3a ./Core/Src/filter.o
                0x000000000800109a                MovingAvgFilter::filtered_output()
 .text._ZNSt12_Vector_baseIdSaIdEE12_Vector_implC2Ev
                0x00000000080010d4       0x20 ./Core/Src/filter.o
                0x00000000080010d4                std::_Vector_base<double, std::allocator<double> >::_Vector_impl::_Vector_impl()
                0x00000000080010d4                std::_Vector_base<double, std::allocator<double> >::_Vector_impl::_Vector_impl()
 .text._ZNSt6vectorIdSaIdEE6resizeEjRKd
                0x00000000080010f4       0x76 ./Core/Src/filter.o
                0x00000000080010f4                std::vector<double, std::allocator<double> >::resize(unsigned int, double const&)
 .text._ZNSt6vectorIdSaIdEE15_S_use_relocateEv
                0x000000000800116a       0x16 ./Core/Src/filter.o
                0x000000000800116a                std::vector<double, std::allocator<double> >::_S_use_relocate()
 .text._ZNSt6vectorIdSaIdEE19_S_nothrow_relocateESt17integral_constantIbLb1EE
                0x0000000008001180       0x16 ./Core/Src/filter.o
                0x0000000008001180                std::vector<double, std::allocator<double> >::_S_nothrow_relocate(std::integral_constant<bool, true>)
 *fill*         0x0000000008001196        0x2 
 .text._ZNSt6vectorIdSaIdEE7reserveEj
                0x0000000008001198      0x100 ./Core/Src/filter.o
                0x0000000008001198                std::vector<double, std::allocator<double> >::reserve(unsigned int)
 .text._ZNSt6vectorIdSaIdEE4backEv
                0x0000000008001298       0x36 ./Core/Src/filter.o
                0x0000000008001298                std::vector<double, std::allocator<double> >::back()
 .text._ZNSt6vectorIdSaIdEE8pop_backEv
                0x00000000080012ce       0x2a ./Core/Src/filter.o
                0x00000000080012ce                std::vector<double, std::allocator<double> >::pop_back()
 .text._ZNSt6vectorIdSaIdEE5beginEv
                0x00000000080012f8       0x20 ./Core/Src/filter.o
                0x00000000080012f8                std::vector<double, std::allocator<double> >::begin()
 .text._ZN9__gnu_cxx17__normal_iteratorIPKdSt6vectorIdSaIdEEEC2IPdEERKNS0_IT_NS_11__enable_ifIXsrSt10__are_sameIS9_S8_E7__valueES5_E6__typeEEE
                0x0000000008001318       0x22 ./Core/Src/filter.o
                0x0000000008001318                __gnu_cxx::__normal_iterator<double const*, std::vector<double, std::allocator<double> > >::__normal_iterator<double*>(__gnu_cxx::__normal_iterator<double*, __gnu_cxx::__enable_if<std::__are_same<double*, double*>::__value, std::vector<double, std::allocator<double> > >::__type> const&)
                0x0000000008001318                __gnu_cxx::__normal_iterator<double const*, std::vector<double, std::allocator<double> > >::__normal_iterator<double*>(__gnu_cxx::__normal_iterator<double*, __gnu_cxx::__enable_if<std::__are_same<double*, double*>::__value, std::vector<double, std::allocator<double> > >::__type> const&)
 .text._ZNSt6vectorIdSaIdEE6insertEN9__gnu_cxx17__normal_iteratorIPKdS1_EERS4_
                0x000000000800133a      0x144 ./Core/Src/filter.o
                0x000000000800133a                std::vector<double, std::allocator<double> >::insert(__gnu_cxx::__normal_iterator<double const*, std::vector<double, std::allocator<double> > >, double const&)
 .text._ZNSaIdEC2Ev
                0x000000000800147e       0x18 ./Core/Src/filter.o
                0x000000000800147e                std::allocator<double>::allocator()
                0x000000000800147e                std::allocator<double>::allocator()
 .text._ZNSt12_Vector_baseIdSaIdEE17_Vector_impl_dataC2Ev
                0x0000000008001496       0x28 ./Core/Src/filter.o
                0x0000000008001496                std::_Vector_base<double, std::allocator<double> >::_Vector_impl_data::_Vector_impl_data()
                0x0000000008001496                std::_Vector_base<double, std::allocator<double> >::_Vector_impl_data::_Vector_impl_data()
 .text._ZNKSt6vectorIdSaIdEE4sizeEv
                0x00000000080014be       0x20 ./Core/Src/filter.o
                0x00000000080014be                std::vector<double, std::allocator<double> >::size() const
 *fill*         0x00000000080014de        0x2 
 .text._ZNSt6vectorIdSaIdEE14_M_fill_insertEN9__gnu_cxx17__normal_iteratorIPdS1_EEjRKd
                0x00000000080014e0      0x280 ./Core/Src/filter.o
                0x00000000080014e0                std::vector<double, std::allocator<double> >::_M_fill_insert(__gnu_cxx::__normal_iterator<double*, std::vector<double, std::allocator<double> > >, unsigned int, double const&)
 .text._ZNSt6vectorIdSaIdEE3endEv
                0x0000000008001760       0x22 ./Core/Src/filter.o
                0x0000000008001760                std::vector<double, std::allocator<double> >::end()
 .text._ZNSt6vectorIdSaIdEE15_M_erase_at_endEPd
                0x0000000008001782       0x42 ./Core/Src/filter.o
                0x0000000008001782                std::vector<double, std::allocator<double> >::_M_erase_at_end(double*)
 .text._ZNKSt6vectorIdSaIdEE8max_sizeEv
                0x00000000080017c4       0x22 ./Core/Src/filter.o
                0x00000000080017c4                std::vector<double, std::allocator<double> >::max_size() const
 .text._ZNKSt6vectorIdSaIdEE8capacityEv
                0x00000000080017e6       0x20 ./Core/Src/filter.o
                0x00000000080017e6                std::vector<double, std::allocator<double> >::capacity() const
 .text._ZNSt12_Vector_baseIdSaIdEE11_M_allocateEj
                0x0000000008001806       0x28 ./Core/Src/filter.o
                0x0000000008001806                std::_Vector_base<double, std::allocator<double> >::_M_allocate(unsigned int)
 .text._ZNSt6vectorIdSaIdEE11_S_relocateEPdS2_S2_RS0_
                0x000000000800182e       0x28 ./Core/Src/filter.o
                0x000000000800182e                std::vector<double, std::allocator<double> >::_S_relocate(double*, double*, double*, std::allocator<double>&)
 .text._ZSt32__make_move_if_noexcept_iteratorIdSt13move_iteratorIPdEET0_PT_
                0x0000000008001856       0x1e ./Core/Src/filter.o
                0x0000000008001856                std::move_iterator<double*> std::__make_move_if_noexcept_iterator<double, std::move_iterator<double*> >(double*)
 .text._ZNSt6vectorIdSaIdEE20_M_allocate_and_copyISt13move_iteratorIPdEEES4_jT_S6_
                0x0000000008001874       0x38 ./Core/Src/filter.o
                0x0000000008001874                double* std::vector<double, std::allocator<double> >::_M_allocate_and_copy<std::move_iterator<double*> >(unsigned int, std::move_iterator<double*>, std::move_iterator<double*>)
 .text._ZNK9__gnu_cxx17__normal_iteratorIPdSt6vectorIdSaIdEEEmiEi
                0x00000000080018ac       0x32 ./Core/Src/filter.o
                0x00000000080018ac                __gnu_cxx::__normal_iterator<double*, std::vector<double, std::allocator<double> > >::operator-(int) const
 .text._ZNK9__gnu_cxx17__normal_iteratorIPdSt6vectorIdSaIdEEEdeEv
                0x00000000080018de       0x18 ./Core/Src/filter.o
                0x00000000080018de                __gnu_cxx::__normal_iterator<double*, std::vector<double, std::allocator<double> > >::operator*() const
 .text._ZNSt16allocator_traitsISaIdEE7destroyIdEEvRS0_PT_
                0x00000000080018f6       0x1a ./Core/Src/filter.o
                0x00000000080018f6                void std::allocator_traits<std::allocator<double> >::destroy<double>(std::allocator<double>&, double*)
 .text._ZN9__gnu_cxx17__normal_iteratorIPdSt6vectorIdSaIdEEEC2ERKS1_
                0x0000000008001910       0x20 ./Core/Src/filter.o
                0x0000000008001910                __gnu_cxx::__normal_iterator<double*, std::vector<double, std::allocator<double> > >::__normal_iterator(double* const&)
                0x0000000008001910                __gnu_cxx::__normal_iterator<double*, std::vector<double, std::allocator<double> > >::__normal_iterator(double* const&)
 .text._ZNK9__gnu_cxx17__normal_iteratorIPdSt6vectorIdSaIdEEE4baseEv
                0x0000000008001930       0x16 ./Core/Src/filter.o
                0x0000000008001930                __gnu_cxx::__normal_iterator<double*, std::vector<double, std::allocator<double> > >::base() const
 .text._ZN9__gnu_cxxmiIPKdPdSt6vectorIdSaIdEEEEDTmicldtfp_4baseEcldtfp0_4baseEERKNS_17__normal_iteratorIT_T1_EERKNS8_IT0_SA_EE
                0x0000000008001946       0x2a ./Core/Src/filter.o
                0x0000000008001946                decltype ((({parm#1}.base)())-(({parm#2}.base)())) __gnu_cxx::operator-<double const*, double*, std::vector<double, std::allocator<double> > >(__gnu_cxx::__normal_iterator<double const*, std::vector<double, std::allocator<double> > > const&, __gnu_cxx::__normal_iterator<double*, std::vector<double, std::allocator<double> > > const&)
 .text._ZN9__gnu_cxxeqIPKdPdSt6vectorIdSaIdEEEEbRKNS_17__normal_iteratorIT_T1_EERKNS7_IT0_S9_EE
                0x0000000008001970       0x30 ./Core/Src/filter.o
                0x0000000008001970                bool __gnu_cxx::operator==<double const*, double*, std::vector<double, std::allocator<double> > >(__gnu_cxx::__normal_iterator<double const*, std::vector<double, std::allocator<double> > > const&, __gnu_cxx::__normal_iterator<double*, std::vector<double, std::allocator<double> > > const&)
 .text._ZNSt16allocator_traitsISaIdEE9constructIdJRKdEEEvRS0_PT_DpOT0_
                0x00000000080019a0       0x26 ./Core/Src/filter.o
                0x00000000080019a0                void std::allocator_traits<std::allocator<double> >::construct<double, double const&>(std::allocator<double>&, double*, double const&)
 .text._ZNKSt6vectorIdSaIdEE6cbeginEv
                0x00000000080019c6       0x20 ./Core/Src/filter.o
                0x00000000080019c6                std::vector<double, std::allocator<double> >::cbegin() const
 .text._ZN9__gnu_cxxmiIPKdSt6vectorIdSaIdEEEENS_17__normal_iteratorIT_T0_E15difference_typeERKS9_SC_
                0x00000000080019e6       0x2a ./Core/Src/filter.o
                0x00000000080019e6                __gnu_cxx::__normal_iterator<double const*, std::vector<double, std::allocator<double> > >::difference_type __gnu_cxx::operator-<double const*, std::vector<double, std::allocator<double> > >(__gnu_cxx::__normal_iterator<double const*, std::vector<double, std::allocator<double> > > const&, __gnu_cxx::__normal_iterator<double const*, std::vector<double, std::allocator<double> > > const&)
 .text._ZNK9__gnu_cxx17__normal_iteratorIPdSt6vectorIdSaIdEEEplEi
                0x0000000008001a10       0x30 ./Core/Src/filter.o
                0x0000000008001a10                __gnu_cxx::__normal_iterator<double*, std::vector<double, std::allocator<double> > >::operator+(int) const
 .text._ZNSt6vectorIdSaIdEE16_Temporary_valueC2IJRKdEEEPS1_DpOT_
                0x0000000008001a40       0x3c ./Core/Src/filter.o
                0x0000000008001a40                std::vector<double, std::allocator<double> >::_Temporary_value::_Temporary_value<double const&>(std::vector<double, std::allocator<double> >*, double const&)
                0x0000000008001a40                std::vector<double, std::allocator<double> >::_Temporary_value::_Temporary_value<double const&>(std::vector<double, std::allocator<double> >*, double const&)
 .text._ZNSt6vectorIdSaIdEE16_Temporary_valueD2Ev
                0x0000000008001a7c       0x28 ./Core/Src/filter.o
                0x0000000008001a7c                std::vector<double, std::allocator<double> >::_Temporary_value::~_Temporary_value()
                0x0000000008001a7c                std::vector<double, std::allocator<double> >::_Temporary_value::~_Temporary_value()
 .text._ZNSt6vectorIdSaIdEE16_Temporary_value6_M_valEv
                0x0000000008001aa4       0x18 ./Core/Src/filter.o
                0x0000000008001aa4                std::vector<double, std::allocator<double> >::_Temporary_value::_M_val()
 .text._ZSt4moveIRdEONSt16remove_referenceIT_E4typeEOS2_
                0x0000000008001abc       0x16 ./Core/Src/filter.o
                0x0000000008001abc                std::remove_reference<double&>::type&& std::move<double&>(double&)
 .text._ZNSt6vectorIdSaIdEE13_M_insert_auxIdEEvN9__gnu_cxx17__normal_iteratorIPdS1_EEOT_
                0x0000000008001ad2       0x7c ./Core/Src/filter.o
                0x0000000008001ad2                void std::vector<double, std::allocator<double> >::_M_insert_aux<double>(__gnu_cxx::__normal_iterator<double*, std::vector<double, std::allocator<double> > >, double&&)
 *fill*         0x0000000008001b4e        0x2 
 .text._ZNSt6vectorIdSaIdEE17_M_realloc_insertIJRKdEEEvN9__gnu_cxx17__normal_iteratorIPdS1_EEDpOT_
                0x0000000008001b50      0x178 ./Core/Src/filter.o
                0x0000000008001b50                void std::vector<double, std::allocator<double> >::_M_realloc_insert<double const&>(__gnu_cxx::__normal_iterator<double*, std::vector<double, std::allocator<double> > >, double const&)
 .text._ZN9__gnu_cxx13new_allocatorIdEC2Ev
                0x0000000008001cc8       0x16 ./Core/Src/filter.o
                0x0000000008001cc8                __gnu_cxx::new_allocator<double>::new_allocator()
                0x0000000008001cc8                __gnu_cxx::new_allocator<double>::new_allocator()
 .text._ZN9__gnu_cxxmiIPdSt6vectorIdSaIdEEEENS_17__normal_iteratorIT_T0_E15difference_typeERKS8_SB_
                0x0000000008001cde       0x2a ./Core/Src/filter.o
                0x0000000008001cde                __gnu_cxx::__normal_iterator<double*, std::vector<double, std::allocator<double> > >::difference_type __gnu_cxx::operator-<double*, std::vector<double, std::allocator<double> > >(__gnu_cxx::__normal_iterator<double*, std::vector<double, std::allocator<double> > > const&, __gnu_cxx::__normal_iterator<double*, std::vector<double, std::allocator<double> > > const&)
 .text._ZSt22__uninitialized_move_aIPdS0_SaIdEET0_T_S3_S2_RT1_
                0x0000000008001d08       0x32 ./Core/Src/filter.o
                0x0000000008001d08                double* std::__uninitialized_move_a<double*, double*, std::allocator<double> >(double*, double*, double*, std::allocator<double>&)
 .text._ZSt13move_backwardIPdS0_ET0_T_S2_S1_
                0x0000000008001d3a       0x30 ./Core/Src/filter.o
                0x0000000008001d3a                double* std::move_backward<double*, double*>(double*, double*, double*)
 .text._ZSt4fillIPddEvT_S1_RKT0_
                0x0000000008001d6a       0x1e ./Core/Src/filter.o
                0x0000000008001d6a                void std::fill<double*, double>(double*, double*, double const&)
 .text._ZSt24__uninitialized_fill_n_aIPdjddET_S1_T0_RKT1_RSaIT2_E
                0x0000000008001d88       0x22 ./Core/Src/filter.o
                0x0000000008001d88                double* std::__uninitialized_fill_n_a<double*, unsigned int, double, double>(double*, unsigned int, double const&, std::allocator<double>&)
 .text._ZNKSt6vectorIdSaIdEE12_M_check_lenEjPKc
                0x0000000008001daa       0x8e ./Core/Src/filter.o
                0x0000000008001daa                std::vector<double, std::allocator<double> >::_M_check_len(unsigned int, char const*) const
 .text._ZSt34__uninitialized_move_if_noexcept_aIPdS0_SaIdEET0_T_S3_S2_RT1_
                0x0000000008001e38       0x32 ./Core/Src/filter.o
                0x0000000008001e38                double* std::__uninitialized_move_if_noexcept_a<double*, double*, std::allocator<double> >(double*, double*, double*, std::allocator<double>&)
 .text._ZNSt6vectorIdSaIdEE11_S_max_sizeERKS0_
                0x0000000008001e6a       0x34 ./Core/Src/filter.o
                0x0000000008001e6a                std::vector<double, std::allocator<double> >::_S_max_size(std::allocator<double> const&)
 .text._ZNKSt12_Vector_baseIdSaIdEE19_M_get_Tp_allocatorEv
                0x0000000008001e9e       0x16 ./Core/Src/filter.o
                0x0000000008001e9e                std::_Vector_base<double, std::allocator<double> >::_M_get_Tp_allocator() const
 .text._ZNSt16allocator_traitsISaIdEE8allocateERS0_j
                0x0000000008001eb4       0x1e ./Core/Src/filter.o
                0x0000000008001eb4                std::allocator_traits<std::allocator<double> >::allocate(std::allocator<double>&, unsigned int)
 .text._ZNSt6vectorIdSaIdEE14_S_do_relocateEPdS2_S2_RS0_St17integral_constantIbLb1EE
                0x0000000008001ed2       0x24 ./Core/Src/filter.o
                0x0000000008001ed2                std::vector<double, std::allocator<double> >::_S_do_relocate(double*, double*, double*, std::allocator<double>&, std::integral_constant<bool, true>)
 .text._ZNSt13move_iteratorIPdEC2ES0_
                0x0000000008001ef6       0x24 ./Core/Src/filter.o
                0x0000000008001ef6                std::move_iterator<double*>::move_iterator(double*)
                0x0000000008001ef6                std::move_iterator<double*>::move_iterator(double*)
 .text._ZSt22__uninitialized_copy_aISt13move_iteratorIPdES1_dET0_T_S4_S3_RSaIT1_E
                0x0000000008001f1a       0x22 ./Core/Src/filter.o
                0x0000000008001f1a                double* std::__uninitialized_copy_a<std::move_iterator<double*>, double*, double>(std::move_iterator<double*>, std::move_iterator<double*>, double*, std::allocator<double>&)
 .text._ZN9__gnu_cxx13new_allocatorIdE7destroyIdEEvPT_
                0x0000000008001f3c       0x16 ./Core/Src/filter.o
                0x0000000008001f3c                void __gnu_cxx::new_allocator<double>::destroy<double>(double*)
 .text._ZNK9__gnu_cxx17__normal_iteratorIPKdSt6vectorIdSaIdEEE4baseEv
                0x0000000008001f52       0x16 ./Core/Src/filter.o
                0x0000000008001f52                __gnu_cxx::__normal_iterator<double const*, std::vector<double, std::allocator<double> > >::base() const
 .text._ZSt7forwardIRKdEOT_RNSt16remove_referenceIS2_E4typeE
                0x0000000008001f68       0x16 ./Core/Src/filter.o
                0x0000000008001f68                double const& std::forward<double const&>(std::remove_reference<double const&>::type&)
 .text._ZN9__gnu_cxx13new_allocatorIdE9constructIdJRKdEEEvPT_DpOT0_
                0x0000000008001f7e       0x30 ./Core/Src/filter.o
                0x0000000008001f7e                void __gnu_cxx::new_allocator<double>::construct<double, double const&>(double*, double const&)
 .text._ZN9__gnu_cxx17__normal_iteratorIPKdSt6vectorIdSaIdEEEC2ERKS2_
                0x0000000008001fae       0x20 ./Core/Src/filter.o
                0x0000000008001fae                __gnu_cxx::__normal_iterator<double const*, std::vector<double, std::allocator<double> > >::__normal_iterator(double const* const&)
                0x0000000008001fae                __gnu_cxx::__normal_iterator<double const*, std::vector<double, std::allocator<double> > >::__normal_iterator(double const* const&)
 .text._ZNSt6vectorIdSaIdEE16_Temporary_value6_M_ptrEv
                0x0000000008001fce       0x18 ./Core/Src/filter.o
                0x0000000008001fce                std::vector<double, std::allocator<double> >::_Temporary_value::_M_ptr()
 .text._ZNSt16allocator_traitsISaIdEE9constructIdJdEEEvRS0_PT_DpOT0_
                0x0000000008001fe6       0x26 ./Core/Src/filter.o
                0x0000000008001fe6                void std::allocator_traits<std::allocator<double> >::construct<double, double>(std::allocator<double>&, double*, double&&)
 .text._ZSt7forwardIdEOT_RNSt16remove_referenceIS0_E4typeE
                0x000000000800200c       0x16 ./Core/Src/filter.o
                0x000000000800200c                double&& std::forward<double>(std::remove_reference<double>::type&)
 .text._ZSt18make_move_iteratorIPdESt13move_iteratorIT_ES2_
                0x0000000008002022       0x2a ./Core/Src/filter.o
                0x0000000008002022                std::move_iterator<double*> std::make_move_iterator<double*>(double*)
 .text._ZSt12__miter_baseIPdET_S1_
                0x000000000800204c       0x16 ./Core/Src/filter.o
                0x000000000800204c                double* std::__miter_base<double*>(double*)
 .text._ZSt22__copy_move_backward_aILb1EPdS0_ET1_T0_S2_S1_
                0x0000000008002062       0x46 ./Core/Src/filter.o
                0x0000000008002062                double* std::__copy_move_backward_a<true, double*, double*>(double*, double*, double*)
 .text._ZSt8__fill_aIPddEvT_S1_RKT0_
                0x00000000080020a8       0x1e ./Core/Src/filter.o
                0x00000000080020a8                void std::__fill_a<double*, double>(double*, double*, double const&)
 .text._ZSt20uninitialized_fill_nIPdjdET_S1_T0_RKT1_
                0x00000000080020c6       0x24 ./Core/Src/filter.o
                0x00000000080020c6                double* std::uninitialized_fill_n<double*, unsigned int, double>(double*, unsigned int, double const&)
 .text._ZSt3maxIjERKT_S2_S2_
                0x00000000080020ea       0x28 ./Core/Src/filter.o
                0x00000000080020ea                unsigned int const& std::max<unsigned int>(unsigned int const&, unsigned int const&)
 .text._ZNSt16allocator_traitsISaIdEE8max_sizeERKS0_
                0x0000000008002112       0x18 ./Core/Src/filter.o
                0x0000000008002112                std::allocator_traits<std::allocator<double> >::max_size(std::allocator<double> const&)
 .text._ZSt3minIjERKT_S2_S2_
                0x000000000800212a       0x28 ./Core/Src/filter.o
                0x000000000800212a                unsigned int const& std::min<unsigned int>(unsigned int const&, unsigned int const&)
 .text._ZNK9__gnu_cxx13new_allocatorIdE11_M_max_sizeEv
                0x0000000008002152       0x18 ./Core/Src/filter.o
                0x0000000008002152                __gnu_cxx::new_allocator<double>::_M_max_size() const
 .text._ZN9__gnu_cxx13new_allocatorIdE8allocateEjPKv
                0x000000000800216a       0x52 ./Core/Src/filter.o
                0x000000000800216a                __gnu_cxx::new_allocator<double>::allocate(unsigned int, void const*)
 .text._ZSt12__relocate_aIPdS0_SaIdEET0_T_S3_S2_RT1_
                0x00000000080021bc       0x3a ./Core/Src/filter.o
                0x00000000080021bc                double* std::__relocate_a<double*, double*, std::allocator<double> >(double*, double*, double*, std::allocator<double>&)
 .text._ZSt4moveIRPdEONSt16remove_referenceIT_E4typeEOS3_
                0x00000000080021f6       0x16 ./Core/Src/filter.o
                0x00000000080021f6                std::remove_reference<double*&>::type&& std::move<double*&>(double*&)
 .text._ZSt18uninitialized_copyISt13move_iteratorIPdES1_ET0_T_S4_S3_
                0x000000000800220c       0x24 ./Core/Src/filter.o
                0x000000000800220c                double* std::uninitialized_copy<std::move_iterator<double*>, double*>(std::move_iterator<double*>, std::move_iterator<double*>, double*)
 .text._ZN9__gnu_cxx13new_allocatorIdE9constructIdJdEEEvPT_DpOT0_
                0x0000000008002230       0x30 ./Core/Src/filter.o
                0x0000000008002230                void __gnu_cxx::new_allocator<double>::construct<double, double>(double*, double&&)
 .text._ZSt12__niter_baseIPdET_S1_
                0x0000000008002260       0x16 ./Core/Src/filter.o
                0x0000000008002260                double* std::__niter_base<double*>(double*)
 .text._ZSt23__copy_move_backward_a1ILb1EPdS0_ET1_T0_S2_S1_
                0x0000000008002276       0x20 ./Core/Src/filter.o
                0x0000000008002276                double* std::__copy_move_backward_a1<true, double*, double*>(double*, double*, double*)
 .text._ZSt12__niter_wrapIPdET_RKS1_S1_
                0x0000000008002296       0x18 ./Core/Src/filter.o
                0x0000000008002296                double* std::__niter_wrap<double*>(double* const&, double*)
 .text._ZSt9__fill_a1IPddEN9__gnu_cxx11__enable_ifIXsrSt11__is_scalarIT0_E7__valueEvE6__typeET_S8_RKS4_
                0x00000000080022ae       0x3e ./Core/Src/filter.o
                0x00000000080022ae                __gnu_cxx::__enable_if<std::__is_scalar<double>::__value, void>::__type std::__fill_a1<double*, double>(double*, double*, double const&)
 .text._ZNSt22__uninitialized_fill_nILb1EE15__uninit_fill_nIPdjdEET_S3_T0_RKT1_
                0x00000000080022ec       0x20 ./Core/Src/filter.o
                0x00000000080022ec                double* std::__uninitialized_fill_n<true>::__uninit_fill_n<double*, unsigned int, double>(double*, unsigned int, double const&)
 .text._ZNK9__gnu_cxx13new_allocatorIdE8max_sizeEv
                0x000000000800230c       0x18 ./Core/Src/filter.o
                0x000000000800230c                __gnu_cxx::new_allocator<double>::max_size() const
 .text._ZSt14__relocate_a_1IddENSt9enable_ifIXsrSt24__is_bitwise_relocatableIT_vE5valueEPS2_E4typeES4_S4_S4_RSaIT0_E
                0x0000000008002324       0x3c ./Core/Src/filter.o
                0x0000000008002324                std::enable_if<std::__is_bitwise_relocatable<double, void>::value, double*>::type std::__relocate_a_1<double, double>(double*, double*, double*, std::allocator<double>&)
 .text._ZNSt20__uninitialized_copyILb1EE13__uninit_copyISt13move_iteratorIPdES3_EET0_T_S6_S5_
                0x0000000008002360       0x20 ./Core/Src/filter.o
                0x0000000008002360                double* std::__uninitialized_copy<true>::__uninit_copy<std::move_iterator<double*>, double*>(std::move_iterator<double*>, std::move_iterator<double*>, double*)
 .text._ZSt23__copy_move_backward_a2ILb1EPdS0_ET1_T0_S2_S1_
                0x0000000008002380       0x20 ./Core/Src/filter.o
                0x0000000008002380                double* std::__copy_move_backward_a2<true, double*, double*>(double*, double*, double*)
 .text._ZSt6fill_nIPdjdET_S1_T0_RKT1_
                0x00000000080023a0       0x36 ./Core/Src/filter.o
                0x00000000080023a0                double* std::fill_n<double*, unsigned int, double>(double*, unsigned int, double const&)
 .text._ZSt4copyISt13move_iteratorIPdES1_ET0_T_S4_S3_
                0x00000000080023d6       0x30 ./Core/Src/filter.o
                0x00000000080023d6                double* std::copy<std::move_iterator<double*>, double*>(std::move_iterator<double*>, std::move_iterator<double*>, double*)
 .text._ZNSt20__copy_move_backwardILb1ELb1ESt26random_access_iterator_tagE13__copy_move_bIdEEPT_PKS3_S6_S4_
                0x0000000008002406       0x44 ./Core/Src/filter.o
                0x0000000008002406                double* std::__copy_move_backward<true, true, std::random_access_iterator_tag>::__copy_move_b<double>(double const*, double const*, double*)
 .text._ZSt19__iterator_categoryIPdENSt15iterator_traitsIT_E17iterator_categoryERKS2_
                0x000000000800244a       0x16 ./Core/Src/filter.o
                0x000000000800244a                std::iterator_traits<double*>::iterator_category std::__iterator_category<double*>(double* const&)
 .text._ZSt10__fill_n_aIPdjdET_S1_T0_RKT1_St26random_access_iterator_tag
                0x0000000008002460       0x3a ./Core/Src/filter.o
                0x0000000008002460                double* std::__fill_n_a<double*, unsigned int, double>(double*, unsigned int, double const&, std::random_access_iterator_tag)
 .text._ZSt12__miter_baseIPdEDTcl12__miter_basecldtfp_4baseEEESt13move_iteratorIT_E
                0x000000000800249a       0x22 ./Core/Src/filter.o
                0x000000000800249a                decltype (__miter_base(({parm#1}.base)())) std::__miter_base<double*>(std::move_iterator<double*>)
 .text._ZSt13__copy_move_aILb1EPdS0_ET1_T0_S2_S1_
                0x00000000080024bc       0x46 ./Core/Src/filter.o
                0x00000000080024bc                double* std::__copy_move_a<true, double*, double*>(double*, double*, double*)
 .text._ZNKSt13move_iteratorIPdE4baseEv
                0x0000000008002502       0x18 ./Core/Src/filter.o
                0x0000000008002502                std::move_iterator<double*>::base() const
 .text._ZSt14__copy_move_a1ILb1EPdS0_ET1_T0_S2_S1_
                0x000000000800251a       0x20 ./Core/Src/filter.o
                0x000000000800251a                double* std::__copy_move_a1<true, double*, double*>(double*, double*, double*)
 .text._ZSt14__copy_move_a2ILb1EPdS0_ET1_T0_S2_S1_
                0x000000000800253a       0x20 ./Core/Src/filter.o
                0x000000000800253a                double* std::__copy_move_a2<true, double*, double*>(double*, double*, double*)
 .text._ZNSt11__copy_moveILb1ELb1ESt26random_access_iterator_tagE8__copy_mIdEEPT_PKS3_S6_S4_
                0x000000000800255a       0x3a ./Core/Src/filter.o
                0x000000000800255a                double* std::__copy_move<true, true, std::random_access_iterator_tag>::__copy_m<double>(double const*, double const*, double*)
 .text._ZN17HallEncoderDriver10get_thetadEv
                0x0000000008002594       0x20 ./Core/Src/hall_encoder.o
                0x0000000008002594                HallEncoderDriver::get_thetad()
 .text.main     0x00000000080025b4       0x44 ./Core/Src/main.o
                0x00000000080025b4                main
 .text.SystemClock_Config
                0x00000000080025f8       0x98 ./Core/Src/main.o
                0x00000000080025f8                SystemClock_Config
 .text.MX_ADC1_Init
                0x0000000008002690      0x130 ./Core/Src/main.o
 .text.MX_ADC2_Init
                0x00000000080027c0       0xcc ./Core/Src/main.o
 .text.MX_FDCAN1_Init
                0x000000000800288c       0x8c ./Core/Src/main.o
 .text.MX_SPI3_Init
                0x0000000008002918       0x7c ./Core/Src/main.o
 .text.MX_TIM2_Init
                0x0000000008002994       0xe8 ./Core/Src/main.o
 .text.MX_TIM3_Init
                0x0000000008002a7c      0x110 ./Core/Src/main.o
 .text.MX_DMA_Init
                0x0000000008002b8c       0x54 ./Core/Src/main.o
 .text.MX_GPIO_Init
                0x0000000008002be0       0xdc ./Core/Src/main.o
 .text.Error_Handler
                0x0000000008002cbc        0xa ./Core/Src/main.o
                0x0000000008002cbc                Error_Handler
 *fill*         0x0000000008002cc6        0x2 
 .text.setup    0x0000000008002cc8       0x48 ./Core/Src/main_bridge.o
                0x0000000008002cc8                setup
 .text.loop     0x0000000008002d10       0x1e ./Core/Src/main_bridge.o
                0x0000000008002d10                loop
 .text._Z7tf_parkddd
                0x0000000008002d2e       0xda ./Core/Src/math_utils.o
                0x0000000008002d2e                tf_park(double, double, double)
 .text._Z9tf_clarkeddd
                0x0000000008002e08       0xa4 ./Core/Src/math_utils.o
                0x0000000008002e08                tf_clarke(double, double, double)
 .text.HAL_MspInit
                0x0000000008002eac       0x48 ./Core/Src/stm32g4xx_hal_msp.o
                0x0000000008002eac                HAL_MspInit
 .text.HAL_ADC_MspInit
                0x0000000008002ef4      0x210 ./Core/Src/stm32g4xx_hal_msp.o
                0x0000000008002ef4                HAL_ADC_MspInit
 .text.HAL_FDCAN_MspInit
                0x0000000008003104       0xb4 ./Core/Src/stm32g4xx_hal_msp.o
                0x0000000008003104                HAL_FDCAN_MspInit
 .text.HAL_SPI_MspInit
                0x00000000080031b8       0x88 ./Core/Src/stm32g4xx_hal_msp.o
                0x00000000080031b8                HAL_SPI_MspInit
 .text.HAL_TIM_Base_MspInit
                0x0000000008003240       0xbc ./Core/Src/stm32g4xx_hal_msp.o
                0x0000000008003240                HAL_TIM_Base_MspInit
 .text.NMI_Handler
                0x00000000080032fc        0x6 ./Core/Src/stm32g4xx_it.o
                0x00000000080032fc                NMI_Handler
 .text.HardFault_Handler
                0x0000000008003302        0x6 ./Core/Src/stm32g4xx_it.o
                0x0000000008003302                HardFault_Handler
 .text.MemManage_Handler
                0x0000000008003308        0x6 ./Core/Src/stm32g4xx_it.o
                0x0000000008003308                MemManage_Handler
 .text.BusFault_Handler
                0x000000000800330e        0x6 ./Core/Src/stm32g4xx_it.o
                0x000000000800330e                BusFault_Handler
 .text.UsageFault_Handler
                0x0000000008003314        0x6 ./Core/Src/stm32g4xx_it.o
                0x0000000008003314                UsageFault_Handler
 .text.SVC_Handler
                0x000000000800331a        0xe ./Core/Src/stm32g4xx_it.o
                0x000000000800331a                SVC_Handler
 .text.DebugMon_Handler
                0x0000000008003328        0xe ./Core/Src/stm32g4xx_it.o
                0x0000000008003328                DebugMon_Handler
 .text.PendSV_Handler
                0x0000000008003336        0xe ./Core/Src/stm32g4xx_it.o
                0x0000000008003336                PendSV_Handler
 .text.SysTick_Handler
                0x0000000008003344        0xc ./Core/Src/stm32g4xx_it.o
                0x0000000008003344                SysTick_Handler
 .text.DMA1_Channel1_IRQHandler
                0x0000000008003350       0x14 ./Core/Src/stm32g4xx_it.o
                0x0000000008003350                DMA1_Channel1_IRQHandler
 .text.TIM2_IRQHandler
                0x0000000008003364       0x14 ./Core/Src/stm32g4xx_it.o
                0x0000000008003364                TIM2_IRQHandler
 .text._getpid  0x0000000008003378       0x10 ./Core/Src/syscalls.o
                0x0000000008003378                _getpid
 .text._kill    0x0000000008003388       0x20 ./Core/Src/syscalls.o
                0x0000000008003388                _kill
 .text._exit    0x00000000080033a8       0x14 ./Core/Src/syscalls.o
                0x00000000080033a8                _exit
 .text._sbrk    0x00000000080033bc       0x6c ./Core/Src/sysmem.o
                0x00000000080033bc                _sbrk
 .text.SystemInit
                0x0000000008003428       0x24 ./Core/Src/system_stm32g4xx.o
                0x0000000008003428                SystemInit
 .text.Reset_Handler
                0x000000000800344c       0x50 ./Core/Startup/startup_stm32g473vetx.o
                0x000000000800344c                Reset_Handler
 .text.Default_Handler
                0x000000000800349c        0x2 ./Core/Startup/startup_stm32g473vetx.o
                0x000000000800349c                RTC_Alarm_IRQHandler
                0x000000000800349c                EXTI2_IRQHandler
                0x000000000800349c                TIM8_TRG_COM_IRQHandler
                0x000000000800349c                TIM8_CC_IRQHandler
                0x000000000800349c                SPI4_IRQHandler
                0x000000000800349c                FDCAN3_IT0_IRQHandler
                0x000000000800349c                TIM1_CC_IRQHandler
                0x000000000800349c                USB_HP_IRQHandler
                0x000000000800349c                CORDIC_IRQHandler
                0x000000000800349c                DMA2_Channel8_IRQHandler
                0x000000000800349c                EXTI3_IRQHandler
                0x000000000800349c                I2C3_ER_IRQHandler
                0x000000000800349c                EXTI0_IRQHandler
                0x000000000800349c                I2C2_EV_IRQHandler
                0x000000000800349c                FPU_IRQHandler
                0x000000000800349c                FDCAN1_IT1_IRQHandler
                0x000000000800349c                TIM1_UP_TIM16_IRQHandler
                0x000000000800349c                ADC1_2_IRQHandler
                0x000000000800349c                SPI1_IRQHandler
                0x000000000800349c                TIM6_DAC_IRQHandler
                0x000000000800349c                TIM8_UP_IRQHandler
                0x000000000800349c                DMA2_Channel2_IRQHandler
                0x000000000800349c                DMA1_Channel4_IRQHandler
                0x000000000800349c                TIM20_TRG_COM_IRQHandler
                0x000000000800349c                USART3_IRQHandler
                0x000000000800349c                DMA1_Channel7_IRQHandler
                0x000000000800349c                UART5_IRQHandler
                0x000000000800349c                ADC3_IRQHandler
                0x000000000800349c                TIM4_IRQHandler
                0x000000000800349c                DMA2_Channel1_IRQHandler
                0x000000000800349c                QUADSPI_IRQHandler
                0x000000000800349c                I2C1_EV_IRQHandler
                0x000000000800349c                DMA1_Channel6_IRQHandler
                0x000000000800349c                UART4_IRQHandler
                0x000000000800349c                DMA2_Channel4_IRQHandler
                0x000000000800349c                TIM3_IRQHandler
                0x000000000800349c                RCC_IRQHandler
                0x000000000800349c                TIM20_UP_IRQHandler
                0x000000000800349c                Default_Handler
                0x000000000800349c                DMA2_Channel7_IRQHandler
                0x000000000800349c                RTC_TAMP_LSECSS_IRQHandler
                0x000000000800349c                FMAC_IRQHandler
                0x000000000800349c                EXTI15_10_IRQHandler
                0x000000000800349c                DMA1_Channel8_IRQHandler
                0x000000000800349c                TIM7_DAC_IRQHandler
                0x000000000800349c                FDCAN3_IT1_IRQHandler
                0x000000000800349c                TIM5_IRQHandler
                0x000000000800349c                UCPD1_IRQHandler
                0x000000000800349c                I2C3_EV_IRQHandler
                0x000000000800349c                EXTI9_5_IRQHandler
                0x000000000800349c                RTC_WKUP_IRQHandler
                0x000000000800349c                PVD_PVM_IRQHandler
                0x000000000800349c                SPI2_IRQHandler
                0x000000000800349c                ADC5_IRQHandler
                0x000000000800349c                DMA2_Channel5_IRQHandler
                0x000000000800349c                CRS_IRQHandler
                0x000000000800349c                DMA1_Channel5_IRQHandler
                0x000000000800349c                USB_LP_IRQHandler
                0x000000000800349c                EXTI4_IRQHandler
                0x000000000800349c                RNG_IRQHandler
                0x000000000800349c                TIM1_TRG_COM_TIM17_IRQHandler
                0x000000000800349c                FDCAN2_IT1_IRQHandler
                0x000000000800349c                DMA1_Channel3_IRQHandler
                0x000000000800349c                ADC4_IRQHandler
                0x000000000800349c                WWDG_IRQHandler
                0x000000000800349c                I2C4_EV_IRQHandler
                0x000000000800349c                FDCAN2_IT0_IRQHandler
                0x000000000800349c                LPUART1_IRQHandler
                0x000000000800349c                DMA2_Channel6_IRQHandler
                0x000000000800349c                FDCAN1_IT0_IRQHandler
                0x000000000800349c                COMP7_IRQHandler
                0x000000000800349c                COMP1_2_3_IRQHandler
                0x000000000800349c                EXTI1_IRQHandler
                0x000000000800349c                USART2_IRQHandler
                0x000000000800349c                COMP4_5_6_IRQHandler
                0x000000000800349c                TIM20_BRK_IRQHandler
                0x000000000800349c                I2C2_ER_IRQHandler
                0x000000000800349c                DMA1_Channel2_IRQHandler
                0x000000000800349c                TIM8_BRK_IRQHandler
                0x000000000800349c                FLASH_IRQHandler
                0x000000000800349c                TIM20_CC_IRQHandler
                0x000000000800349c                USART1_IRQHandler
                0x000000000800349c                SPI3_IRQHandler
                0x000000000800349c                I2C1_ER_IRQHandler
                0x000000000800349c                FMC_IRQHandler
                0x000000000800349c                LPTIM1_IRQHandler
                0x000000000800349c                DMAMUX_OVR_IRQHandler
                0x000000000800349c                I2C4_ER_IRQHandler
                0x000000000800349c                USBWakeUp_IRQHandler
                0x000000000800349c                SAI1_IRQHandler
                0x000000000800349c                DMA2_Channel3_IRQHandler
                0x000000000800349c                TIM1_BRK_TIM15_IRQHandler
 .text.HAL_Init
                0x000000000800349e       0x30 ./Drivers/STM32G4xx_HAL_Driver/Src/stm32g4xx_hal.o
                0x000000000800349e                HAL_Init
 *fill*         0x00000000080034ce        0x2 
 .text.HAL_InitTick
                0x00000000080034d0       0x74 ./Drivers/STM32G4xx_HAL_Driver/Src/stm32g4xx_hal.o
                0x00000000080034d0                HAL_InitTick
 .text.HAL_IncTick
                0x0000000008003544       0x24 ./Drivers/STM32G4xx_HAL_Driver/Src/stm32g4xx_hal.o
                0x0000000008003544                HAL_IncTick
 .text.HAL_GetTick
                0x0000000008003568       0x18 ./Drivers/STM32G4xx_HAL_Driver/Src/stm32g4xx_hal.o
                0x0000000008003568                HAL_GetTick
 .text.HAL_Delay
                0x0000000008003580       0x44 ./Drivers/STM32G4xx_HAL_Driver/Src/stm32g4xx_hal.o
                0x0000000008003580                HAL_Delay
 .text.LL_ADC_SetCommonClock
                0x00000000080035c4       0x26 ./Drivers/STM32G4xx_HAL_Driver/Src/stm32g4xx_hal_adc.o
 .text.LL_ADC_SetCommonPathInternalCh
                0x00000000080035ea       0x26 ./Drivers/STM32G4xx_HAL_Driver/Src/stm32g4xx_hal_adc.o
 .text.LL_ADC_GetCommonPathInternalCh
                0x0000000008003610       0x1c ./Drivers/STM32G4xx_HAL_Driver/Src/stm32g4xx_hal_adc.o
 .text.LL_ADC_SetOffset
                0x000000000800362c       0x48 ./Drivers/STM32G4xx_HAL_Driver/Src/stm32g4xx_hal_adc.o
 .text.LL_ADC_GetOffsetChannel
                0x0000000008003674       0x2c ./Drivers/STM32G4xx_HAL_Driver/Src/stm32g4xx_hal_adc.o
 .text.LL_ADC_SetOffsetState
                0x00000000080036a0       0x36 ./Drivers/STM32G4xx_HAL_Driver/Src/stm32g4xx_hal_adc.o
 .text.LL_ADC_SetOffsetSign
                0x00000000080036d6       0x36 ./Drivers/STM32G4xx_HAL_Driver/Src/stm32g4xx_hal_adc.o
 .text.LL_ADC_SetOffsetSaturation
                0x000000000800370c       0x36 ./Drivers/STM32G4xx_HAL_Driver/Src/stm32g4xx_hal_adc.o
 .text.LL_ADC_SetSamplingTimeCommonConfig
                0x0000000008003742       0x26 ./Drivers/STM32G4xx_HAL_Driver/Src/stm32g4xx_hal_adc.o
 .text.LL_ADC_REG_IsTriggerSourceSWStart
                0x0000000008003768       0x26 ./Drivers/STM32G4xx_HAL_Driver/Src/stm32g4xx_hal_adc.o
 .text.LL_ADC_REG_SetSequencerRanks
                0x000000000800378e       0x58 ./Drivers/STM32G4xx_HAL_Driver/Src/stm32g4xx_hal_adc.o
 .text.LL_ADC_SetChannelSamplingTime
                0x00000000080037e6       0x56 ./Drivers/STM32G4xx_HAL_Driver/Src/stm32g4xx_hal_adc.o
 .text.LL_ADC_SetChannelSingleDiff
                0x000000000800383c       0x50 ./Drivers/STM32G4xx_HAL_Driver/Src/stm32g4xx_hal_adc.o
 .text.LL_ADC_GetMultimode
                0x000000000800388c       0x1c ./Drivers/STM32G4xx_HAL_Driver/Src/stm32g4xx_hal_adc.o
 .text.LL_ADC_DisableDeepPowerDown
                0x00000000080038a8       0x24 ./Drivers/STM32G4xx_HAL_Driver/Src/stm32g4xx_hal_adc.o
 .text.LL_ADC_IsDeepPowerDownEnabled
                0x00000000080038cc       0x28 ./Drivers/STM32G4xx_HAL_Driver/Src/stm32g4xx_hal_adc.o
 .text.LL_ADC_EnableInternalRegulator
                0x00000000080038f4       0x28 ./Drivers/STM32G4xx_HAL_Driver/Src/stm32g4xx_hal_adc.o
 .text.LL_ADC_IsInternalRegulatorEnabled
                0x000000000800391c       0x28 ./Drivers/STM32G4xx_HAL_Driver/Src/stm32g4xx_hal_adc.o
 .text.LL_ADC_Enable
                0x0000000008003944       0x28 ./Drivers/STM32G4xx_HAL_Driver/Src/stm32g4xx_hal_adc.o
 .text.LL_ADC_Disable
                0x000000000800396c       0x28 ./Drivers/STM32G4xx_HAL_Driver/Src/stm32g4xx_hal_adc.o
 .text.LL_ADC_IsEnabled
                0x0000000008003994       0x26 ./Drivers/STM32G4xx_HAL_Driver/Src/stm32g4xx_hal_adc.o
 .text.LL_ADC_IsDisableOngoing
                0x00000000080039ba       0x26 ./Drivers/STM32G4xx_HAL_Driver/Src/stm32g4xx_hal_adc.o
 .text.LL_ADC_REG_StartConversion
                0x00000000080039e0       0x28 ./Drivers/STM32G4xx_HAL_Driver/Src/stm32g4xx_hal_adc.o
 .text.LL_ADC_REG_IsConversionOngoing
                0x0000000008003a08       0x26 ./Drivers/STM32G4xx_HAL_Driver/Src/stm32g4xx_hal_adc.o
 .text.LL_ADC_INJ_IsConversionOngoing
                0x0000000008003a2e       0x26 ./Drivers/STM32G4xx_HAL_Driver/Src/stm32g4xx_hal_adc.o
 .text.HAL_ADC_Init
                0x0000000008003a54      0x384 ./Drivers/STM32G4xx_HAL_Driver/Src/stm32g4xx_hal_adc.o
                0x0000000008003a54                HAL_ADC_Init
 .text.HAL_ADC_Start_DMA
                0x0000000008003dd8      0x1a8 ./Drivers/STM32G4xx_HAL_Driver/Src/stm32g4xx_hal_adc.o
                0x0000000008003dd8                HAL_ADC_Start_DMA
 .text.HAL_ADC_ConvCpltCallback
                0x0000000008003f80       0x14 ./Drivers/STM32G4xx_HAL_Driver/Src/stm32g4xx_hal_adc.o
                0x0000000008003f80                HAL_ADC_ConvCpltCallback
 .text.HAL_ADC_ConvHalfCpltCallback
                0x0000000008003f94       0x14 ./Drivers/STM32G4xx_HAL_Driver/Src/stm32g4xx_hal_adc.o
                0x0000000008003f94                HAL_ADC_ConvHalfCpltCallback
 .text.HAL_ADC_ErrorCallback
                0x0000000008003fa8       0x14 ./Drivers/STM32G4xx_HAL_Driver/Src/stm32g4xx_hal_adc.o
                0x0000000008003fa8                HAL_ADC_ErrorCallback
 .text.HAL_ADC_ConfigChannel
                0x0000000008003fbc      0x880 ./Drivers/STM32G4xx_HAL_Driver/Src/stm32g4xx_hal_adc.o
                0x0000000008003fbc                HAL_ADC_ConfigChannel
 .text.ADC_Enable
                0x000000000800483c       0xc4 ./Drivers/STM32G4xx_HAL_Driver/Src/stm32g4xx_hal_adc.o
                0x000000000800483c                ADC_Enable
 .text.ADC_Disable
                0x0000000008004900       0xbe ./Drivers/STM32G4xx_HAL_Driver/Src/stm32g4xx_hal_adc.o
                0x0000000008004900                ADC_Disable
 .text.ADC_DMAConvCplt
                0x00000000080049be       0xd8 ./Drivers/STM32G4xx_HAL_Driver/Src/stm32g4xx_hal_adc.o
                0x00000000080049be                ADC_DMAConvCplt
 .text.ADC_DMAHalfConvCplt
                0x0000000008004a96       0x1c ./Drivers/STM32G4xx_HAL_Driver/Src/stm32g4xx_hal_adc.o
                0x0000000008004a96                ADC_DMAHalfConvCplt
 .text.ADC_DMAError
                0x0000000008004ab2       0x34 ./Drivers/STM32G4xx_HAL_Driver/Src/stm32g4xx_hal_adc.o
                0x0000000008004ab2                ADC_DMAError
 .text.LL_ADC_IsEnabled
                0x0000000008004ae6       0x26 ./Drivers/STM32G4xx_HAL_Driver/Src/stm32g4xx_hal_adc_ex.o
 .text.LL_ADC_StartCalibration
                0x0000000008004b0c       0x32 ./Drivers/STM32G4xx_HAL_Driver/Src/stm32g4xx_hal_adc_ex.o
 .text.LL_ADC_IsCalibrationOnGoing
                0x0000000008004b3e       0x28 ./Drivers/STM32G4xx_HAL_Driver/Src/stm32g4xx_hal_adc_ex.o
 .text.LL_ADC_REG_IsConversionOngoing
                0x0000000008004b66       0x26 ./Drivers/STM32G4xx_HAL_Driver/Src/stm32g4xx_hal_adc_ex.o
 .text.HAL_ADCEx_Calibration_Start
                0x0000000008004b8c       0xc4 ./Drivers/STM32G4xx_HAL_Driver/Src/stm32g4xx_hal_adc_ex.o
                0x0000000008004b8c                HAL_ADCEx_Calibration_Start
 .text.HAL_ADCEx_MultiModeConfigChannel
                0x0000000008004c50      0x210 ./Drivers/STM32G4xx_HAL_Driver/Src/stm32g4xx_hal_adc_ex.o
                0x0000000008004c50                HAL_ADCEx_MultiModeConfigChannel
 .text.__NVIC_SetPriorityGrouping
                0x0000000008004e60       0x48 ./Drivers/STM32G4xx_HAL_Driver/Src/stm32g4xx_hal_cortex.o
 .text.__NVIC_GetPriorityGrouping
                0x0000000008004ea8       0x1c ./Drivers/STM32G4xx_HAL_Driver/Src/stm32g4xx_hal_cortex.o
 .text.__NVIC_EnableIRQ
                0x0000000008004ec4       0x3c ./Drivers/STM32G4xx_HAL_Driver/Src/stm32g4xx_hal_cortex.o
 .text.__NVIC_SetPriority
                0x0000000008004f00       0x54 ./Drivers/STM32G4xx_HAL_Driver/Src/stm32g4xx_hal_cortex.o
 .text.NVIC_EncodePriority
                0x0000000008004f54       0x66 ./Drivers/STM32G4xx_HAL_Driver/Src/stm32g4xx_hal_cortex.o
 *fill*         0x0000000008004fba        0x2 
 .text.SysTick_Config
                0x0000000008004fbc       0x44 ./Drivers/STM32G4xx_HAL_Driver/Src/stm32g4xx_hal_cortex.o
 .text.HAL_NVIC_SetPriorityGrouping
                0x0000000008005000       0x16 ./Drivers/STM32G4xx_HAL_Driver/Src/stm32g4xx_hal_cortex.o
                0x0000000008005000                HAL_NVIC_SetPriorityGrouping
 .text.HAL_NVIC_SetPriority
                0x0000000008005016       0x34 ./Drivers/STM32G4xx_HAL_Driver/Src/stm32g4xx_hal_cortex.o
                0x0000000008005016                HAL_NVIC_SetPriority
 .text.HAL_NVIC_EnableIRQ
                0x000000000800504a       0x1c ./Drivers/STM32G4xx_HAL_Driver/Src/stm32g4xx_hal_cortex.o
                0x000000000800504a                HAL_NVIC_EnableIRQ
 .text.HAL_SYSTICK_Config
                0x0000000008005066       0x18 ./Drivers/STM32G4xx_HAL_Driver/Src/stm32g4xx_hal_cortex.o
                0x0000000008005066                HAL_SYSTICK_Config
 *fill*         0x000000000800507e        0x2 
 .text.HAL_DMA_Init
                0x0000000008005080      0x150 ./Drivers/STM32G4xx_HAL_Driver/Src/stm32g4xx_hal_dma.o
                0x0000000008005080                HAL_DMA_Init
 .text.HAL_DMA_Start_IT
                0x00000000080051d0       0xf6 ./Drivers/STM32G4xx_HAL_Driver/Src/stm32g4xx_hal_dma.o
                0x00000000080051d0                HAL_DMA_Start_IT
 .text.HAL_DMA_IRQHandler
                0x00000000080052c6      0x15e ./Drivers/STM32G4xx_HAL_Driver/Src/stm32g4xx_hal_dma.o
                0x00000000080052c6                HAL_DMA_IRQHandler
 .text.DMA_SetConfig
                0x0000000008005424       0x7c ./Drivers/STM32G4xx_HAL_Driver/Src/stm32g4xx_hal_dma.o
 .text.DMA_CalcDMAMUXChannelBaseAndMask
                0x00000000080054a0       0x7c ./Drivers/STM32G4xx_HAL_Driver/Src/stm32g4xx_hal_dma.o
 .text.DMA_CalcDMAMUXRequestGenBaseAndMask
                0x000000000800551c       0x48 ./Drivers/STM32G4xx_HAL_Driver/Src/stm32g4xx_hal_dma.o
 .text.HAL_FDCAN_Init
                0x0000000008005564      0x2b4 ./Drivers/STM32G4xx_HAL_Driver/Src/stm32g4xx_hal_fdcan.o
                0x0000000008005564                HAL_FDCAN_Init
 .text.FDCAN_CalcultateRamBlockAddresses
                0x0000000008005818       0xd8 ./Drivers/STM32G4xx_HAL_Driver/Src/stm32g4xx_hal_fdcan.o
 .text.HAL_GPIO_Init
                0x00000000080058f0      0x304 ./Drivers/STM32G4xx_HAL_Driver/Src/stm32g4xx_hal_gpio.o
                0x00000000080058f0                HAL_GPIO_Init
 .text.HAL_GPIO_WritePin
                0x0000000008005bf4       0x30 ./Drivers/STM32G4xx_HAL_Driver/Src/stm32g4xx_hal_gpio.o
                0x0000000008005bf4                HAL_GPIO_WritePin
 .text.HAL_PWREx_ControlVoltageScaling
                0x0000000008005c24      0x148 ./Drivers/STM32G4xx_HAL_Driver/Src/stm32g4xx_hal_pwr_ex.o
                0x0000000008005c24                HAL_PWREx_ControlVoltageScaling
 .text.HAL_PWREx_DisableUCPDDeadBattery
                0x0000000008005d6c       0x20 ./Drivers/STM32G4xx_HAL_Driver/Src/stm32g4xx_hal_pwr_ex.o
                0x0000000008005d6c                HAL_PWREx_DisableUCPDDeadBattery
 .text.HAL_RCC_OscConfig
                0x0000000008005d8c      0x630 ./Drivers/STM32G4xx_HAL_Driver/Src/stm32g4xx_hal_rcc.o
                0x0000000008005d8c                HAL_RCC_OscConfig
 .text.HAL_RCC_ClockConfig
                0x00000000080063bc      0x278 ./Drivers/STM32G4xx_HAL_Driver/Src/stm32g4xx_hal_rcc.o
                0x00000000080063bc                HAL_RCC_ClockConfig
 .text.HAL_RCC_GetSysClockFreq
                0x0000000008006634       0xc4 ./Drivers/STM32G4xx_HAL_Driver/Src/stm32g4xx_hal_rcc.o
                0x0000000008006634                HAL_RCC_GetSysClockFreq
 .text.RCC_GetSysClockFreqFromPLLSource
                0x00000000080066f8       0x8c ./Drivers/STM32G4xx_HAL_Driver/Src/stm32g4xx_hal_rcc.o
 .text.HAL_RCCEx_PeriphCLKConfig
                0x0000000008006784      0x49c ./Drivers/STM32G4xx_HAL_Driver/Src/stm32g4xx_hal_rcc_ex.o
                0x0000000008006784                HAL_RCCEx_PeriphCLKConfig
 .text.HAL_SPI_Init
                0x0000000008006c20      0x156 ./Drivers/STM32G4xx_HAL_Driver/Src/stm32g4xx_hal_spi.o
                0x0000000008006c20                HAL_SPI_Init
 .text.HAL_TIM_Base_Init
                0x0000000008006d76       0xae ./Drivers/STM32G4xx_HAL_Driver/Src/stm32g4xx_hal_tim.o
                0x0000000008006d76                HAL_TIM_Base_Init
 .text.HAL_TIM_OC_Init
                0x0000000008006e24       0xae ./Drivers/STM32G4xx_HAL_Driver/Src/stm32g4xx_hal_tim.o
                0x0000000008006e24                HAL_TIM_OC_Init
 .text.HAL_TIM_OC_MspInit
                0x0000000008006ed2       0x14 ./Drivers/STM32G4xx_HAL_Driver/Src/stm32g4xx_hal_tim.o
                0x0000000008006ed2                HAL_TIM_OC_MspInit
 .text.HAL_TIM_IC_Init
                0x0000000008006ee6       0xae ./Drivers/STM32G4xx_HAL_Driver/Src/stm32g4xx_hal_tim.o
                0x0000000008006ee6                HAL_TIM_IC_Init
 .text.HAL_TIM_IC_MspInit
                0x0000000008006f94       0x14 ./Drivers/STM32G4xx_HAL_Driver/Src/stm32g4xx_hal_tim.o
                0x0000000008006f94                HAL_TIM_IC_MspInit
 .text.HAL_TIM_IRQHandler
                0x0000000008006fa8      0x2fe ./Drivers/STM32G4xx_HAL_Driver/Src/stm32g4xx_hal_tim.o
                0x0000000008006fa8                HAL_TIM_IRQHandler
 *fill*         0x00000000080072a6        0x2 
 .text.HAL_TIM_OC_ConfigChannel
                0x00000000080072a8       0xf4 ./Drivers/STM32G4xx_HAL_Driver/Src/stm32g4xx_hal_tim.o
                0x00000000080072a8                HAL_TIM_OC_ConfigChannel
 .text.HAL_TIM_IC_ConfigChannel
                0x000000000800739c      0x138 ./Drivers/STM32G4xx_HAL_Driver/Src/stm32g4xx_hal_tim.o
                0x000000000800739c                HAL_TIM_IC_ConfigChannel
 .text.HAL_TIM_ConfigClockSource
                0x00000000080074d4      0x218 ./Drivers/STM32G4xx_HAL_Driver/Src/stm32g4xx_hal_tim.o
                0x00000000080074d4                HAL_TIM_ConfigClockSource
 .text.HAL_TIM_OC_DelayElapsedCallback
                0x00000000080076ec       0x14 ./Drivers/STM32G4xx_HAL_Driver/Src/stm32g4xx_hal_tim.o
                0x00000000080076ec                HAL_TIM_OC_DelayElapsedCallback
 .text.HAL_TIM_IC_CaptureCallback
                0x0000000008007700       0x14 ./Drivers/STM32G4xx_HAL_Driver/Src/stm32g4xx_hal_tim.o
                0x0000000008007700                HAL_TIM_IC_CaptureCallback
 .text.HAL_TIM_PWM_PulseFinishedCallback
                0x0000000008007714       0x14 ./Drivers/STM32G4xx_HAL_Driver/Src/stm32g4xx_hal_tim.o
                0x0000000008007714                HAL_TIM_PWM_PulseFinishedCallback
 .text.HAL_TIM_TriggerCallback
                0x0000000008007728       0x14 ./Drivers/STM32G4xx_HAL_Driver/Src/stm32g4xx_hal_tim.o
                0x0000000008007728                HAL_TIM_TriggerCallback
 .text.TIM_Base_SetConfig
                0x000000000800773c      0x150 ./Drivers/STM32G4xx_HAL_Driver/Src/stm32g4xx_hal_tim.o
                0x000000000800773c                TIM_Base_SetConfig
 .text.TIM_OC1_SetConfig
                0x000000000800788c      0x134 ./Drivers/STM32G4xx_HAL_Driver/Src/stm32g4xx_hal_tim.o
 .text.TIM_OC2_SetConfig
                0x00000000080079c0      0x128 ./Drivers/STM32G4xx_HAL_Driver/Src/stm32g4xx_hal_tim.o
                0x00000000080079c0                TIM_OC2_SetConfig
 .text.TIM_OC3_SetConfig
                0x0000000008007ae8      0x124 ./Drivers/STM32G4xx_HAL_Driver/Src/stm32g4xx_hal_tim.o
 .text.TIM_OC4_SetConfig
                0x0000000008007c0c      0x128 ./Drivers/STM32G4xx_HAL_Driver/Src/stm32g4xx_hal_tim.o
 .text.TIM_OC5_SetConfig
                0x0000000008007d34       0xd4 ./Drivers/STM32G4xx_HAL_Driver/Src/stm32g4xx_hal_tim.o
 .text.TIM_OC6_SetConfig
                0x0000000008007e08       0xd8 ./Drivers/STM32G4xx_HAL_Driver/Src/stm32g4xx_hal_tim.o
 .text.TIM_TI1_SetConfig
                0x0000000008007ee0       0xe8 ./Drivers/STM32G4xx_HAL_Driver/Src/stm32g4xx_hal_tim.o
                0x0000000008007ee0                TIM_TI1_SetConfig
 .text.TIM_TI1_ConfigInputStage
                0x0000000008007fc8       0x5e ./Drivers/STM32G4xx_HAL_Driver/Src/stm32g4xx_hal_tim.o
 .text.TIM_TI2_SetConfig
                0x0000000008008026       0x7a ./Drivers/STM32G4xx_HAL_Driver/Src/stm32g4xx_hal_tim.o
 .text.TIM_TI2_ConfigInputStage
                0x00000000080080a0       0x60 ./Drivers/STM32G4xx_HAL_Driver/Src/stm32g4xx_hal_tim.o
 .text.TIM_TI3_SetConfig
                0x0000000008008100       0x78 ./Drivers/STM32G4xx_HAL_Driver/Src/stm32g4xx_hal_tim.o
 .text.TIM_TI4_SetConfig
                0x0000000008008178       0x7a ./Drivers/STM32G4xx_HAL_Driver/Src/stm32g4xx_hal_tim.o
 .text.TIM_ITRx_SetConfig
                0x00000000080081f2       0x3a ./Drivers/STM32G4xx_HAL_Driver/Src/stm32g4xx_hal_tim.o
 .text.TIM_ETR_SetConfig
                0x000000000800822c       0x40 ./Drivers/STM32G4xx_HAL_Driver/Src/stm32g4xx_hal_tim.o
                0x000000000800822c                TIM_ETR_SetConfig
 .text.HAL_TIMEx_MasterConfigSynchronization
                0x000000000800826c      0x12c ./Drivers/STM32G4xx_HAL_Driver/Src/stm32g4xx_hal_tim_ex.o
                0x000000000800826c                HAL_TIMEx_MasterConfigSynchronization
 .text.HAL_TIMEx_CommutCallback
                0x0000000008008398       0x14 ./Drivers/STM32G4xx_HAL_Driver/Src/stm32g4xx_hal_tim_ex.o
                0x0000000008008398                HAL_TIMEx_CommutCallback
 .text.HAL_TIMEx_BreakCallback
                0x00000000080083ac       0x14 ./Drivers/STM32G4xx_HAL_Driver/Src/stm32g4xx_hal_tim_ex.o
                0x00000000080083ac                HAL_TIMEx_BreakCallback
 .text.HAL_TIMEx_Break2Callback
                0x00000000080083c0       0x14 ./Drivers/STM32G4xx_HAL_Driver/Src/stm32g4xx_hal_tim_ex.o
                0x00000000080083c0                HAL_TIMEx_Break2Callback
 .text.HAL_TIMEx_EncoderIndexCallback
                0x00000000080083d4       0x14 ./Drivers/STM32G4xx_HAL_Driver/Src/stm32g4xx_hal_tim_ex.o
                0x00000000080083d4                HAL_TIMEx_EncoderIndexCallback
 .text.HAL_TIMEx_DirectionChangeCallback
                0x00000000080083e8       0x14 ./Drivers/STM32G4xx_HAL_Driver/Src/stm32g4xx_hal_tim_ex.o
                0x00000000080083e8                HAL_TIMEx_DirectionChangeCallback
 .text.HAL_TIMEx_IndexErrorCallback
                0x00000000080083fc       0x14 ./Drivers/STM32G4xx_HAL_Driver/Src/stm32g4xx_hal_tim_ex.o
                0x00000000080083fc                HAL_TIMEx_IndexErrorCallback
 .text.HAL_TIMEx_TransitionErrorCallback
                0x0000000008008410       0x14 ./Drivers/STM32G4xx_HAL_Driver/Src/stm32g4xx_hal_tim_ex.o
                0x0000000008008410                HAL_TIMEx_TransitionErrorCallback
 .text._ZdlPvj  0x0000000008008424        0x4 C:/ST/STM32CubeIDE_1.12.1/STM32CubeIDE/plugins/com.st.stm32cube.ide.mcu.externaltools.gnu-tools-for-stm32.11.3.rel1.win32_1.1.100.202309141235/tools/bin/../lib/gcc/arm-none-eabi/11.3.1/../../../../arm-none-eabi/lib/thumb/v7e-m+fp/hard\libstdc++_nano.a(del_ops.o)
                0x0000000008008424                operator delete(void*, unsigned int)
 .text._Znwj    0x0000000008008428       0x22 C:/ST/STM32CubeIDE_1.12.1/STM32CubeIDE/plugins/com.st.stm32cube.ide.mcu.externaltools.gnu-tools-for-stm32.11.3.rel1.win32_1.1.100.202309141235/tools/bin/../lib/gcc/arm-none-eabi/11.3.1/../../../../arm-none-eabi/lib/thumb/v7e-m+fp/hard\libstdc++_nano.a(new_op.o)
                0x0000000008008428                operator new(unsigned int)
 .text.unlikely._ZSt17__throw_bad_allocv
                0x000000000800844a        0x6 C:/ST/STM32CubeIDE_1.12.1/STM32CubeIDE/plugins/com.st.stm32cube.ide.mcu.externaltools.gnu-tools-for-stm32.11.3.rel1.win32_1.1.100.202309141235/tools/bin/../lib/gcc/arm-none-eabi/11.3.1/../../../../arm-none-eabi/lib/thumb/v7e-m+fp/hard\libstdc++_nano.a(functexcept.o)
                0x000000000800844a                std::__throw_bad_alloc()
 .text.unlikely._ZSt28__throw_bad_array_new_lengthv
                0x0000000008008450        0x6 C:/ST/STM32CubeIDE_1.12.1/STM32CubeIDE/plugins/com.st.stm32cube.ide.mcu.externaltools.gnu-tools-for-stm32.11.3.rel1.win32_1.1.100.202309141235/tools/bin/../lib/gcc/arm-none-eabi/11.3.1/../../../../arm-none-eabi/lib/thumb/v7e-m+fp/hard\libstdc++_nano.a(functexcept.o)
                0x0000000008008450                std::__throw_bad_array_new_length()
 .text.unlikely._ZSt20__throw_length_errorPKc
                0x0000000008008456        0x6 C:/ST/STM32CubeIDE_1.12.1/STM32CubeIDE/plugins/com.st.stm32cube.ide.mcu.externaltools.gnu-tools-for-stm32.11.3.rel1.win32_1.1.100.202309141235/tools/bin/../lib/gcc/arm-none-eabi/11.3.1/../../../../arm-none-eabi/lib/thumb/v7e-m+fp/hard\libstdc++_nano.a(functexcept.o)
                0x0000000008008456                std::__throw_length_error(char const*)
 .text._ZdlPv   0x000000000800845c        0x4 C:/ST/STM32CubeIDE_1.12.1/STM32CubeIDE/plugins/com.st.stm32cube.ide.mcu.externaltools.gnu-tools-for-stm32.11.3.rel1.win32_1.1.100.202309141235/tools/bin/../lib/gcc/arm-none-eabi/11.3.1/../../../../arm-none-eabi/lib/thumb/v7e-m+fp/hard\libstdc++_nano.a(del_op.o)
                0x000000000800845c                operator delete(void*)
 .text._ZSt15get_new_handlerv
                0x0000000008008460       0x10 C:/ST/STM32CubeIDE_1.12.1/STM32CubeIDE/plugins/com.st.stm32cube.ide.mcu.externaltools.gnu-tools-for-stm32.11.3.rel1.win32_1.1.100.202309141235/tools/bin/../lib/gcc/arm-none-eabi/11.3.1/../../../../arm-none-eabi/lib/thumb/v7e-m+fp/hard\libstdc++_nano.a(new_handler.o)
                0x0000000008008460                std::get_new_handler()
 .text.cos      0x0000000008008470       0xa8 C:/ST/STM32CubeIDE_1.12.1/STM32CubeIDE/plugins/com.st.stm32cube.ide.mcu.externaltools.gnu-tools-for-stm32.11.3.rel1.win32_1.1.100.202309141235/tools/bin/../lib/gcc/arm-none-eabi/11.3.1/../../../../arm-none-eabi/lib/thumb/v7e-m+fp/hard\libm.a(libm_a-s_cos.o)
                0x0000000008008470                cos
 .text.sin      0x0000000008008518       0xb0 C:/ST/STM32CubeIDE_1.12.1/STM32CubeIDE/plugins/com.st.stm32cube.ide.mcu.externaltools.gnu-tools-for-stm32.11.3.rel1.win32_1.1.100.202309141235/tools/bin/../lib/gcc/arm-none-eabi/11.3.1/../../../../arm-none-eabi/lib/thumb/v7e-m+fp/hard\libm.a(libm_a-s_sin.o)
                0x0000000008008518                sin
 .text.__kernel_cos
                0x00000000080085c8      0x18c C:/ST/STM32CubeIDE_1.12.1/STM32CubeIDE/plugins/com.st.stm32cube.ide.mcu.externaltools.gnu-tools-for-stm32.11.3.rel1.win32_1.1.100.202309141235/tools/bin/../lib/gcc/arm-none-eabi/11.3.1/../../../../arm-none-eabi/lib/thumb/v7e-m+fp/hard\libm.a(libm_a-k_cos.o)
                0x00000000080085c8                __kernel_cos
 *fill*         0x0000000008008754        0x4 
 .text.__kernel_sin
                0x0000000008008758      0x17c C:/ST/STM32CubeIDE_1.12.1/STM32CubeIDE/plugins/com.st.stm32cube.ide.mcu.externaltools.gnu-tools-for-stm32.11.3.rel1.win32_1.1.100.202309141235/tools/bin/../lib/gcc/arm-none-eabi/11.3.1/../../../../arm-none-eabi/lib/thumb/v7e-m+fp/hard\libm.a(libm_a-k_sin.o)
                0x0000000008008758                __kernel_sin
 *fill*         0x00000000080088d4        0x4 
 .text.__ieee754_rem_pio2
                0x00000000080088d8      0x40c C:/ST/STM32CubeIDE_1.12.1/STM32CubeIDE/plugins/com.st.stm32cube.ide.mcu.externaltools.gnu-tools-for-stm32.11.3.rel1.win32_1.1.100.202309141235/tools/bin/../lib/gcc/arm-none-eabi/11.3.1/../../../../arm-none-eabi/lib/thumb/v7e-m+fp/hard\libm.a(libm_a-e_rem_pio2.o)
                0x00000000080088d8                __ieee754_rem_pio2
 .text.fabs     0x0000000008008ce4       0x12 C:/ST/STM32CubeIDE_1.12.1/STM32CubeIDE/plugins/com.st.stm32cube.ide.mcu.externaltools.gnu-tools-for-stm32.11.3.rel1.win32_1.1.100.202309141235/tools/bin/../lib/gcc/arm-none-eabi/11.3.1/../../../../arm-none-eabi/lib/thumb/v7e-m+fp/hard\libm.a(libm_a-s_fabs.o)
                0x0000000008008ce4                fabs
 *fill*         0x0000000008008cf6        0x2 
 .text.__kernel_rem_pio2
                0x0000000008008cf8      0x69c C:/ST/STM32CubeIDE_1.12.1/STM32CubeIDE/plugins/com.st.stm32cube.ide.mcu.externaltools.gnu-tools-for-stm32.11.3.rel1.win32_1.1.100.202309141235/tools/bin/../lib/gcc/arm-none-eabi/11.3.1/../../../../arm-none-eabi/lib/thumb/v7e-m+fp/hard\libm.a(libm_a-k_rem_pio2.o)
                0x0000000008008cf8                __kernel_rem_pio2
 *fill*         0x0000000008009394        0x4 
 .text.scalbn   0x0000000008009398       0xfc C:/ST/STM32CubeIDE_1.12.1/STM32CubeIDE/plugins/com.st.stm32cube.ide.mcu.externaltools.gnu-tools-for-stm32.11.3.rel1.win32_1.1.100.202309141235/tools/bin/../lib/gcc/arm-none-eabi/11.3.1/../../../../arm-none-eabi/lib/thumb/v7e-m+fp/hard\libm.a(libm_a-s_scalbn.o)
                0x0000000008009398                scalbn
 *fill*         0x0000000008009494        0x4 
 .text.floor    0x0000000008009498      0x100 C:/ST/STM32CubeIDE_1.12.1/STM32CubeIDE/plugins/com.st.stm32cube.ide.mcu.externaltools.gnu-tools-for-stm32.11.3.rel1.win32_1.1.100.202309141235/tools/bin/../lib/gcc/arm-none-eabi/11.3.1/../../../../arm-none-eabi/lib/thumb/v7e-m+fp/hard\libm.a(libm_a-s_floor.o)
                0x0000000008009498                floor
 .text.abort    0x0000000008009598        0xe C:/ST/STM32CubeIDE_1.12.1/STM32CubeIDE/plugins/com.st.stm32cube.ide.mcu.externaltools.gnu-tools-for-stm32.11.3.rel1.win32_1.1.100.202309141235/tools/bin/../lib/gcc/arm-none-eabi/11.3.1/../../../../arm-none-eabi/lib/thumb/v7e-m+fp/hard\libc_nano.a(libc_a-abort.o)
                0x0000000008009598                abort
 *fill*         0x00000000080095a6        0x2 
 .text.malloc   0x00000000080095a8       0x10 C:/ST/STM32CubeIDE_1.12.1/STM32CubeIDE/plugins/com.st.stm32cube.ide.mcu.externaltools.gnu-tools-for-stm32.11.3.rel1.win32_1.1.100.202309141235/tools/bin/../lib/gcc/arm-none-eabi/11.3.1/../../../../arm-none-eabi/lib/thumb/v7e-m+fp/hard\libc_nano.a(libc_a-malloc.o)
                0x00000000080095a8                malloc
 .text.free     0x00000000080095b8       0x10 C:/ST/STM32CubeIDE_1.12.1/STM32CubeIDE/plugins/com.st.stm32cube.ide.mcu.externaltools.gnu-tools-for-stm32.11.3.rel1.win32_1.1.100.202309141235/tools/bin/../lib/gcc/arm-none-eabi/11.3.1/../../../../arm-none-eabi/lib/thumb/v7e-m+fp/hard\libc_nano.a(libc_a-malloc.o)
                0x00000000080095b8                free
 .text.sbrk_aligned
                0x00000000080095c8       0x40 C:/ST/STM32CubeIDE_1.12.1/STM32CubeIDE/plugins/com.st.stm32cube.ide.mcu.externaltools.gnu-tools-for-stm32.11.3.rel1.win32_1.1.100.202309141235/tools/bin/../lib/gcc/arm-none-eabi/11.3.1/../../../../arm-none-eabi/lib/thumb/v7e-m+fp/hard\libc_nano.a(libc_a-mallocr.o)
 .text._malloc_r
                0x0000000008009608      0x100 C:/ST/STM32CubeIDE_1.12.1/STM32CubeIDE/plugins/com.st.stm32cube.ide.mcu.externaltools.gnu-tools-for-stm32.11.3.rel1.win32_1.1.100.202309141235/tools/bin/../lib/gcc/arm-none-eabi/11.3.1/../../../../arm-none-eabi/lib/thumb/v7e-m+fp/hard\libc_nano.a(libc_a-mallocr.o)
                0x0000000008009608                _malloc_r
 .text.__malloc_lock
                0x0000000008009708        0xc C:/ST/STM32CubeIDE_1.12.1/STM32CubeIDE/plugins/com.st.stm32cube.ide.mcu.externaltools.gnu-tools-for-stm32.11.3.rel1.win32_1.1.100.202309141235/tools/bin/../lib/gcc/arm-none-eabi/11.3.1/../../../../arm-none-eabi/lib/thumb/v7e-m+fp/hard\libc_nano.a(libc_a-mlock.o)
                0x0000000008009708                __malloc_lock
 .text.__malloc_unlock
                0x0000000008009714        0xc C:/ST/STM32CubeIDE_1.12.1/STM32CubeIDE/plugins/com.st.stm32cube.ide.mcu.externaltools.gnu-tools-for-stm32.11.3.rel1.win32_1.1.100.202309141235/tools/bin/../lib/gcc/arm-none-eabi/11.3.1/../../../../arm-none-eabi/lib/thumb/v7e-m+fp/hard\libc_nano.a(libc_a-mlock.o)
                0x0000000008009714                __malloc_unlock
 .text.memmove  0x0000000008009720       0x34 C:/ST/STM32CubeIDE_1.12.1/STM32CubeIDE/plugins/com.st.stm32cube.ide.mcu.externaltools.gnu-tools-for-stm32.11.3.rel1.win32_1.1.100.202309141235/tools/bin/../lib/gcc/arm-none-eabi/11.3.1/../../../../arm-none-eabi/lib/thumb/v7e-m+fp/hard\libc_nano.a(libc_a-memmove.o)
                0x0000000008009720                memmove
 .text.memset   0x0000000008009754       0x10 C:/ST/STM32CubeIDE_1.12.1/STM32CubeIDE/plugins/com.st.stm32cube.ide.mcu.externaltools.gnu-tools-for-stm32.11.3.rel1.win32_1.1.100.202309141235/tools/bin/../lib/gcc/arm-none-eabi/11.3.1/../../../../arm-none-eabi/lib/thumb/v7e-m+fp/hard\libc_nano.a(libc_a-memset.o)
                0x0000000008009754                memset
 .text._raise_r
                0x0000000008009764       0x50 C:/ST/STM32CubeIDE_1.12.1/STM32CubeIDE/plugins/com.st.stm32cube.ide.mcu.externaltools.gnu-tools-for-stm32.11.3.rel1.win32_1.1.100.202309141235/tools/bin/../lib/gcc/arm-none-eabi/11.3.1/../../../../arm-none-eabi/lib/thumb/v7e-m+fp/hard\libc_nano.a(libc_a-signal.o)
                0x0000000008009764                _raise_r
 .text.raise    0x00000000080097b4       0x10 C:/ST/STM32CubeIDE_1.12.1/STM32CubeIDE/plugins/com.st.stm32cube.ide.mcu.externaltools.gnu-tools-for-stm32.11.3.rel1.win32_1.1.100.202309141235/tools/bin/../lib/gcc/arm-none-eabi/11.3.1/../../../../arm-none-eabi/lib/thumb/v7e-m+fp/hard\libc_nano.a(libc_a-signal.o)
                0x00000000080097b4                raise
 .text._kill_r  0x00000000080097c4       0x24 C:/ST/STM32CubeIDE_1.12.1/STM32CubeIDE/plugins/com.st.stm32cube.ide.mcu.externaltools.gnu-tools-for-stm32.11.3.rel1.win32_1.1.100.202309141235/tools/bin/../lib/gcc/arm-none-eabi/11.3.1/../../../../arm-none-eabi/lib/thumb/v7e-m+fp/hard\libc_nano.a(libc_a-signalr.o)
                0x00000000080097c4                _kill_r
 .text._getpid_r
                0x00000000080097e8        0x4 C:/ST/STM32CubeIDE_1.12.1/STM32CubeIDE/plugins/com.st.stm32cube.ide.mcu.externaltools.gnu-tools-for-stm32.11.3.rel1.win32_1.1.100.202309141235/tools/bin/../lib/gcc/arm-none-eabi/11.3.1/../../../../arm-none-eabi/lib/thumb/v7e-m+fp/hard\libc_nano.a(libc_a-signalr.o)
                0x00000000080097e8                _getpid_r
 .text._sbrk_r  0x00000000080097ec       0x20 C:/ST/STM32CubeIDE_1.12.1/STM32CubeIDE/plugins/com.st.stm32cube.ide.mcu.externaltools.gnu-tools-for-stm32.11.3.rel1.win32_1.1.100.202309141235/tools/bin/../lib/gcc/arm-none-eabi/11.3.1/../../../../arm-none-eabi/lib/thumb/v7e-m+fp/hard\libc_nano.a(libc_a-sbrkr.o)
                0x00000000080097ec                _sbrk_r
 .text.__errno  0x000000000800980c        0xc C:/ST/STM32CubeIDE_1.12.1/STM32CubeIDE/plugins/com.st.stm32cube.ide.mcu.externaltools.gnu-tools-for-stm32.11.3.rel1.win32_1.1.100.202309141235/tools/bin/../lib/gcc/arm-none-eabi/11.3.1/../../../../arm-none-eabi/lib/thumb/v7e-m+fp/hard\libc_nano.a(libc_a-errno.o)
                0x000000000800980c                __errno
 .text.__libc_init_array
                0x0000000008009818       0x48 C:/ST/STM32CubeIDE_1.12.1/STM32CubeIDE/plugins/com.st.stm32cube.ide.mcu.externaltools.gnu-tools-for-stm32.11.3.rel1.win32_1.1.100.202309141235/tools/bin/../lib/gcc/arm-none-eabi/11.3.1/../../../../arm-none-eabi/lib/thumb/v7e-m+fp/hard\libc_nano.a(libc_a-init.o)
                0x0000000008009818                __libc_init_array
 .text.__retarget_lock_acquire_recursive
                0x0000000008009860        0x2 C:/ST/STM32CubeIDE_1.12.1/STM32CubeIDE/plugins/com.st.stm32cube.ide.mcu.externaltools.gnu-tools-for-stm32.11.3.rel1.win32_1.1.100.202309141235/tools/bin/../lib/gcc/arm-none-eabi/11.3.1/../../../../arm-none-eabi/lib/thumb/v7e-m+fp/hard\libc_nano.a(libc_a-lock.o)
                0x0000000008009860                __retarget_lock_acquire_recursive
 .text.__retarget_lock_release_recursive
                0x0000000008009862        0x2 C:/ST/STM32CubeIDE_1.12.1/STM32CubeIDE/plugins/com.st.stm32cube.ide.mcu.externaltools.gnu-tools-for-stm32.11.3.rel1.win32_1.1.100.202309141235/tools/bin/../lib/gcc/arm-none-eabi/11.3.1/../../../../arm-none-eabi/lib/thumb/v7e-m+fp/hard\libc_nano.a(libc_a-lock.o)
                0x0000000008009862                __retarget_lock_release_recursive
 .text._free_r  0x0000000008009864       0x98 C:/ST/STM32CubeIDE_1.12.1/STM32CubeIDE/plugins/com.st.stm32cube.ide.mcu.externaltools.gnu-tools-for-stm32.11.3.rel1.win32_1.1.100.202309141235/tools/bin/../lib/gcc/arm-none-eabi/11.3.1/../../../../arm-none-eabi/lib/thumb/v7e-m+fp/hard\libc_nano.a(libc_a-freer.o)
                0x0000000008009864                _free_r
 *(.glue_7)
 .glue_7        0x00000000080098fc        0x0 linker stubs
 *(.glue_7t)
 .glue_7t       0x00000000080098fc        0x0 linker stubs
 *(.eh_frame)
 .eh_frame      0x00000000080098fc        0x0 C:/ST/STM32CubeIDE_1.12.1/STM32CubeIDE/plugins/com.st.stm32cube.ide.mcu.externaltools.gnu-tools-for-stm32.11.3.rel1.win32_1.1.100.202309141235/tools/bin/../lib/gcc/arm-none-eabi/11.3.1/thumb/v7e-m+fp/hard/crtbegin.o
 *(.init)
 .init          0x00000000080098fc        0x4 C:/ST/STM32CubeIDE_1.12.1/STM32CubeIDE/plugins/com.st.stm32cube.ide.mcu.externaltools.gnu-tools-for-stm32.11.3.rel1.win32_1.1.100.202309141235/tools/bin/../lib/gcc/arm-none-eabi/11.3.1/thumb/v7e-m+fp/hard/crti.o
                0x00000000080098fc                _init
 .init          0x0000000008009900        0x8 C:/ST/STM32CubeIDE_1.12.1/STM32CubeIDE/plugins/com.st.stm32cube.ide.mcu.externaltools.gnu-tools-for-stm32.11.3.rel1.win32_1.1.100.202309141235/tools/bin/../lib/gcc/arm-none-eabi/11.3.1/thumb/v7e-m+fp/hard/crtn.o
 *(.fini)
 .fini          0x0000000008009908        0x4 C:/ST/STM32CubeIDE_1.12.1/STM32CubeIDE/plugins/com.st.stm32cube.ide.mcu.externaltools.gnu-tools-for-stm32.11.3.rel1.win32_1.1.100.202309141235/tools/bin/../lib/gcc/arm-none-eabi/11.3.1/thumb/v7e-m+fp/hard/crti.o
                0x0000000008009908                _fini
 .fini          0x000000000800990c        0x8 C:/ST/STM32CubeIDE_1.12.1/STM32CubeIDE/plugins/com.st.stm32cube.ide.mcu.externaltools.gnu-tools-for-stm32.11.3.rel1.win32_1.1.100.202309141235/tools/bin/../lib/gcc/arm-none-eabi/11.3.1/thumb/v7e-m+fp/hard/crtn.o
                0x0000000008009914                . = ALIGN (0x4)
                0x0000000008009914                _etext = .

.vfp11_veneer   0x0000000008009914        0x0
 .vfp11_veneer  0x0000000008009914        0x0 linker stubs

.v4_bx          0x0000000008009914        0x0
 .v4_bx         0x0000000008009914        0x0 linker stubs

.iplt           0x0000000008009914        0x0
 .iplt          0x0000000008009914        0x0 C:/ST/STM32CubeIDE_1.12.1/STM32CubeIDE/plugins/com.st.stm32cube.ide.mcu.externaltools.gnu-tools-for-stm32.11.3.rel1.win32_1.1.100.202309141235/tools/bin/../lib/gcc/arm-none-eabi/11.3.1/thumb/v7e-m+fp/hard/crtbegin.o

.rodata         0x0000000008009918      0x230
                0x0000000008009918                . = ALIGN (0x4)
 *(.rodata)
 .rodata        0x0000000008009918       0x42 ./Core/Src/filter.o
 *(.rodata*)
 *fill*         0x000000000800995a        0x2 
 .rodata.AHBPrescTable
                0x000000000800995c       0x10 ./Core/Src/system_stm32g4xx.o
                0x000000000800995c                AHBPrescTable
 .rodata.npio2_hw
                0x000000000800996c       0x80 C:/ST/STM32CubeIDE_1.12.1/STM32CubeIDE/plugins/com.st.stm32cube.ide.mcu.externaltools.gnu-tools-for-stm32.11.3.rel1.win32_1.1.100.202309141235/tools/bin/../lib/gcc/arm-none-eabi/11.3.1/../../../../arm-none-eabi/lib/thumb/v7e-m+fp/hard\libm.a(libm_a-e_rem_pio2.o)
 .rodata.two_over_pi