../Core/Src/main.c:79:5:main	8	static
../Core/Src/main.c:132:6:SystemClock_Config	88	static
../Core/Src/main.c:179:13:MX_ADC1_Init	56	static
../Core/Src/main.c:265:13:MX_ADC2_Init	40	static
../Core/Src/main.c:324:13:MX_FDCAN1_Init	8	static
../Core/Src/main.c:367:13:MX_SPI3_Init	8	static
../Core/Src/main.c:407:13:MX_TIM2_Init	64	static
../Core/Src/main.c:465:13:MX_TIM3_Init	56	static
../Core/Src/main.c:529:13:MX_DMA_Init	16	static
../Core/Src/main.c:548:13:MX_GPIO_Init	48	static
../Core/Src/main.c:592:6:Error_Handler	4	static,ignoring_inline_asm
