../Core/Src/space_vector_pwm.cpp:15:1:SpaceVectorPWM::SpaceVectorPWM(double, TimerChannel_t, TimerChannel_t, TimerChannel_t)	32	static
../Core/Src/space_vector_pwm.cpp:28:6:void SpaceVectorPWM::setInputVoltages(double, double)	32	static
../Core/Src/space_vector_pwm.cpp:34:6:void SpaceVectorPWM::getDutyCycles(double&, double&, double&) const	24	static
../Core/Src/space_vector_pwm.cpp:41:9:uint8_t SpaceVectorPWM::calculate_sector()	80	static
../Core/Src/space_vector_pwm.cpp:69:6:void SpaceVectorPWM::calculate_XYZ()	32	static
../Core/Src/space_vector_pwm.cpp:78:27:std::pair<double, double> SpaceVectorPWM::calculate_vector_ontime(uint8_t)	56	static
../Core/Src/space_vector_pwm.cpp:106:6:void SpaceVectorPWM::calculate_relative_time_on(uint8_t, double)	56	static
../Core/Src/space_vector_pwm.cpp:121:6:void SpaceVectorPWM::calculateDutyCycles()	64	static
../Core/Src/space_vector_pwm.cpp:189:6:void SpaceVectorPWM::writePWM()	48	static
../Core/Src/space_vector_pwm.cpp:210:6:void SpaceVectorPWM::update()	32	static
